Component: ARM Compiler 5.06 update 5 (build 528) Tool: armlink [4d35e2]

==============================================================================

Section Cross References

    main.o(i.adcToString) refers to main.o(.data) for adcString
    main.o(i.main) refers to glcd_mcb1700.o(i.GLCD_Initialize) for GLCD_Initialize
    main.o(i.main) refers to adc_mcb1700.o(i.ADC_Initialize) for ADC_Initialize
    main.o(i.main) refers to glcd_mcb1700.o(i.GLCD_ClearScreen) for GLCD_ClearScreen
    main.o(i.main) refers to glcd_mcb1700.o(i.GLCD_SetBackgroundColor) for GLCD_SetBackgroundColor
    main.o(i.main) refers to glcd_mcb1700.o(i.GLCD_SetForegroundColor) for GLCD_SetForegroundColor
    main.o(i.main) refers to glcd_mcb1700.o(i.GLCD_SetFont) for GLCD_SetFont
    main.o(i.main) refers to glcd_mcb1700.o(i.GLCD_DrawString) for GLCD_DrawString
    main.o(i.main) refers to glcd_mcb1700.o(i.GLCD_DrawRectangle) for GLCD_DrawRectangle
    main.o(i.main) refers to adc_mcb1700.o(i.ADC_StartConversion) for ADC_StartConversion
    main.o(i.main) refers to adc_mcb1700.o(i.ADC_GetValue) for ADC_GetValue
    main.o(i.main) refers to main.o(i.adcToString) for adcToString
    main.o(i.main) refers to adc_mcb1700.o(i.ADC_GetResolution) for ADC_GetResolution
    main.o(i.main) refers to glcd_mcb1700.o(i.GLCD_DrawBargraph) for GLCD_DrawBargraph
    main.o(i.main) refers to glcd_fonts.o(.constdata) for GLCD_Font_16x24
    main.o(i.main) refers to main.o(.data) for adcValue
    adc_mcb1700.o(i.ADC_ConversionDone) refers to adc_mcb1700.o(.data) for AD_done
    adc_mcb1700.o(i.ADC_GetValue) refers to adc_mcb1700.o(.data) for AD_done
    adc_mcb1700.o(i.ADC_IRQHandler) refers to adc_mcb1700.o(.data) for AD_last
    adc_mcb1700.o(i.ADC_Initialize) refers to pin_lpc17xx.o(i.PIN_Configure) for PIN_Configure
    adc_mcb1700.o(i.ADC_Initialize) refers to adc_mcb1700.o(.constdata) for ADC_PIN
    adc_mcb1700.o(i.ADC_Uninitialize) refers to pin_lpc17xx.o(i.PIN_Configure) for PIN_Configure
    adc_mcb1700.o(i.ADC_Uninitialize) refers to adc_mcb1700.o(.constdata) for ADC_PIN
    glcd_mcb1700.o(i.GLCD_ClearScreen) refers to glcd_mcb1700.o(i.GLCD_WindowMax) for GLCD_WindowMax
    glcd_mcb1700.o(i.GLCD_ClearScreen) refers to glcd_mcb1700.o(i.wr_cmd) for wr_cmd
    glcd_mcb1700.o(i.GLCD_ClearScreen) refers to glcd_mcb1700.o(i.wr_dat_start) for wr_dat_start
    glcd_mcb1700.o(i.GLCD_ClearScreen) refers to glcd_mcb1700.o(i.wr_dat_only) for wr_dat_only
    glcd_mcb1700.o(i.GLCD_ClearScreen) refers to glcd_mcb1700.o(i.wr_dat_stop) for wr_dat_stop
    glcd_mcb1700.o(i.GLCD_ClearScreen) refers to glcd_mcb1700.o(.data) for background_color
    glcd_mcb1700.o(i.GLCD_DrawBargraph) refers to glcd_mcb1700.o(i.GLCD_SetWindow) for GLCD_SetWindow
    glcd_mcb1700.o(i.GLCD_DrawBargraph) refers to glcd_mcb1700.o(i.wr_cmd) for wr_cmd
    glcd_mcb1700.o(i.GLCD_DrawBargraph) refers to glcd_mcb1700.o(i.wr_dat_start) for wr_dat_start
    glcd_mcb1700.o(i.GLCD_DrawBargraph) refers to glcd_mcb1700.o(i.wr_dat_only) for wr_dat_only
    glcd_mcb1700.o(i.GLCD_DrawBargraph) refers to glcd_mcb1700.o(i.wr_dat_stop) for wr_dat_stop
    glcd_mcb1700.o(i.GLCD_DrawBargraph) refers to glcd_mcb1700.o(.data) for background_color
    glcd_mcb1700.o(i.GLCD_DrawBitmap) refers to glcd_mcb1700.o(i.GLCD_SetWindow) for GLCD_SetWindow
    glcd_mcb1700.o(i.GLCD_DrawBitmap) refers to glcd_mcb1700.o(i.wr_cmd) for wr_cmd
    glcd_mcb1700.o(i.GLCD_DrawBitmap) refers to glcd_mcb1700.o(i.wr_dat_start) for wr_dat_start
    glcd_mcb1700.o(i.GLCD_DrawBitmap) refers to glcd_mcb1700.o(i.wr_dat_only) for wr_dat_only
    glcd_mcb1700.o(i.GLCD_DrawBitmap) refers to glcd_mcb1700.o(i.wr_dat_stop) for wr_dat_stop
    glcd_mcb1700.o(i.GLCD_DrawChar) refers to glcd_mcb1700.o(i.GLCD_SetWindow) for GLCD_SetWindow
    glcd_mcb1700.o(i.GLCD_DrawChar) refers to glcd_mcb1700.o(i.wr_cmd) for wr_cmd
    glcd_mcb1700.o(i.GLCD_DrawChar) refers to glcd_mcb1700.o(i.wr_dat_start) for wr_dat_start
    glcd_mcb1700.o(i.GLCD_DrawChar) refers to glcd_mcb1700.o(i.wr_dat_only) for wr_dat_only
    glcd_mcb1700.o(i.GLCD_DrawChar) refers to glcd_mcb1700.o(i.wr_dat_stop) for wr_dat_stop
    glcd_mcb1700.o(i.GLCD_DrawChar) refers to glcd_mcb1700.o(.data) for active_font
    glcd_mcb1700.o(i.GLCD_DrawHLine) refers to glcd_mcb1700.o(i.GLCD_SetWindow) for GLCD_SetWindow
    glcd_mcb1700.o(i.GLCD_DrawHLine) refers to glcd_mcb1700.o(i.wr_cmd) for wr_cmd
    glcd_mcb1700.o(i.GLCD_DrawHLine) refers to glcd_mcb1700.o(i.wr_dat_start) for wr_dat_start
    glcd_mcb1700.o(i.GLCD_DrawHLine) refers to glcd_mcb1700.o(i.wr_dat_only) for wr_dat_only
    glcd_mcb1700.o(i.GLCD_DrawHLine) refers to glcd_mcb1700.o(i.wr_dat_stop) for wr_dat_stop
    glcd_mcb1700.o(i.GLCD_DrawHLine) refers to glcd_mcb1700.o(.data) for foreground_color
    glcd_mcb1700.o(i.GLCD_DrawPixel) refers to glcd_mcb1700.o(i.wr_reg) for wr_reg
    glcd_mcb1700.o(i.GLCD_DrawPixel) refers to glcd_mcb1700.o(i.wr_cmd) for wr_cmd
[...]
    i.GetSPIClockFreq                        0x000012a8   Section        0  spi_lpc17xx.o(i.GetSPIClockFreq)
    GetSPIClockFreq                          0x000012a9   Thumb Code    70  spi_lpc17xx.o(i.GetSPIClockFreq)
    i.GetSSPClockFreq                        0x000012f8   Section        0  ssp_lpc17xx.o(i.GetSSPClockFreq)
    GetSSPClockFreq                          0x000012f9   Thumb Code    64  ssp_lpc17xx.o(i.GetSSPClockFreq)
    i.PIN_Configure                          0x0000133c   Section        0  pin_lpc17xx.o(i.PIN_Configure)
    i.SPI_Control                            0x00001438   Section        0  spi_lpc17xx.o(i.SPI_Control)
    SPI_Control                              0x00001439   Thumb Code  1508  spi_lpc17xx.o(i.SPI_Control)
    i.SPI_GetCapabilities                    0x00001a20   Section        0  spi_lpc17xx.o(i.SPI_GetCapabilities)
    SPI_GetCapabilities                      0x00001a21   Thumb Code     6  spi_lpc17xx.o(i.SPI_GetCapabilities)
    i.SPI_GetDataCount                       0x00001a2c   Section        0  spi_lpc17xx.o(i.SPI_GetDataCount)
    SPI_GetDataCount                         0x00001a2d   Thumb Code    28  spi_lpc17xx.o(i.SPI_GetDataCount)
    i.SPI_GetStatus                          0x00001a4c   Section        0  spi_lpc17xx.o(i.SPI_GetStatus)
    SPI_GetStatus                            0x00001a4d   Thumb Code   100  spi_lpc17xx.o(i.SPI_GetStatus)
    i.SPI_GetVersion                         0x00001ab4   Section        0  spi_lpc17xx.o(i.SPI_GetVersion)
    SPI_GetVersion                           0x00001ab5   Thumb Code    10  spi_lpc17xx.o(i.SPI_GetVersion)
    i.SPI_IRQHandler                         0x00001ac4   Section        0  spi_lpc17xx.o(i.SPI_IRQHandler)
    i.SPI_Initialize                         0x00001ccc   Section        0  spi_lpc17xx.o(i.SPI_Initialize)
    SPI_Initialize                           0x00001ccd   Thumb Code   196  spi_lpc17xx.o(i.SPI_Initialize)
    i.SPI_PowerControl                       0x00001d94   Section        0  spi_lpc17xx.o(i.SPI_PowerControl)
    SPI_PowerControl                         0x00001d95   Thumb Code   450  spi_lpc17xx.o(i.SPI_PowerControl)
    i.SPI_Receive                            0x00001f64   Section        0  spi_lpc17xx.o(i.SPI_Receive)
    SPI_Receive                              0x00001f65   Thumb Code   178  spi_lpc17xx.o(i.SPI_Receive)
    i.SPI_Send                               0x0000201c   Section        0  spi_lpc17xx.o(i.SPI_Send)
    SPI_Send                                 0x0000201d   Thumb Code   276  spi_lpc17xx.o(i.SPI_Send)
    i.SPI_Transfer                           0x00002134   Section        0  spi_lpc17xx.o(i.SPI_Transfer)
    SPI_Transfer                             0x00002135   Thumb Code   276  spi_lpc17xx.o(i.SPI_Transfer)
    i.SPI_Uninitialize                       0x0000224c   Section        0  spi_lpc17xx.o(i.SPI_Uninitialize)
    SPI_Uninitialize                         0x0000224d   Thumb Code   150  spi_lpc17xx.o(i.SPI_Uninitialize)
    i.SSP1_Control                           0x000022e8   Section        0  ssp_lpc17xx.o(i.SSP1_Control)
    SSP1_Control                             0x000022e9   Thumb Code    18  ssp_lpc17xx.o(i.SSP1_Control)
    i.SSP1_GPDMA_Rx_SignalEvent              0x00002300   Section        0  ssp_lpc17xx.o(i.SSP1_GPDMA_Rx_SignalEvent)
    i.SSP1_GPDMA_Tx_SignalEvent              0x00002314   Section        0  ssp_lpc17xx.o(i.SSP1_GPDMA_Tx_SignalEvent)
    i.SSP1_GetDataCount                      0x00002328   Section        0  ssp_lpc17xx.o(i.SSP1_GetDataCount)
    SSP1_GetDataCount                        0x00002329   Thumb Code    10  ssp_lpc17xx.o(i.SSP1_GetDataCount)
    i.SSP1_GetStatus                         0x00002338   Section        0  ssp_lpc17xx.o(i.SSP1_GetStatus)
    SSP1_GetStatus                           0x00002339   Thumb Code    12  ssp_lpc17xx.o(i.SSP1_GetStatus)
    i.SSP1_IRQHandler                        0x00002348   Section        0  ssp_lpc17xx.o(i.SSP1_IRQHandler)
    i.SSP1_Initialize                        0x00002358   Section        0  ssp_lpc17xx.o(i.SSP1_Initialize)
    SSP1_Initialize                          0x00002359   Thumb Code    14  ssp_lpc17xx.o(i.SSP1_Initialize)
    i.SSP1_PowerControl                      0x0000236c   Section        0  ssp_lpc17xx.o(i.SSP1_PowerControl)
    SSP1_PowerControl                        0x0000236d   Thumb Code    14  ssp_lpc17xx.o(i.SSP1_PowerControl)
    i.SSP1_Receive                           0x00002380   Section        0  ssp_lpc17xx.o(i.SSP1_Receive)
    SSP1_Receive                             0x00002381   Thumb Code    18  ssp_lpc17xx.o(i.SSP1_Receive)
    i.SSP1_Send                              0x00002398   Section        0  ssp_lpc17xx.o(i.SSP1_Send)
    SSP1_Send                                0x00002399   Thumb Code    18  ssp_lpc17xx.o(i.SSP1_Send)
    i.SSP1_Transfer                          0x000023b0   Section        0  ssp_lpc17xx.o(i.SSP1_Transfer)
    SSP1_Transfer                            0x000023b1   Thumb Code    22  ssp_lpc17xx.o(i.SSP1_Transfer)
    i.SSP1_Uninitialize                      0x000023cc   Section        0  ssp_lpc17xx.o(i.SSP1_Uninitialize)
    SSP1_Uninitialize                        0x000023cd   Thumb Code    10  ssp_lpc17xx.o(i.SSP1_Uninitialize)
    i.SSP_GetCapabilities                    0x000023dc   Section        0  ssp_lpc17xx.o(i.SSP_GetCapabilities)
    SSP_GetCapabilities                      0x000023dd   Thumb Code     6  ssp_lpc17xx.o(i.SSP_GetCapabilities)
    i.SSP_GetVersion                         0x000023e8   Section        0  ssp_lpc17xx.o(i.SSP_GetVersion)
    SSP_GetVersion                           0x000023e9   Thumb Code    10  ssp_lpc17xx.o(i.SSP_GetVersion)
    i.SSPx_Control                           0x000023f8   Section        0  ssp_lpc17xx.o(i.SSPx_Control)
    SSPx_Control                             0x000023f9   Thumb Code  1310  ssp_lpc17xx.o(i.SSPx_Control)
    i.SSPx_GPDMA_Rx_SignalEvent              0x00002916   Section        0  ssp_lpc17xx.o(i.SSPx_GPDMA_Rx_SignalEvent)
    i.SSPx_GPDMA_Tx_SignalEvent              0x0000294c   Section        0  ssp_lpc17xx.o(i.SSPx_GPDMA_Tx_SignalEvent)
    i.SSPx_GetDataCount                      0x00002968   Section        0  ssp_lpc17xx.o(i.SSPx_GetDataCount)
    SSPx_GetDataCount                        0x00002969   Thumb Code    44  ssp_lpc17xx.o(i.SSPx_GetDataCount)
    i.SSPx_GetStatus                         0x00002994   Section        0  ssp_lpc17xx.o(i.SSPx_GetStatus)
    SSPx_GetStatus                           0x00002995   Thumb Code    90  ssp_lpc17xx.o(i.SSPx_GetStatus)
    i.SSPx_IRQHandler                        0x000029ee   Section        0  ssp_lpc17xx.o(i.SSPx_IRQHandler)
    SSPx_IRQHandler                          0x000029ef   Thumb Code   260  ssp_lpc17xx.o(i.SSPx_IRQHandler)
    i.SSPx_Initialize                        0x00002af2   Section        0  ssp_lpc17xx.o(i.SSPx_Initialize)
    SSPx_Initialize                          0x00002af3   Thumb Code   168  ssp_lpc17xx.o(i.SSPx_Initialize)
    i.SSPx_PowerControl                      0x00002b9c   Section        0  ssp_lpc17xx.o(i.SSPx_PowerControl)
    SSPx_PowerControl                        0x00002b9d   Thumb Code   438  ssp_lpc17xx.o(i.SSPx_PowerControl)
    i.SSPx_Receive                           0x00002d58   Section        0  ssp_lpc17xx.o(i.SSPx_Receive)
    SSPx_Receive                             0x00002d59   Thumb Code   344  ssp_lpc17xx.o(i.SSPx_Receive)
    i.SSPx_Send                              0x00002eb4   Section        0  ssp_lpc17xx.o(i.SSPx_Send)
    SSPx_Send                                0x00002eb5   Thumb Code   336  ssp_lpc17xx.o(i.SSPx_Send)
    i.SSPx_Transfer                          0x00003008   Section        0  ssp_lpc17xx.o(i.SSPx_Transfer)
    SSPx_Transfer                            0x00003009   Thumb Code   338  ssp_lpc17xx.o(i.SSPx_Transfer)
    i.SSPx_Uninitialize                      0x0000315a   Section        0  ssp_lpc17xx.o(i.SSPx_Uninitialize)
    SSPx_Uninitialize                        0x0000315b   Thumb Code   112  ssp_lpc17xx.o(i.SSPx_Uninitialize)
    i.Set_Channel_active_flag                0x000031cc   Section        0  gpdma_lpc17xx.o(i.Set_Channel_active_flag)
    Set_Channel_active_flag                  0x000031cd   Thumb Code    50  gpdma_lpc17xx.o(i.Set_Channel_active_flag)
    i.SystemInit                             0x00003204   Section        0  system_lpc17xx.o(i.SystemInit)
    i.__NVIC_ClearPendingIRQ                 0x00003344   Section        0  spi_lpc17xx.o(i.__NVIC_ClearPendingIRQ)
    __NVIC_ClearPendingIRQ                   0x00003345   Thumb Code    22  spi_lpc17xx.o(i.__NVIC_ClearPendingIRQ)
    i.__NVIC_ClearPendingIRQ                 0x00003360   Section        0  ssp_lpc17xx.o(i.__NVIC_ClearPendingIRQ)
    __NVIC_ClearPendingIRQ                   0x00003361   Thumb Code    22  ssp_lpc17xx.o(i.__NVIC_ClearPendingIRQ)
    i.__NVIC_ClearPendingIRQ                 0x0000337c   Section        0  gpdma_lpc17xx.o(i.__NVIC_ClearPendingIRQ)
    __NVIC_ClearPendingIRQ                   0x0000337d   Thumb Code    22  gpdma_lpc17xx.o(i.__NVIC_ClearPendingIRQ)
    i._init_box                              0x00003398   Section        0  rt_membox.o(i._init_box)
    i._mutex_acquire                         0x000033e0   Section        0  rtx_conf_cm.o(i._mutex_acquire)
    __tagsym$$used                           0x000033e1   Number         0  rtx_conf_cm.o(i._mutex_acquire)
    i._mutex_release                         0x00003400   Section        0  rtx_conf_cm.o(i._mutex_release)
    __tagsym$$used                           0x00003401   Number         0  rtx_conf_cm.o(i._mutex_release)
    i.adcToString                            0x0000341c   Section        0  main.o(i.adcToString)
    i.dbg_init                               0x00003450   Section        0  hal_cm.o(i.dbg_init)
    i.dbg_task_notify                        0x00003480   Section        0  hal_cm.o(i.dbg_task_notify)
    i.dbg_task_switch                        0x000034a0   Section        0  hal_cm.o(i.dbg_task_switch)
    i.delay_ms                               0x000034b0   Section        0  glcd_mcb1700.o(i.delay_ms)
    delay_ms                                 0x000034b1   Thumb Code    38  glcd_mcb1700.o(i.delay_ms)
    i.isrMessageGet                          0x000034dc   Section        0  rt_cmsis.o(i.isrMessageGet)
    i.isrMessagePut                          0x00003506   Section        0  rt_cmsis.o(i.isrMessagePut)
    i.isr_mbx_receive                        0x00003534   Section        0  rt_mailbox.o(i.isr_mbx_receive)
    i.isr_mbx_send                           0x0000358a   Section        0  rt_mailbox.o(i.isr_mbx_send)
    i.main                                   0x00003598   Section        0  main.o(i.main)
    i.osKernelInitialize                     0x00003718   Section        0  rt_cmsis.o(i.osKernelInitialize)
    i.osKernelStart                          0x0000373c   Section        0  rt_cmsis.o(i.osKernelStart)
    i.osMessageGet                           0x000037a8   Section        0  rt_cmsis.o(i.osMessageGet)
    i.osThreadCreate                         0x000037c0   Section        0  rt_cmsis.o(i.osThreadCreate)
    i.osThreadExit                           0x000037ec   Section        0  rt_cmsis.o(i.osThreadExit)
    i.osTimerCall                            0x00003804   Section        0  rt_cmsis.o(i.osTimerCall)
    i.osTimerThread                          0x00003810   Section        0  rt_cmsis.o(i.osTimerThread)
    i.os_error                               0x0000383c   Section        0  rtx_conf_cm.o(i.os_error)
    i.os_idle_demon                          0x0000385e   Section        0  rtx_conf_cm.o(i.os_idle_demon)
    i.os_tick_init                           0x00003864   Section        0  rt_system.o(i.os_tick_init)
    i.rd_dat                                 0x0000388c   Section        0  glcd_mcb1700.o(i.rd_dat)
    rd_dat                                   0x0000388d   Thumb Code    64  glcd_mcb1700.o(i.rd_dat)
    i.rd_id_man                              0x000038d0   Section        0  glcd_mcb1700.o(i.rd_id_man)
    rd_id_man                                0x000038d1   Thumb Code   196  glcd_mcb1700.o(i.rd_id_man)
    i.rd_reg                                 0x00003998   Section        0  glcd_mcb1700.o(i.rd_reg)
    rd_reg                                   0x00003999   Thumb Code    16  glcd_mcb1700.o(i.rd_reg)
    i.rt_alloc_box                           0x000039a8   Section        0  rt_membox.o(i.rt_alloc_box)
    i.rt_alloc_mem                           0x000039c2   Section        0  rt_memory.o(i.rt_alloc_mem)
    i.rt_block                               0x00003a00   Section        0  rt_task.o(i.rt_block)
    i.rt_chk_robin                           0x00003a38   Section        0  rt_robin.o(i.rt_chk_robin)
    i.rt_dec_dly                             0x00003a80   Section        0  rt_list.o(i.rt_dec_dly)
    i.rt_dispatch                            0x00003af0   Section        0  rt_task.o(i.rt_dispatch)
    i.rt_evt_psh                             0x00003b34   Section        0  rt_event.o(i.rt_evt_psh)
    i.rt_free_box                            0x00003b84   Section        0  rt_membox.o(i.rt_free_box)
    i.rt_free_mem                            0x00003bb0   Section        0  rt_memory.o(i.rt_free_mem)
    i.rt_get_first                           0x00003bd8   Section        0  rt_list.o(i.rt_get_first)
    i.rt_id2obj                              0x00003c00   Section        0  rt_cmsis.o(i.rt_id2obj)
    rt_id2obj                                0x00003c01   Thumb Code     8  rt_cmsis.o(i.rt_id2obj)
    i.rt_init_context                        0x00003c08   Section        0  rt_task.o(i.rt_init_context)
    rt_init_context                          0x00003c09   Thumb Code    66  rt_task.o(i.rt_init_context)
    i.rt_init_mem                            0x00003c50   Section        0  rt_memory.o(i.rt_init_mem)
    i.rt_init_robin                          0x00003c6c   Section        0  rt_robin.o(i.rt_init_robin)
    i.rt_init_stack                          0x00003c84   Section        0  hal_cm.o(i.rt_init_stack)
    i.rt_mbx_check                           0x00003d04   Section        0  rt_mailbox.o(i.rt_mbx_check)
    i.rt_mbx_init                            0x00003d0c   Section        0  rt_mailbox.o(i.rt_mbx_init)
    i.rt_mbx_psh                             0x00003d28   Section        0  rt_mailbox.o(i.rt_mbx_psh)
    i.rt_mbx_wait                            0x00003e18   Section        0  rt_mailbox.o(i.rt_mbx_wait)
    i.rt_ms2tick                             0x00003ecc   Section        0  rt_cmsis.o(i.rt_ms2tick)
    rt_ms2tick                               0x00003ecd   Thumb Code    58  rt_cmsis.o(i.rt_ms2tick)
    i.rt_mut_release                         0x00003f10   Section        0  rt_mutex.o(i.rt_mut_release)
    i.rt_mut_wait                            0x00003fe8   Section        0  rt_mutex.o(i.rt_mut_wait)
    i.rt_pop_req                             0x00004060   Section        0  rt_system.o(i.rt_pop_req)
    i.rt_psh_req                             0x000040dc   Section        0  rt_system.o(i.rt_psh_req)
    i.rt_psq_enq                             0x000040fc   Section        0  rt_list.o(i.rt_psq_enq)
    i.rt_put_dly                             0x00004158   Section        0  rt_list.o(i.rt_put_dly)
    i.rt_put_prio                            0x000041a0   Section        0  rt_list.o(i.rt_put_prio)
    i.rt_put_rdy_first                       0x000041d8   Section        0  rt_list.o(i.rt_put_rdy_first)
    i.rt_resort_prio                         0x000041ec   Section        0  rt_list.o(i.rt_resort_prio)
    i.rt_ret_val                             0x00004220   Section        0  hal_cm.o(i.rt_ret_val)
    i.rt_ret_val2                            0x00004226   Section        0  hal_cm.o(i.rt_ret_val2)
    i.rt_rmv_dly                             0x0000422e   Section        0  rt_list.o(i.rt_rmv_dly)
    i.rt_rmv_list                            0x00004258   Section        0  rt_list.o(i.rt_rmv_list)
    i.rt_sem_psh                             0x00004288   Section        0  rt_semaphore.o(i.rt_sem_psh)
    i.rt_stk_check                           0x000042bc   Section        0  rt_system.o(i.rt_stk_check)
    i.rt_switch_req                          0x000042e0   Section        0  rt_task.o(i.rt_switch_req)
    i.rt_sys_init                            0x00004308   Section        0  rt_task.o(i.rt_sys_init)
    i.rt_sys_start                           0x000043d4   Section        0  rt_task.o(i.rt_sys_start)
    i.rt_systick                             0x0000444c   Section        0  rt_system.o(i.rt_systick)
    i.rt_tid2ptcb                            0x0000448c   Section        0  rt_cmsis.o(i.rt_tid2ptcb)
    rt_tid2ptcb                              0x0000448d   Thumb Code    18  rt_cmsis.o(i.rt_tid2ptcb)
    i.rt_timer_insert                        0x000044a0   Section        0  rt_cmsis.o(i.rt_timer_insert)
    rt_timer_insert                          0x000044a1   Thumb Code    48  rt_cmsis.o(i.rt_timer_insert)
    i.rt_tsk_create                          0x000044d4   Section        0  rt_task.o(i.rt_tsk_create)
    i.rt_tsk_delete                          0x0000455c   Section        0  rt_task.o(i.rt_tsk_delete)
    i.rt_tsk_prio                            0x000046d8   Section        0  rt_task.o(i.rt_tsk_prio)
    i.rt_tsk_self                            0x00004754   Section        0  rt_task.o(i.rt_tsk_self)
    i.spi_tran                               0x00004764   Section        0  glcd_mcb1700.o(i.spi_tran)
    spi_tran                                 0x00004765   Thumb Code    40  glcd_mcb1700.o(i.spi_tran)
    i.spi_tran_man                           0x00004790   Section        0  glcd_mcb1700.o(i.spi_tran_man)
    spi_tran_man                             0x00004791   Thumb Code   132  glcd_mcb1700.o(i.spi_tran_man)
    i.svcKernelInitialize                    0x00004818   Section        0  rt_cmsis.o(i.svcKernelInitialize)
    i.svcKernelStart                         0x00004888   Section        0  rt_cmsis.o(i.svcKernelStart)
    i.svcMessageCreate                       0x000048d0   Section        0  rt_cmsis.o(i.svcMessageCreate)
    i.svcMessageGet                          0x000048f4   Section        0  rt_cmsis.o(i.svcMessageGet)
    i.svcThreadCreate                        0x00004930   Section        0  rt_cmsis.o(i.svcThreadCreate)
    i.svcThreadGetId                         0x0000499c   Section        0  rt_cmsis.o(i.svcThreadGetId)
    i.svcThreadTerminate                     0x000049b8   Section        0  rt_cmsis.o(i.svcThreadTerminate)
    i.svcTimerCall                           0x000049f0   Section        0  rt_cmsis.o(i.svcTimerCall)
    i.sysTimerTick                           0x00004a08   Section        0  rt_cmsis.o(i.sysTimerTick)
    i.wr_cmd                                 0x00004a64   Section        0  glcd_mcb1700.o(i.wr_cmd)
    wr_cmd                                   0x00004a65   Thumb Code    70  glcd_mcb1700.o(i.wr_cmd)
    i.wr_dat_only                            0x00004ab0   Section        0  glcd_mcb1700.o(i.wr_dat_only)
    wr_dat_only                              0x00004ab1   Thumb Code    46  glcd_mcb1700.o(i.wr_dat_only)
    i.wr_dat_start                           0x00004ae4   Section        0  glcd_mcb1700.o(i.wr_dat_start)
    wr_dat_start                             0x00004ae5   Thumb Code    20  glcd_mcb1700.o(i.wr_dat_start)
    i.wr_dat_stop                            0x00004afc   Section        0  glcd_mcb1700.o(i.wr_dat_stop)
    wr_dat_stop                              0x00004afd   Thumb Code    14  glcd_mcb1700.o(i.wr_dat_stop)
    i.wr_reg                                 0x00004b10   Section        0  glcd_mcb1700.o(i.wr_reg)
    wr_reg                                   0x00004b11   Thumb Code   140  glcd_mcb1700.o(i.wr_reg)
    .constdata                               0x00004ba0   Section        2  adc_mcb1700.o(.constdata)
    .constdata                               0x00004ba4   Section     6304  glcd_fonts.o(.constdata)
    Font_6x8_h                               0x00004ba4   Data         896  glcd_fonts.o(.constdata)
    Font_16x24_h                             0x00004f24   Data        5376  glcd_fonts.o(.constdata)
    .constdata                               0x00006444   Section      104  rtx_conf_cm.o(.constdata)
    __tagsym$$used                           0x00006460   Number         0  rtx_conf_cm.o(.constdata)
    __tagsym$$used                           0x00006464   Number         0  rtx_conf_cm.o(.constdata)
    __tagsym$$used                           0x00006468   Number         0  rtx_conf_cm.o(.constdata)
    __tagsym$$used                           0x0000646c   Number         0  rtx_conf_cm.o(.constdata)
    .constdata                               0x000064ac   Section      108  spi_lpc17xx.o(.constdata)
    DriverVersion                            0x000064ac   Data           4  spi_lpc17xx.o(.constdata)
    DriverCapabilities                       0x000064b0   Data           4  spi_lpc17xx.o(.constdata)
    SPI_Resources                            0x000064b4   Data          56  spi_lpc17xx.o(.constdata)
    .constdata                               0x00006518   Section      124  ssp_lpc17xx.o(.constdata)
    DriverVersion                            0x00006518   Data           4  ssp_lpc17xx.o(.constdata)
    DriverCapabilities                       0x0000651c   Data           4  ssp_lpc17xx.o(.constdata)
    SSP1_Resources                           0x00006520   Data          72  ssp_lpc17xx.o(.constdata)
    .data                                    0x10000000   Section       13  main.o(.data)
    .data                                    0x1000000e   Section        3  adc_mcb1700.o(.data)
    AD_last                                  0x1000000e   Data           2  adc_mcb1700.o(.data)
    AD_done                                  0x10000010   Data           1  adc_mcb1700.o(.data)
    .data                                    0x10000014   Section       17  glcd_mcb1700.o(.data)
    spi1_pins                                0x10000014   Data           8  glcd_mcb1700.o(.data)
    foreground_color                         0x1000001c   Data           2  glcd_mcb1700.o(.data)
    background_color                         0x1000001e   Data           2  glcd_mcb1700.o(.data)
    active_font                              0x10000020   Data           4  glcd_mcb1700.o(.data)
    Himax                                    0x10000024   Data           1  glcd_mcb1700.o(.data)
    .data                                    0x10000028   Section       20  rtx_conf_cm.o(.data)
    nr_mutex                                 0x10000038   Data           4  rtx_conf_cm.o(.data)
    .data                                    0x1000003c   Section       12  spi_lpc17xx.o(.data)
    SPI_pin_sck                              0x1000003c   Data           2  spi_lpc17xx.o(.data)
    SPI_pin_miso                             0x1000003e   Data           2  spi_lpc17xx.o(.data)
    SPI_pin_mosi                             0x10000040   Data           2  spi_lpc17xx.o(.data)
    SPI_pin_ssel                             0x10000042   Data           2  spi_lpc17xx.o(.data)
    spi                                      0x10000044   Data           4  spi_lpc17xx.o(.data)
    .data                                    0x10000048   Section       16  ssp_lpc17xx.o(.data)
    SSP1_pin_sck                             0x10000048   Data           2  ssp_lpc17xx.o(.data)
    SSP1_pin_miso                            0x1000004a   Data           2  ssp_lpc17xx.o(.data)
    SSP1_pin_mosi                            0x1000004c   Data           2  ssp_lpc17xx.o(.data)
    SSP1_pin_ssel                            0x1000004e   Data           2  ssp_lpc17xx.o(.data)
    dummy_data                               0x10000050   Data           4  ssp_lpc17xx.o(.data)
    dummy_data                               0x10000054   Data           4  ssp_lpc17xx.o(.data)
    .data                                    0x10000058   Section        8  gpdma_lpc17xx.o(.data)
    Channel_active                           0x10000058   Data           4  gpdma_lpc17xx.o(.data)
    Init_cnt                                 0x1000005c   Data           4  gpdma_lpc17xx.o(.data)
    .data                                    0x10000060   Section        4  system_lpc17xx.o(.data)
    .data                                    0x10000064   Section        8  rt_cmsis.o(.data)
    .data                                    0x1000006c   Section        8  rt_task.o(.data)
    .data                                    0x10000074   Section        8  rt_system.o(.data)
    os_lock                                  0x10000074   Data           1  rt_system.o(.data)
    os_psh_flag                              0x10000075   Data           1  rt_system.o(.data)
    pend_flags                               0x10000076   Data           1  rt_system.o(.data)
    .data                                    0x1000007c   Section        4  rt_time.o(.data)
    .data                                    0x10000080   Section        8  rt_robin.o(.data)
    .data                                    0x10000088   Section        1  hal_cm.o(.data)
    .bss                                     0x10000090   Section     3016  rtx_conf_cm.o(.bss)
    std_libspace                             0x10000938   Data         672  rtx_conf_cm.o(.bss)
    std_libmutex                             0x10000bd8   Data         128  rtx_conf_cm.o(.bss)
    .bss                                     0x10000c58   Section       40  spi_lpc17xx.o(.bss)
    SPI_Info                                 0x10000c58   Data          12  spi_lpc17xx.o(.bss)
    SPI_Xfer                                 0x10000c64   Data          28  spi_lpc17xx.o(.bss)
    .bss                                     0x10000c80   Section       40  ssp_lpc17xx.o(.bss)
    SSP1_Info                                0x10000c80   Data          12  ssp_lpc17xx.o(.bss)
    SSP1_Xfer                                0x10000c8c   Data          28  ssp_lpc17xx.o(.bss)
    .bss                                     0x10000ca8   Section      160  gpdma_lpc17xx.o(.bss)
    Channel_info                             0x10000ca8   Data         160  gpdma_lpc17xx.o(.bss)
    .bss                                     0x10000d48   Section       52  rt_task.o(.bss)
    .bss                                     0x10000d7c   Section       48  rt_list.o(.bss)
    .bss                                     0x10000dac   Section       96  libspace.o(.bss)
    HEAP                                     0x10000e10   Section        0  startup_lpc17xx.o(HEAP)
    STACK                                    0x10000e10   Section      512  startup_lpc17xx.o(STACK)
    Heap_Mem                                 0x10000e10   Data           0  startup_lpc17xx.o(HEAP)
    Stack_Mem                                0x10000e10   Data         512  startup_lpc17xx.o(STACK)
    __initial_sp                             0x10001010   Data           0  startup_lpc17xx.o(STACK)

    Global Symbols

    Symbol Name                              Value     Ov Type        Size  Object(Section)

    BuildAttributes$$THM_ISAv4$P$D$K$B$S$PE$A:L22UL41UL21$X:L11$S22US41US21$IEEE1$IW$USESV6$~STKCKD$USESV7$~SHL$OSPACE$ROPI$EBA8$UX$STANDARDLIB$REQ8$PRES8$EABIv2 0x00000000   Number         0  anon$$obj.o ABSOLUTE
    __ARM_use_no_argv                        0x00000000   Number         0  main.o ABSOLUTE
    __Vectors                                0x00000000   Data           4  startup_lpc17xx.o(RESET)
    __ARM_exceptions_init                     - Undefined Weak Reference
    __alloca_initialize                       - Undefined Weak Reference
    __arm_preinit_                            - Undefined Weak Reference
    __cpp_initialize__aeabi_                  - Undefined Weak Reference
    __cxa_finalize                            - Undefined Weak Reference
    __rt_locale                               - Undefined Weak Reference
    __sigvec_lookup                           - Undefined Weak Reference
    _atexit_init                              - Undefined Weak Reference
    _call_atexit_fns                          - Undefined Weak Reference
    _clock_init                               - Undefined Weak Reference
    _fp_trap_init                             - Undefined Weak Reference
    _fp_trap_shutdown                         - Undefined Weak Reference
    _get_lc_collate                           - Undefined Weak Reference
    _get_lc_ctype                             - Undefined Weak Reference
    _get_lc_monetary                          - Undefined Weak Reference
    _get_lc_numeric                           - Undefined Weak Reference
    _get_lc_time                              - Undefined Weak Reference
    _getenv_init                              - Undefined Weak Reference
    _handle_redirection                       - Undefined Weak Reference
    _init_alloc                               - Undefined Weak Reference
    _init_user_alloc                          - Undefined Weak Reference
    _initio                                   - Undefined Weak Reference
    _rand_init                                - Undefined Weak Reference
    _signal_finish                            - Undefined Weak Reference
    _signal_init                              - Undefined Weak Reference
    _terminate_alloc                          - Undefined Weak Reference
    _terminate_user_alloc                     - Undefined Weak Reference
    _terminateio                              - Undefined Weak Reference
    __main                                   0x000000cd   Thumb Code     8  __main.o(!!!main)
    __scatterload                            0x000000d5   Thumb Code     0  __scatter.o(!!!scatter)
    __scatterload_rt2                        0x000000d5   Thumb Code    44  __scatter.o(!!!scatter)
    __scatterload_rt2_thumb_only             0x000000d5   Thumb Code     0  __scatter.o(!!!scatter)
    __scatterload_null                       0x000000e3   Thumb Code     0  __scatter.o(!!!scatter)
    __scatterload_copy                       0x00000109   Thumb Code    26  __scatter_copy.o(!!handler_copy)
    __scatterload_zeroinit                   0x00000125   Thumb Code    28  __scatter_zi.o(!!handler_zi)
    __rt_lib_init                            0x00000141   Thumb Code     0  libinit.o(.ARM.Collect$$libinit$$00000000)
    __rt_lib_init_alloca_1                   0x00000143   Thumb Code     0  libinit2.o(.ARM.Collect$$libinit$$0000002E)
    __rt_lib_init_argv_1                     0x00000143   Thumb Code     0  libinit2.o(.ARM.Collect$$libinit$$0000002C)
    __rt_lib_init_atexit_1                   0x00000143   Thumb Code     0  libinit2.o(.ARM.Collect$$libinit$$0000001B)
    __rt_lib_init_clock_1                    0x00000143   Thumb Code     0  libinit2.o(.ARM.Collect$$libinit$$00000021)
    __rt_lib_init_cpp_1                      0x00000143   Thumb Code     0  libinit2.o(.ARM.Collect$$libinit$$00000032)
    __rt_lib_init_exceptions_1               0x00000143   Thumb Code     0  libinit2.o(.ARM.Collect$$libinit$$00000030)
    __rt_lib_init_fp_1                       0x00000143   Thumb Code     0  libinit2.o(.ARM.Collect$$libinit$$00000002)
    __rt_lib_init_fp_trap_1                  0x00000143   Thumb Code     0  libinit2.o(.ARM.Collect$$libinit$$0000001F)
    __rt_lib_init_getenv_1                   0x00000143   Thumb Code     0  libinit2.o(.ARM.Collect$$libinit$$00000023)
    __rt_lib_init_heap_1                     0x00000143   Thumb Code     0  libinit2.o(.ARM.Collect$$libinit$$0000000A)
    __rt_lib_init_lc_collate_1               0x00000143   Thumb Code     0  libinit2.o(.ARM.Collect$$libinit$$00000011)
    __rt_lib_init_lc_ctype_1                 0x00000143   Thumb Code     0  libinit2.o(.ARM.Collect$$libinit$$00000013)
    __rt_lib_init_lc_monetary_1              0x00000143   Thumb Code     0  libinit2.o(.ARM.Collect$$libinit$$00000015)
    __rt_lib_init_lc_numeric_1               0x00000143   Thumb Code     0  libinit2.o(.ARM.Collect$$libinit$$00000017)
    __rt_lib_init_lc_time_1                  0x00000143   Thumb Code     0  libinit2.o(.ARM.Collect$$libinit$$00000019)
    __rt_lib_init_preinit_1                  0x00000143   Thumb Code     0  libinit2.o(.ARM.Collect$$libinit$$00000004)
    __rt_lib_init_rand_1                     0x00000143   Thumb Code     0  libinit2.o(.ARM.Collect$$libinit$$0000000E)
    __rt_lib_init_return                     0x00000143   Thumb Code     0  libinit2.o(.ARM.Collect$$libinit$$00000033)
    __rt_lib_init_signal_1                   0x00000143   Thumb Code     0  libinit2.o(.ARM.Collect$$libinit$$0000001D)
    __rt_lib_init_stdio_1                    0x00000143   Thumb Code     0  libinit2.o(.ARM.Collect$$libinit$$00000025)
    __rt_lib_init_user_alloc_1               0x00000143   Thumb Code     0  libinit2.o(.ARM.Collect$$libinit$$0000000C)
    __rt_lib_shutdown                        0x00000145   Thumb Code     0  libshutdown.o(.ARM.Collect$$libshutdown$$00000000)
    __rt_lib_shutdown_cpp_1                  0x00000147   Thumb Code     0  libshutdown2.o(.ARM.Collect$$libshutdown$$00000002)
    __rt_lib_shutdown_fp_trap_1              0x00000147   Thumb Code     0  libshutdown2.o(.ARM.Collect$$libshutdown$$00000007)
    __rt_lib_shutdown_heap_1                 0x00000147   Thumb Code     0  libshutdown2.o(.ARM.Collect$$libshutdown$$0000000F)
    __rt_lib_shutdown_return                 0x00000147   Thumb Code     0  libshutdown2.o(.ARM.Collect$$libshutdown$$00000010)
    __rt_lib_shutdown_signal_1               0x00000147   Thumb Code     0  libshutdown2.o(.ARM.Collect$$libshutdown$$0000000A)
    __rt_lib_shutdown_stdio_1                0x00000147   Thumb Code     0  libshutdown2.o(.ARM.Collect$$libshutdown$$00000004)
    __rt_lib_shutdown_user_alloc_1           0x00000147   Thumb Code     0  libshutdown2.o(.ARM.Collect$$libshutdown$$0000000C)
    __rt_entry                               0x00000149   Thumb Code     0  __rtentry.o(.ARM.Collect$$rtentry$$00000000)
    __rt_entry_presh_1                       0x00000149   Thumb Code     0  __rtentry2.o(.ARM.Collect$$rtentry$$00000002)
    __rt_entry_sh                            0x00000149   Thumb Code     0  __rtentry4.o(.ARM.Collect$$rtentry$$00000004)
    __rt_entry_li                            0x0000014f   Thumb Code     0  __rtentry2.o(.ARM.Collect$$rtentry$$0000000A)
    __rt_entry_postsh_1                      0x0000014f   Thumb Code     0  __rtentry2.o(.ARM.Collect$$rtentry$$00000009)
    __rt_entry_postli_1                      0x00000153   Thumb Code     0  __rtentry2.o(.ARM.Collect$$rtentry$$0000000B)
    __rt_entry_main                          0x0000015b   Thumb Code     0  __rtentry2.o(.ARM.Collect$$rtentry$$0000000D)
    __rt_exit                                0x00000163   Thumb Code     0  rtexit.o(.ARM.Collect$$rtexit$$00000000)
    __rt_exit_ls                             0x00000165   Thumb Code     0  rtexit2.o(.ARM.Collect$$rtexit$$00000003)
    __rt_exit_prels_1                        0x00000165   Thumb Code     0  rtexit2.o(.ARM.Collect$$rtexit$$00000002)
    __rt_exit_exit                           0x00000169   Thumb Code     0  rtexit2.o(.ARM.Collect$$rtexit$$00000004)
    _platform_post_lib_init                  0x00000171   Thumb Code    24  rtx_conf_cm.o(.emb_text)
    rt_set_PSP                               0x0000018d   Thumb Code     6  hal_cm3.o(.emb_text)
    rt_get_PSP                               0x00000193   Thumb Code     6  hal_cm3.o(.emb_text)
    os_set_env                               0x00000199   Thumb Code    24  hal_cm3.o(.emb_text)
    _alloc_box                               0x000001b5   Thumb Code    28  hal_cm3.o(.emb_text)
    _free_box                                0x000001d5   Thumb Code    28  hal_cm3.o(.emb_text)
    SVC_Handler                              0x000001f5   Thumb Code   108  hal_cm3.o(.emb_text)
    PendSV_Handler                           0x0000026d   Thumb Code    56  hal_cm3.o(.emb_text)
    SysTick_Handler                          0x000002a9   Thumb Code     8  hal_cm3.o(.emb_text)
    OS_Tick_Handler                          0x000002b1   Thumb Code    12  hal_cm3.o(.emb_text)
    Reset_Handler                            0x000002bd   Thumb Code     8  startup_lpc17xx.o(.text)
    NMI_Handler                              0x000002c5   Thumb Code     2  startup_lpc17xx.o(.text)
    HardFault_Handler                        0x000002c7   Thumb Code     2  startup_lpc17xx.o(.text)
    MemManage_Handler                        0x000002c9   Thumb Code     2  startup_lpc17xx.o(.text)
    BusFault_Handler                         0x000002cb   Thumb Code     2  startup_lpc17xx.o(.text)
    UsageFault_Handler                       0x000002cd   Thumb Code     2  startup_lpc17xx.o(.text)
    DebugMon_Handler                         0x000002d1   Thumb Code     2  startup_lpc17xx.o(.text)
    BOD_IRQHandler                           0x000002d7   Thumb Code     0  startup_lpc17xx.o(.text)
    CANActivity_IRQHandler                   0x000002d7   Thumb Code     0  startup_lpc17xx.o(.text)
    CAN_IRQHandler                           0x000002d7   Thumb Code     0  startup_lpc17xx.o(.text)
    EINT0_IRQHandler                         0x000002d7   Thumb Code     0  startup_lpc17xx.o(.text)
    EINT1_IRQHandler                         0x000002d7   Thumb Code     0  startup_lpc17xx.o(.text)
    EINT2_IRQHandler                         0x000002d7   Thumb Code     0  startup_lpc17xx.o(.text)
    EINT3_IRQHandler                         0x000002d7   Thumb Code     0  startup_lpc17xx.o(.text)
    ENET_IRQHandler                          0x000002d7   Thumb Code     0  startup_lpc17xx.o(.text)
    I2C0_IRQHandler                          0x000002d7   Thumb Code     0  startup_lpc17xx.o(.text)
    I2C1_IRQHandler                          0x000002d7   Thumb Code     0  startup_lpc17xx.o(.text)
    I2C2_IRQHandler                          0x000002d7   Thumb Code     0  startup_lpc17xx.o(.text)
    I2S_IRQHandler                           0x000002d7   Thumb Code     0  startup_lpc17xx.o(.text)
    MCPWM_IRQHandler                         0x000002d7   Thumb Code     0  startup_lpc17xx.o(.text)
    PLL0_IRQHandler                          0x000002d7   Thumb Code     0  startup_lpc17xx.o(.text)
    PLL1_IRQHandler                          0x000002d7   Thumb Code     0  startup_lpc17xx.o(.text)
    PWM1_IRQHandler                          0x000002d7   Thumb Code     0  startup_lpc17xx.o(.text)
    QEI_IRQHandler                           0x000002d7   Thumb Code     0  startup_lpc17xx.o(.text)
    RIT_IRQHandler                           0x000002d7   Thumb Code     0  startup_lpc17xx.o(.text)
    RTC_IRQHandler                           0x000002d7   Thumb Code     0  startup_lpc17xx.o(.text)
    SSP0_IRQHandler                          0x000002d7   Thumb Code     0  startup_lpc17xx.o(.text)
    TIMER0_IRQHandler                        0x000002d7   Thumb Code     0  startup_lpc17xx.o(.text)
    TIMER1_IRQHandler                        0x000002d7   Thumb Code     0  startup_lpc17xx.o(.text)
    TIMER2_IRQHandler                        0x000002d7   Thumb Code     0  startup_lpc17xx.o(.text)
    TIMER3_IRQHandler                        0x000002d7   Thumb Code     0  startup_lpc17xx.o(.text)
    UART0_IRQHandler                         0x000002d7   Thumb Code     0  startup_lpc17xx.o(.text)
    UART1_IRQHandler                         0x000002d7   Thumb Code     0  startup_lpc17xx.o(.text)
    UART2_IRQHandler                         0x000002d7   Thumb Code     0  startup_lpc17xx.o(.text)
    UART3_IRQHandler                         0x000002d7   Thumb Code     0  startup_lpc17xx.o(.text)
    USBActivity_IRQHandler                   0x000002d7   Thumb Code     0  startup_lpc17xx.o(.text)
    USB_IRQHandler                           0x000002d7   Thumb Code     0  startup_lpc17xx.o(.text)
    WDT_IRQHandler                           0x000002d7   Thumb Code     0  startup_lpc17xx.o(.text)
    __user_initial_stackheap                 0x000002d9   Thumb Code     0  startup_lpc17xx.o(.text)
    __I$use$semihosting                      0x000002f9   Thumb Code     0  use_no_semi.o(.text)
    __use_no_semihosting_swi                 0x000002f9   Thumb Code     2  use_no_semi.o(.text)
    __semihosting_library_function           0x000002fb   Thumb Code     0  indicate_semi.o(.text)
    os_tick_irqack                           0x000002fb   Thumb Code     2  rt_system.o(i.os_tick_irqack)
    __user_libspace                          0x00000301   Thumb Code     8  libspace.o(.text)
    __user_perproc_libspace                  0x00000301   Thumb Code     0  libspace.o(.text)
    exit                                     0x00000309   Thumb Code    18  exit.o(.text)
    __aeabi_memclr4                          0x0000031b   Thumb Code     0  rt_memclr_w.o(.text)
    __aeabi_memclr8                          0x0000031b   Thumb Code     0  rt_memclr_w.o(.text)
    __rt_memclr_w                            0x0000031b   Thumb Code    78  rt_memclr_w.o(.text)
    _memset_w                                0x0000031f   Thumb Code     0  rt_memclr_w.o(.text)
    __use_two_region_memory                  0x00000369   Thumb Code     2  heapauxi.o(.text)
    __rt_heap_escrow$2region                 0x0000036b   Thumb Code     2  heapauxi.o(.text)
    __rt_heap_expand$2region                 0x0000036d   Thumb Code     2  heapauxi.o(.text)
    _sys_exit                                0x00000371   Thumb Code     8  sys_exit.o(.text)
    __user_setup_stackheap                   0x0000037d   Thumb Code    74  sys_stackheap_outer.o(.text)
    SVC_Count                                0x000003c8   Data           4  svc_table.o(SVC_TABLE)
    ADC_GetResolution                        0x000003cd   Thumb Code     4  adc_mcb1700.o(i.ADC_GetResolution)
    SVC_Table                                0x000003cc   Data           0  svc_table.o(SVC_TABLE)
    ADC_GetValue                             0x000003d1   Thumb Code    24  adc_mcb1700.o(i.ADC_GetValue)
    ADC_IRQHandler                           0x000003f1   Thumb Code    28  adc_mcb1700.o(i.ADC_IRQHandler)
    ADC_Initialize                           0x00000419   Thumb Code    86  adc_mcb1700.o(i.ADC_Initialize)
    ADC_StartConversion                      0x00000481   Thumb Code    26  adc_mcb1700.o(i.ADC_StartConversion)
    __RL_RTX_VER                             0x00000482   Number         0  rt_system.o ABSOLUTE
    DMA_IRQHandler                           0x000004c1   Thumb Code   372  gpdma_lpc17xx.o(i.DMA_IRQHandler)
    GLCD_ClearScreen                         0x00000641   Thumb Code    44  glcd_mcb1700.o(i.GLCD_ClearScreen)
    GLCD_DrawBargraph                        0x00000671   Thumb Code   100  glcd_mcb1700.o(i.GLCD_DrawBargraph)
    GLCD_DrawChar                            0x000006dd   Thumb Code   194  glcd_mcb1700.o(i.GLCD_DrawChar)
    GLCD_DrawHLine                           0x000007ad   Thumb Code    56  glcd_mcb1700.o(i.GLCD_DrawHLine)
    GLCD_DrawRectangle                       0x000007e9   Thumb Code    58  glcd_mcb1700.o(i.GLCD_DrawRectangle)
    GLCD_DrawString                          0x00000825   Thumb Code    38  glcd_mcb1700.o(i.GLCD_DrawString)
    GLCD_DrawVLine                           0x00000851   Thumb Code    56  glcd_mcb1700.o(i.GLCD_DrawVLine)
    GLCD_Initialize                          0x0000088d   Thumb Code  1462  glcd_mcb1700.o(i.GLCD_Initialize)
    GLCD_SetBackgroundColor                  0x00000e45   Thumb Code    10  glcd_mcb1700.o(i.GLCD_SetBackgroundColor)
    GLCD_SetFont                             0x00000e55   Thumb Code    10  glcd_mcb1700.o(i.GLCD_SetFont)
    GLCD_SetForegroundColor                  0x00000e65   Thumb Code    10  glcd_mcb1700.o(i.GLCD_SetForegroundColor)
    GLCD_SetWindow                           0x00000e75   Thumb Code   168  glcd_mcb1700.o(i.GLCD_SetWindow)
    GLCD_WindowMax                           0x00000f21   Thumb Code    18  glcd_mcb1700.o(i.GLCD_WindowMax)
    GPDMA_ChannelConfigure                   0x00000f35   Thumb Code   232  gpdma_lpc17xx.o(i.GPDMA_ChannelConfigure)
    GPDMA_ChannelDisable                     0x00001029   Thumb Code    44  gpdma_lpc17xx.o(i.GPDMA_ChannelDisable)
    GPDMA_ChannelGetCount                    0x00001059   Thumb Code    38  gpdma_lpc17xx.o(i.GPDMA_ChannelGetCount)
    GPDMA_Initialize                         0x00001089   Thumb Code   154  gpdma_lpc17xx.o(i.GPDMA_Initialize)
    GPDMA_PeripheralSelect                   0x00001139   Thumb Code    62  gpdma_lpc17xx.o(i.GPDMA_PeripheralSelect)
    GPDMA_Uninitialize                       0x0000117d   Thumb Code   116  gpdma_lpc17xx.o(i.GPDMA_Uninitialize)
    GPIO_PinRead                             0x000011fd   Thumb Code    28  gpio_lpc17xx.o(i.GPIO_PinRead)
    GPIO_PinWrite                            0x0000121d   Thumb Code    36  gpio_lpc17xx.o(i.GPIO_PinWrite)
    GPIO_PortClock                           0x00001245   Thumb Code    38  gpio_lpc17xx.o(i.GPIO_PortClock)
    GPIO_SetDir                              0x00001271   Thumb Code    52  gpio_lpc17xx.o(i.GPIO_SetDir)
    PIN_Configure                            0x0000133d   Thumb Code   246  pin_lpc17xx.o(i.PIN_Configure)
    SPI_IRQHandler                           0x00001ac5   Thumb Code   516  spi_lpc17xx.o(i.SPI_IRQHandler)
    SSP1_GPDMA_Rx_SignalEvent                0x00002301   Thumb Code    14  ssp_lpc17xx.o(i.SSP1_GPDMA_Rx_SignalEvent)
    SSP1_GPDMA_Tx_SignalEvent                0x00002315   Thumb Code    14  ssp_lpc17xx.o(i.SSP1_GPDMA_Tx_SignalEvent)
    SSP1_IRQHandler                          0x00002349   Thumb Code    10  ssp_lpc17xx.o(i.SSP1_IRQHandler)
    SSPx_GPDMA_Rx_SignalEvent                0x00002917   Thumb Code    54  ssp_lpc17xx.o(i.SSPx_GPDMA_Rx_SignalEvent)
    SSPx_GPDMA_Tx_SignalEvent                0x0000294d   Thumb Code    28  ssp_lpc17xx.o(i.SSPx_GPDMA_Tx_SignalEvent)
    SystemInit                               0x00003205   Thumb Code   302  system_lpc17xx.o(i.SystemInit)
    _init_box                                0x00003399   Thumb Code    70  rt_membox.o(i._init_box)
    _mutex_acquire                           0x000033e1   Thumb Code    22  rtx_conf_cm.o(i._mutex_acquire)
    _mutex_release                           0x00003401   Thumb Code    18  rtx_conf_cm.o(i._mutex_release)
    adcToString                              0x0000341d   Thumb Code    46  main.o(i.adcToString)
    dbg_init                                 0x00003451   Thumb Code    34  hal_cm.o(i.dbg_init)
    dbg_task_notify                          0x00003481   Thumb Code    32  hal_cm.o(i.dbg_task_notify)
    dbg_task_switch                          0x000034a1   Thumb Code    16  hal_cm.o(i.dbg_task_switch)
    isrMessageGet                            0x000034dd   Thumb Code    42  rt_cmsis.o(i.isrMessageGet)
    isrMessagePut                            0x00003507   Thumb Code    44  rt_cmsis.o(i.isrMessagePut)
    isr_mbx_receive                          0x00003535   Thumb Code    86  rt_mailbox.o(i.isr_mbx_receive)
    isr_mbx_send                             0x0000358b   Thumb Code    14  rt_mailbox.o(i.isr_mbx_send)
    main                                     0x00003599   Thumb Code   270  main.o(i.main)
    osKernelInitialize                       0x00003719   Thumb Code    30  rt_cmsis.o(i.osKernelInitialize)
    osKernelStart                            0x0000373d   Thumb Code    98  rt_cmsis.o(i.osKernelStart)
    osMessageGet                             0x000037a9   Thumb Code    18  rt_cmsis.o(i.osMessageGet)
    osThreadCreate                           0x000037c1   Thumb Code    36  rt_cmsis.o(i.osThreadCreate)
    osThreadExit                             0x000037ed   Thumb Code    14  rt_cmsis.o(i.osThreadExit)
    osTimerCall                              0x00003805   Thumb Code     8  rt_cmsis.o(i.osTimerCall)
    osTimerThread                            0x00003811   Thumb Code    38  rt_cmsis.o(i.osTimerThread)
    os_error                                 0x0000383d   Thumb Code    34  rtx_conf_cm.o(i.os_error)
    os_idle_demon                            0x0000385f   Thumb Code     4  rtx_conf_cm.o(i.os_idle_demon)
    os_tick_init                             0x00003865   Thumb Code    32  rt_system.o(i.os_tick_init)
    rt_alloc_box                             0x000039a9   Thumb Code    26  rt_membox.o(i.rt_alloc_box)
    rt_alloc_mem                             0x000039c3   Thumb Code    62  rt_memory.o(i.rt_alloc_mem)
    rt_block                                 0x00003a01   Thumb Code    48  rt_task.o(i.rt_block)
    rt_chk_robin                             0x00003a39   Thumb Code    60  rt_robin.o(i.rt_chk_robin)
    rt_dec_dly                               0x00003a81   Thumb Code   102  rt_list.o(i.rt_dec_dly)
    rt_dispatch                              0x00003af1   Thumb Code    60  rt_task.o(i.rt_dispatch)
    rt_evt_psh                               0x00003b35   Thumb Code    76  rt_event.o(i.rt_evt_psh)
    rt_free_box                              0x00003b85   Thumb Code    44  rt_membox.o(i.rt_free_box)
    rt_free_mem                              0x00003bb1   Thumb Code    40  rt_memory.o(i.rt_free_mem)
    rt_get_first                             0x00003bd9   Thumb Code    40  rt_list.o(i.rt_get_first)
    rt_init_mem                              0x00003c51   Thumb Code    26  rt_memory.o(i.rt_init_mem)
    rt_init_robin                            0x00003c6d   Thumb Code    14  rt_robin.o(i.rt_init_robin)
    rt_init_stack                            0x00003c85   Thumb Code   118  hal_cm.o(i.rt_init_stack)
    rt_mbx_check                             0x00003d05   Thumb Code     8  rt_mailbox.o(i.rt_mbx_check)
    rt_mbx_init                              0x00003d0d   Thumb Code    26  rt_mailbox.o(i.rt_mbx_init)
    rt_mbx_psh                               0x00003d29   Thumb Code   236  rt_mailbox.o(i.rt_mbx_psh)
    rt_mbx_wait                              0x00003e19   Thumb Code   174  rt_mailbox.o(i.rt_mbx_wait)
    rt_mut_release                           0x00003f11   Thumb Code   208  rt_mutex.o(i.rt_mut_release)
    rt_mut_wait                              0x00003fe9   Thumb Code   114  rt_mutex.o(i.rt_mut_wait)
    rt_pop_req                               0x00004061   Thumb Code   112  rt_system.o(i.rt_pop_req)
    rt_psh_req                               0x000040dd   Thumb Code    22  rt_system.o(i.rt_psh_req)
    rt_psq_enq                               0x000040fd   Thumb Code    88  rt_list.o(i.rt_psq_enq)
    rt_put_dly                               0x00004159   Thumb Code    68  rt_list.o(i.rt_put_dly)
    rt_put_prio                              0x000041a1   Thumb Code    54  rt_list.o(i.rt_put_prio)
    rt_put_rdy_first                         0x000041d9   Thumb Code    14  rt_list.o(i.rt_put_rdy_first)
    rt_resort_prio                           0x000041ed   Thumb Code    46  rt_list.o(i.rt_resort_prio)
    rt_ret_val                               0x00004221   Thumb Code     6  hal_cm.o(i.rt_ret_val)
    rt_ret_val2                              0x00004227   Thumb Code     8  hal_cm.o(i.rt_ret_val2)
    rt_rmv_dly                               0x0000422f   Thumb Code    40  rt_list.o(i.rt_rmv_dly)
    rt_rmv_list                              0x00004259   Thumb Code    44  rt_list.o(i.rt_rmv_list)
    rt_sem_psh                               0x00004289   Thumb Code    48  rt_semaphore.o(i.rt_sem_psh)
    rt_stk_check                             0x000042bd   Thumb Code    28  rt_system.o(i.rt_stk_check)
    rt_switch_req                            0x000042e1   Thumb Code    30  rt_task.o(i.rt_switch_req)
    rt_sys_init                              0x00004309   Thumb Code   138  rt_task.o(i.rt_sys_init)
    rt_sys_start                             0x000043d5   Thumb Code   110  rt_task.o(i.rt_sys_start)
    rt_systick                               0x0000444d   Thumb Code    50  rt_system.o(i.rt_systick)
    rt_tsk_create                            0x000044d5   Thumb Code   118  rt_task.o(i.rt_tsk_create)
    rt_tsk_delete                            0x0000455d   Thumb Code   352  rt_task.o(i.rt_tsk_delete)
    rt_tsk_prio                              0x000046d9   Thumb Code   108  rt_task.o(i.rt_tsk_prio)
    rt_tsk_self                              0x00004755   Thumb Code    12  rt_task.o(i.rt_tsk_self)
    svcKernelInitialize                      0x00004819   Thumb Code    80  rt_cmsis.o(i.svcKernelInitialize)
    svcKernelStart                           0x00004889   Thumb Code    62  rt_cmsis.o(i.svcKernelStart)
    svcMessageCreate                         0x000048d1   Thumb Code    36  rt_cmsis.o(i.svcMessageCreate)
    svcMessageGet                            0x000048f5   Thumb Code    58  rt_cmsis.o(i.svcMessageGet)
    svcThreadCreate                          0x00004931   Thumb Code    96  rt_cmsis.o(i.svcThreadCreate)
    svcThreadGetId                           0x0000499d   Thumb Code    22  rt_cmsis.o(i.svcThreadGetId)
    svcThreadTerminate                       0x000049b9   Thumb Code    50  rt_cmsis.o(i.svcThreadTerminate)
    svcTimerCall                             0x000049f1   Thumb Code    24  rt_cmsis.o(i.svcTimerCall)
    sysTimerTick                             0x00004a09   Thumb Code    84  rt_cmsis.o(i.sysTimerTick)
    ADC_PIN                                  0x00004ba0   Data           2  adc_mcb1700.o(.constdata)
    GLCD_Font_6x8                            0x00006424   Data          16  glcd_fonts.o(.constdata)
    GLCD_Font_16x24                          0x00006434   Data          16  glcd_fonts.o(.constdata)
    os_maxtaskrun                            0x00006444   Data           2  rtx_conf_cm.o(.constdata)
    os_stackinfo                             0x00006448   Data           4  rtx_conf_cm.o(.constdata)
    os_rrobin                                0x0000644c   Data           4  rtx_conf_cm.o(.constdata)
    os_tickfreq                              0x00006450   Data           4  rtx_conf_cm.o(.constdata)
    os_tickus_i                              0x00006454   Data           2  rtx_conf_cm.o(.constdata)
    os_tickus_f                              0x00006456   Data           2  rtx_conf_cm.o(.constdata)
    os_trv                                   0x00006458   Data           4  rtx_conf_cm.o(.constdata)
    os_flags                                 0x0000645c   Data           1  rtx_conf_cm.o(.constdata)
    CMSIS_RTOS_API_Version                   0x00006460   Data           4  rtx_conf_cm.o(.constdata)
    CMSIS_RTOS_RTX_Version                   0x00006464   Data           4  rtx_conf_cm.o(.constdata)
    os_clockrate                             0x00006468   Data           4  rtx_conf_cm.o(.constdata)
    os_timernum                              0x0000646c   Data           4  rtx_conf_cm.o(.constdata)
    mp_tcb_size                              0x00006470   Data           2  rtx_conf_cm.o(.constdata)
    mp_stk_size                              0x00006474   Data           4  rtx_conf_cm.o(.constdata)
    os_stack_sz                              0x00006478   Data           4  rtx_conf_cm.o(.constdata)
    os_fifo_size                             0x0000647c   Data           1  rtx_conf_cm.o(.constdata)
    os_thread_def_osTimerThread              0x00006480   Data          16  rtx_conf_cm.o(.constdata)
    os_messageQ_def_osTimerMessageQ          0x00006490   Data           8  rtx_conf_cm.o(.constdata)
    mp_tmr_size                              0x00006498   Data           2  rtx_conf_cm.o(.constdata)
    os_thread_def_main                       0x0000649c   Data          16  rtx_conf_cm.o(.constdata)
    Driver_SPI2                              0x000064ec   Data          44  spi_lpc17xx.o(.constdata)
    Driver_SPI1                              0x00006568   Data          44  ssp_lpc17xx.o(.constdata)
    Region$$Table$$Base                      0x00006594   Number         0  anon$$obj.o(Region$$Table)
    Region$$Table$$Limit                     0x000065b4   Number         0  anon$$obj.o(Region$$Table)
    adcValue                                 0x10000000   Data           4  main.o(.data)
    adcPercentage                            0x10000004   Data           4  main.o(.data)
    adcString                                0x10000008   Data           5  main.o(.data)
    osThreadId_osTimerThread                 0x10000028   Data           4  rtx_conf_cm.o(.data)
    osMessageQId_osTimerMessageQ             0x1000002c   Data           4  rtx_conf_cm.o(.data)
    os_tmr                                   0x10000030   Data           4  rtx_conf_cm.o(.data)
    m_tmr                                    0x10000034   Data           4  rtx_conf_cm.o(.data)
    SystemCoreClock                          0x10000060   Data           4  system_lpc17xx.o(.data)
    os_initialized                           0x10000064   Data           1  rt_cmsis.o(.data)
    os_running                               0x10000065   Data           1  rt_cmsis.o(.data)
    os_timer_head                            0x10000068   Data           4  rt_cmsis.o(.data)
    os_tsk                                   0x1000006c   Data           8  rt_task.o(.data)
    os_tick_irqn                             0x10000078   Data           4  rt_system.o(.data)
    os_time                                  0x1000007c   Data           4  rt_time.o(.data)
    os_robin                                 0x10000080   Data           8  rt_robin.o(.data)
    dbg_msg                                  0x10000088   Data           1  hal_cm.o(.data)
    mp_tcb                                   0x10000090   Data         376  rtx_conf_cm.o(.bss)
    mp_stk                                   0x10000208   Data        1216  rtx_conf_cm.o(.bss)
    os_stack_mem                             0x100006c8   Data         432  rtx_conf_cm.o(.bss)
    os_fifo                                  0x10000878   Data         132  rtx_conf_cm.o(.bss)
    os_active_TCB                            0x100008fc   Data          28  rtx_conf_cm.o(.bss)
    os_messageQ_q_osTimerMessageQ            0x10000918   Data          32  rtx_conf_cm.o(.bss)
    os_idle_TCB                              0x10000d48   Data          52  rt_task.o(.bss)
    os_rdy                                   0x10000d7c   Data          24  rt_list.o(.bss)
    os_dly                                   0x10000d94   Data          24  rt_list.o(.bss)
    __libspace_start                         0x10000dac   Data          96  libspace.o(.bss)
    __temporary_stack_top$libspace           0x10000e0c   Data           0  libspace.o(.bss)



==============================================================================

Memory Map of the image

  Image Entry point : 0x000002bd

  Load Region LR_1 (Base: 0x00000000, Size: 0x00006640, Max: 0xffffffff, ABSOLUTE)

    Execution Region ER_RO (Exec base: 0x00000000, Load base: 0x00000000, Size: 0x000065b4, Max: 0xffffffff, ABSOLUTE)

    Exec Addr    Load Addr    Size         Type   Attr      Idx    E Section Name        Object

    0x00000000   0x00000000   0x000000cc   Data   RO          886    RESET               startup_lpc17xx.o
    0x000000cc   0x000000cc   0x00000008   Code   RO         2154  * !!!main             c_w.l(__main.o)
    0x000000d4   0x000000d4   0x00000034   Code   RO         2315    !!!scatter          c_w.l(__scatter.o)
    0x00000108   0x00000108   0x0000001a   Code   RO         2317    !!handler_copy      c_w.l(__scatter_copy.o)
    0x00000122   0x00000122   0x00000002   PAD
    0x00000124   0x00000124   0x0000001c   Code   RO         2319    !!handler_zi        c_w.l(__scatter_zi.o)
    0x00000140   0x00000140   0x00000002   Code   RO         2201    .ARM.Collect$$libinit$$00000000  c_w.l(libinit.o)
    0x00000142   0x00000142   0x00000000   Code   RO         2213    .ARM.Collect$$libinit$$00000002  c_w.l(libinit2.o)
    0x00000142   0x00000142   0x00000000   Code   RO         2215    .ARM.Collect$$libinit$$00000004  c_w.l(libinit2.o)
    0x00000142   0x00000142   0x00000000   Code   RO         2218    .ARM.Collect$$libinit$$0000000A  c_w.l(libinit2.o)
    0x00000142   0x00000142   0x00000000   Code   RO         2220    .ARM.Collect$$libinit$$0000000C  c_w.l(libinit2.o)
    0x00000142   0x00000142   0x00000000   Code   RO         2222    .ARM.Collect$$libinit$$0000000E  c_w.l(libinit2.o)
    0x00000142   0x00000142   0x00000000   Code   RO         2225    .ARM.Collect$$libinit$$00000011  c_w.l(libinit2.o)
    0x00000142   0x00000142   0x00000000   Code   RO         2227    .ARM.Collect$$libinit$$00000013  c_w.l(libinit2.o)
    0x00000142   0x00000142   0x00000000   Code   RO         2229    .ARM.Collect$$libinit$$00000015  c_w.l(libinit2.o)
    0x00000142   0x00000142   0x00000000   Code   RO         2231    .ARM.Collect$$libinit$$00000017  c_w.l(libinit2.o)
    0x00000142   0x00000142   0x00000000   Code   RO         2233    .ARM.Collect$$libinit$$00000019  c_w.l(libinit2.o)
    0x00000142   0x00000142   0x00000000   Code   RO         2235    .ARM.Collect$$libinit$$0000001B  c_w.l(libinit2.o)
    0x00000142   0x00000142   0x00000000   Code   RO         2237    .ARM.Collect$$libinit$$0000001D  c_w.l(libinit2.o)
    0x00000142   0x00000142   0x00000000   Code   RO         2239    .ARM.Collect$$libinit$$0000001F  c_w.l(libinit2.o)
    0x00000142   0x00000142   0x00000000   Code   RO         2241    .ARM.Collect$$libinit$$00000021  c_w.l(libinit2.o)
    0x00000142   0x00000142   0x00000000   Code   RO         2243    .ARM.Collect$$libinit$$00000023  c_w.l(libinit2.o)
    0x00000142   0x00000142   0x00000000   Code   RO         2245    .ARM.Collect$$libinit$$00000025  c_w.l(libinit2.o)
    0x00000142   0x00000142   0x00000000   Code   RO         2249    .ARM.Collect$$libinit$$0000002C  c_w.l(libinit2.o)
    0x00000142   0x00000142   0x00000000   Code   RO         2251    .ARM.Collect$$libinit$$0000002E  c_w.l(libinit2.o)
    0x00000142   0x00000142   0x00000000   Code   RO         2253    .ARM.Collect$$libinit$$00000030  c_w.l(libinit2.o)
    0x00000142   0x00000142   0x00000000   Code   RO         2255    .ARM.Collect$$libinit$$00000032  c_w.l(libinit2.o)
    0x00000142   0x00000142   0x00000002   Code   RO         2256    .ARM.Collect$$libinit$$00000033  c_w.l(libinit2.o)
    0x00000144   0x00000144   0x00000002   Code   RO         2202    .ARM.Collect$$libshutdown$$00000000  c_w.l(libshutdown.o)
    0x00000146   0x00000146   0x00000000   Code   RO         2258    .ARM.Collect$$libshutdown$$00000002  c_w.l(libshutdown2.o)
    0x00000146   0x00000146   0x00000000   Code   RO         2260    .ARM.Collect$$libshutdown$$00000004  c_w.l(libshutdown2.o)
    0x00000146   0x00000146   0x00000000   Code   RO         2263    .ARM.Collect$$libshutdown$$00000007  c_w.l(libshutdown2.o)
    0x00000146   0x00000146   0x00000000   Code   RO         2266    .ARM.Collect$$libshutdown$$0000000A  c_w.l(libshutdown2.o)
    0x00000146   0x00000146   0x00000000   Code   RO         2268    .ARM.Collect$$libshutdown$$0000000C  c_w.l(libshutdown2.o)
    0x00000146   0x00000146   0x00000000   Code   RO         2271    .ARM.Collect$$libshutdown$$0000000F  c_w.l(libshutdown2.o)
    0x00000146   0x00000146   0x00000002   Code   RO         2272    .ARM.Collect$$libshutdown$$00000010  c_w.l(libshutdown2.o)
    0x00000148   0x00000148   0x00000000   Code   RO         2156    .ARM.Collect$$rtentry$$00000000  c_w.l(__rtentry.o)
    0x00000148   0x00000148   0x00000000   Code   RO         2164    .ARM.Collect$$rtentry$$00000002  c_w.l(__rtentry2.o)
    0x00000148   0x00000148   0x00000006   Code   RO         2176    .ARM.Collect$$rtentry$$00000004  c_w.l(__rtentry4.o)
    0x0000014e   0x0000014e   0x00000000   Code   RO         2166    .ARM.Collect$$rtentry$$00000009  c_w.l(__rtentry2.o)
    0x0000014e   0x0000014e   0x00000004   Code   RO         2167    .ARM.Collect$$rtentry$$0000000A  c_w.l(__rtentry2.o)
    0x00000152   0x00000152   0x00000008   Code   RO         2168    .ARM.Collect$$rtentry$$0000000B  c_w.l(__rtentry2.o)
    0x0000015a   0x0000015a   0x00000008   Code   RO         2170    .ARM.Collect$$rtentry$$0000000D  c_w.l(__rtentry2.o)
    0x00000162   0x00000162   0x00000002   Code   RO         2157    .ARM.Collect$$rtexit$$00000000  c_w.l(rtexit.o)
    0x00000164   0x00000164   0x00000000   Code   RO         2179    .ARM.Collect$$rtexit$$00000002  c_w.l(rtexit2.o)
    0x00000164   0x00000164   0x00000004   Code   RO         2180    .ARM.Collect$$rtexit$$00000003  c_w.l(rtexit2.o)
    0x00000168   0x00000168   0x00000006   Code   RO         2181    .ARM.Collect$$rtexit$$00000004  c_w.l(rtexit2.o)
    0x0000016e   0x0000016e   0x00000002   PAD
    0x00000170   0x00000170   0x0000001c   Code   RO          359    .emb_text           rtx_conf_cm.o
    0x0000018c   0x0000018c   0x00000130   Code   RO         2128    .emb_text           RTX_CM3.lib(hal_cm3.o)
    0x000002bc   0x000002bc   0x0000003c   Code   RO          888  * .text               startup_lpc17xx.o
    0x000002f8   0x000002f8   0x00000002   Code   RO         2203    .text               c_w.l(use_no_semi.o)
    0x000002fa   0x000002fa   0x00000000   Code   RO         2205    .text               c_w.l(indicate_semi.o)
    0x000002fa   0x000002fa   0x00000002   Code   RO         1675    i.os_tick_irqack    RTX_CM3.lib(rt_system.o)
    0x000002fc   0x000002fc   0x00000004   Code   RO          887    .ARM.__at_0x02FC    startup_lpc17xx.o
    0x00000300   0x00000300   0x00000008   Code   RO         2143    .text               c_w.l(libspace.o)
    0x00000308   0x00000308   0x00000012   Code   RO         2148    .text               c_w.l(exit.o)
    0x0000031a   0x0000031a   0x0000004e   Code   RO         2150    .text               c_w.l(rt_memclr_w.o)
    0x00000368   0x00000368   0x00000006   Code   RO         2152    .text               c_w.l(heapauxi.o)
    0x0000036e   0x0000036e   0x00000002   PAD
    0x00000370   0x00000370   0x0000000c   Code   RO         2187    .text               c_w.l(sys_exit.o)
    0x0000037c   0x0000037c   0x0000004a   Code   RO         2189    .text               c_w.l(sys_stackheap_outer.o)
    0x000003c6   0x000003c6   0x00000002   PAD
    0x000003c8   0x000003c8   0x00000004   Code   RO         2138    SVC_TABLE           RTX_CM3.lib(svc_table.o)
    0x000003cc   0x000003cc   0x00000004   Code   RO           55    i.ADC_GetResolution  adc_mcb1700.o
    0x000003d0   0x000003d0   0x00000020   Code   RO           56    i.ADC_GetValue      adc_mcb1700.o
    0x000003f0   0x000003f0   0x00000028   Code   RO           57    i.ADC_IRQHandler    adc_mcb1700.o
    0x00000418   0x00000418   0x00000068   Code   RO           58    i.ADC_Initialize    adc_mcb1700.o
    0x00000480   0x00000480   0x00000020   Code   RO           59    i.ADC_StartConversion  adc_mcb1700.o
    0x000004a0   0x000004a0   0x00000020   Code   RO          707    i.Clear_Channel_active_flag  gpdma_lpc17xx.o
    0x000004c0   0x000004c0   0x00000180   Code   RO          708    i.DMA_IRQHandler    gpdma_lpc17xx.o
    0x00000640   0x00000640   0x00000030   Code   RO          154    i.GLCD_ClearScreen  glcd_mcb1700.o
    0x00000670   0x00000670   0x0000006c   Code   RO          155    i.GLCD_DrawBargraph  glcd_mcb1700.o
    0x000006dc   0x000006dc   0x000000d0   Code   RO          157    i.GLCD_DrawChar     glcd_mcb1700.o
    0x000007ac   0x000007ac   0x0000003c   Code   RO          158    i.GLCD_DrawHLine    glcd_mcb1700.o
    0x000007e8   0x000007e8   0x0000003a   Code   RO          160    i.GLCD_DrawRectangle  glcd_mcb1700.o
    0x00000822   0x00000822   0x00000002   PAD
    0x00000824   0x00000824   0x0000002c   Code   RO          161    i.GLCD_DrawString   glcd_mcb1700.o
    0x00000850   0x00000850   0x0000003c   Code   RO          162    i.GLCD_DrawVLine    glcd_mcb1700.o
    0x0000088c   0x0000088c   0x000005b6   Code   RO          165    i.GLCD_Initialize   glcd_mcb1700.o
    0x00000e42   0x00000e42   0x00000002   PAD
    0x00000e44   0x00000e44   0x00000010   Code   RO          166    i.GLCD_SetBackgroundColor  glcd_mcb1700.o
    0x00000e54   0x00000e54   0x00000010   Code   RO          167    i.GLCD_SetFont      glcd_mcb1700.o
    0x00000e64   0x00000e64   0x00000010   Code   RO          168    i.GLCD_SetForegroundColor  glcd_mcb1700.o
    0x00000e74   0x00000e74   0x000000ac   Code   RO          169    i.GLCD_SetWindow    glcd_mcb1700.o
    0x00000f20   0x00000f20   0x00000012   Code   RO          172    i.GLCD_WindowMax    glcd_mcb1700.o
    0x00000f32   0x00000f32   0x00000002   PAD
    0x00000f34   0x00000f34   0x000000f4   Code   RO          709    i.GPDMA_ChannelConfigure  gpdma_lpc17xx.o
    0x00001028   0x00001028   0x00000030   Code   RO          710    i.GPDMA_ChannelDisable  gpdma_lpc17xx.o
    0x00001058   0x00001058   0x00000030   Code   RO          712    i.GPDMA_ChannelGetCount  gpdma_lpc17xx.o
    0x00001088   0x00001088   0x000000b0   Code   RO          714    i.GPDMA_Initialize  gpdma_lpc17xx.o
    0x00001138   0x00001138   0x00000044   Code   RO          715    i.GPDMA_PeripheralSelect  gpdma_lpc17xx.o
    0x0000117c   0x0000117c   0x00000080   Code   RO          716    i.GPDMA_Uninitialize  gpdma_lpc17xx.o
    0x000011fc   0x000011fc   0x00000020   Code   RO          797    i.GPIO_PinRead      gpio_lpc17xx.o
    0x0000121c   0x0000121c   0x00000028   Code   RO          798    i.GPIO_PinWrite     gpio_lpc17xx.o
    0x00001244   0x00001244   0x0000002c   Code   RO          799    i.GPIO_PortClock    gpio_lpc17xx.o
    0x00001270   0x00001270   0x00000038   Code   RO          802    i.GPIO_SetDir       gpio_lpc17xx.o
    0x000012a8   0x000012a8   0x00000050   Code   RO          420    i.GetSPIClockFreq   spi_lpc17xx.o
    0x000012f8   0x000012f8   0x00000044   Code   RO          533    i.GetSSPClockFreq   ssp_lpc17xx.o
    0x0000133c   0x0000133c   0x000000fc   Code   RO          851    i.PIN_Configure     pin_lpc17xx.o
    0x00001438   0x00001438   0x000005e8   Code   RO          421    i.SPI_Control       spi_lpc17xx.o
    0x00001a20   0x00001a20   0x0000000c   Code   RO          422    i.SPI_GetCapabilities  spi_lpc17xx.o
    0x00001a2c   0x00001a2c   0x00000020   Code   RO          423    i.SPI_GetDataCount  spi_lpc17xx.o
    0x00001a4c   0x00001a4c   0x00000068   Code   RO          424    i.SPI_GetStatus     spi_lpc17xx.o
    0x00001ab4   0x00001ab4   0x00000010   Code   RO          425    i.SPI_GetVersion    spi_lpc17xx.o
    0x00001ac4   0x00001ac4   0x00000208   Code   RO          426    i.SPI_IRQHandler    spi_lpc17xx.o
    0x00001ccc   0x00001ccc   0x000000c8   Code   RO          427    i.SPI_Initialize    spi_lpc17xx.o
    0x00001d94   0x00001d94   0x000001d0   Code   RO          428    i.SPI_PowerControl  spi_lpc17xx.o
    0x00001f64   0x00001f64   0x000000b8   Code   RO          429    i.SPI_Receive       spi_lpc17xx.o
    0x0000201c   0x0000201c   0x00000118   Code   RO          430    i.SPI_Send          spi_lpc17xx.o
    0x00002134   0x00002134   0x00000118   Code   RO          431    i.SPI_Transfer      spi_lpc17xx.o
    0x0000224c   0x0000224c   0x0000009c   Code   RO          432    i.SPI_Uninitialize  spi_lpc17xx.o
    0x000022e8   0x000022e8   0x00000018   Code   RO          534    i.SSP1_Control      ssp_lpc17xx.o
    0x00002300   0x00002300   0x00000014   Code   RO          535    i.SSP1_GPDMA_Rx_SignalEvent  ssp_lpc17xx.o
    0x00002314   0x00002314   0x00000014   Code   RO          536    i.SSP1_GPDMA_Tx_SignalEvent  ssp_lpc17xx.o
    0x00002328   0x00002328   0x00000010   Code   RO          537    i.SSP1_GetDataCount  ssp_lpc17xx.o
    0x00002338   0x00002338   0x00000010   Code   RO          538    i.SSP1_GetStatus    ssp_lpc17xx.o
    0x00002348   0x00002348   0x00000010   Code   RO          539    i.SSP1_IRQHandler   ssp_lpc17xx.o
    0x00002358   0x00002358   0x00000014   Code   RO          540    i.SSP1_Initialize   ssp_lpc17xx.o
    0x0000236c   0x0000236c   0x00000014   Code   RO          541    i.SSP1_PowerControl  ssp_lpc17xx.o
    0x00002380   0x00002380   0x00000018   Code   RO          542    i.SSP1_Receive      ssp_lpc17xx.o
    0x00002398   0x00002398   0x00000018   Code   RO          543    i.SSP1_Send         ssp_lpc17xx.o
    0x000023b0   0x000023b0   0x0000001c   Code   RO          544    i.SSP1_Transfer     ssp_lpc17xx.o
    0x000023cc   0x000023cc   0x00000010   Code   RO          545    i.SSP1_Uninitialize  ssp_lpc17xx.o
    0x000023dc   0x000023dc   0x0000000c   Code   RO          546    i.SSP_GetCapabilities  ssp_lpc17xx.o
    0x000023e8   0x000023e8   0x00000010   Code   RO          547    i.SSP_GetVersion    ssp_lpc17xx.o
    0x000023f8   0x000023f8   0x0000051e   Code   RO          548    i.SSPx_Control      ssp_lpc17xx.o
    0x00002916   0x00002916   0x00000036   Code   RO          549    i.SSPx_GPDMA_Rx_SignalEvent  ssp_lpc17xx.o
    0x0000294c   0x0000294c   0x0000001c   Code   RO          550    i.SSPx_GPDMA_Tx_SignalEvent  ssp_lpc17xx.o
    0x00002968   0x00002968   0x0000002c   Code   RO          551    i.SSPx_GetDataCount  ssp_lpc17xx.o
    0x00002994   0x00002994   0x0000005a   Code   RO          552    i.SSPx_GetStatus    ssp_lpc17xx.o
    0x000029ee   0x000029ee   0x00000104   Code   RO          553    i.SSPx_IRQHandler   ssp_lpc17xx.o
    0x00002af2   0x00002af2   0x000000a8   Code   RO          554    i.SSPx_Initialize   ssp_lpc17xx.o
    0x00002b9a   0x00002b9a   0x00000002   PAD
    0x00002b9c   0x00002b9c   0x000001bc   Code   RO          555    i.SSPx_PowerControl  ssp_lpc17xx.o
    0x00002d58   0x00002d58   0x0000015c   Code   RO          556    i.SSPx_Receive      ssp_lpc17xx.o
    0x00002eb4   0x00002eb4   0x00000154   Code   RO          557    i.SSPx_Send         ssp_lpc17xx.o
    0x00003008   0x00003008   0x00000152   Code   RO          558    i.SSPx_Transfer     ssp_lpc17xx.o
    0x0000315a   0x0000315a   0x00000070   Code   RO          559    i.SSPx_Uninitialize  ssp_lpc17xx.o
    0x000031ca   0x000031ca   0x00000002   PAD
    0x000031cc   0x000031cc   0x00000038   Code   RO          717    i.Set_Channel_active_flag  gpdma_lpc17xx.o
    0x00003204   0x00003204   0x00000140   Code   RO          898    i.SystemInit        system_lpc17xx.o
    0x00003344   0x00003344   0x0000001c   Code   RO          433    i.__NVIC_ClearPendingIRQ  spi_lpc17xx.o
    0x00003360   0x00003360   0x0000001c   Code   RO          560    i.__NVIC_ClearPendingIRQ  ssp_lpc17xx.o
    0x0000337c   0x0000337c   0x0000001c   Code   RO          718    i.__NVIC_ClearPendingIRQ  gpdma_lpc17xx.o
    0x00003398   0x00003398   0x00000046   Code   RO         2027    i._init_box         RTX_CM3.lib(rt_membox.o)
    0x000033de   0x000033de   0x00000002   PAD
    0x000033e0   0x000033e0   0x00000020   Code   RO          361    i._mutex_acquire    rtx_conf_cm.o
    0x00003400   0x00003400   0x0000001c   Code   RO          363    i._mutex_release    rtx_conf_cm.o
    0x0000341c   0x0000341c   0x00000034   Code   RO            1    i.adcToString       main.o
    0x00003450   0x00003450   0x00000030   Code   RO         2080    i.dbg_init          RTX_CM3.lib(hal_cm.o)
    0x00003480   0x00003480   0x00000020   Code   RO         2081    i.dbg_task_notify   RTX_CM3.lib(hal_cm.o)
    0x000034a0   0x000034a0   0x00000010   Code   RO         2082    i.dbg_task_switch   RTX_CM3.lib(hal_cm.o)
    0x000034b0   0x000034b0   0x0000002c   Code   RO          173    i.delay_ms          glcd_mcb1700.o
    0x000034dc   0x000034dc   0x0000002a   Code   RO          933    i.isrMessageGet     RTX_CM3.lib(rt_cmsis.o)
    0x00003506   0x00003506   0x0000002c   Code   RO          934    i.isrMessagePut     RTX_CM3.lib(rt_cmsis.o)
    0x00003532   0x00003532   0x00000002   PAD
    0x00003534   0x00003534   0x00000056   Code   RO         1882    i.isr_mbx_receive   RTX_CM3.lib(rt_mailbox.o)
    0x0000358a   0x0000358a   0x0000000e   Code   RO         1883    i.isr_mbx_send      RTX_CM3.lib(rt_mailbox.o)
    0x00003598   0x00003598   0x00000180   Code   RO            2    i.main              main.o
    0x00003718   0x00003718   0x00000024   Code   RO          938    i.osKernelInitialize  RTX_CM3.lib(rt_cmsis.o)
    0x0000373c   0x0000373c   0x0000006c   Code   RO          940    i.osKernelStart     RTX_CM3.lib(rt_cmsis.o)
    0x000037a8   0x000037a8   0x00000018   Code   RO          949    i.osMessageGet      RTX_CM3.lib(rt_cmsis.o)
    0x000037c0   0x000037c0   0x0000002c   Code   RO          966    i.osThreadCreate    RTX_CM3.lib(rt_cmsis.o)
    0x000037ec   0x000037ec   0x00000018   Code   RO          967    i.osThreadExit      RTX_CM3.lib(rt_cmsis.o)
    0x00003804   0x00003804   0x0000000c   Code   RO          973    i.osTimerCall       RTX_CM3.lib(rt_cmsis.o)
    0x00003810   0x00003810   0x0000002c   Code   RO          978    i.osTimerThread     RTX_CM3.lib(rt_cmsis.o)
    0x0000383c   0x0000383c   0x00000022   Code   RO          364    i.os_error          rtx_conf_cm.o
    0x0000385e   0x0000385e   0x00000004   Code   RO          365    i.os_idle_demon     rtx_conf_cm.o
    0x00003862   0x00003862   0x00000002   PAD
    0x00003864   0x00003864   0x00000028   Code   RO         1674    i.os_tick_init      RTX_CM3.lib(rt_system.o)
    0x0000388c   0x0000388c   0x00000044   Code   RO          174    i.rd_dat            glcd_mcb1700.o
    0x000038d0   0x000038d0   0x000000c8   Code   RO          175    i.rd_id_man         glcd_mcb1700.o
    0x00003998   0x00003998   0x00000010   Code   RO          176    i.rd_reg            glcd_mcb1700.o
    0x000039a8   0x000039a8   0x0000001a   Code   RO         2028    i.rt_alloc_box      RTX_CM3.lib(rt_membox.o)
    0x000039c2   0x000039c2   0x0000003e   Code   RO         2056    i.rt_alloc_mem      RTX_CM3.lib(rt_memory.o)
    0x00003a00   0x00003a00   0x00000038   Code   RO         1555    i.rt_block          RTX_CM3.lib(rt_task.o)
    0x00003a38   0x00003a38   0x00000048   Code   RO         2005    i.rt_chk_robin      RTX_CM3.lib(rt_robin.o)
    0x00003a80   0x00003a80   0x00000070   Code   RO         1806    i.rt_dec_dly        RTX_CM3.lib(rt_list.o)
    0x00003af0   0x00003af0   0x00000044   Code   RO         1556    i.rt_dispatch       RTX_CM3.lib(rt_task.o)
    0x00003b34   0x00003b34   0x00000050   Code   RO         1767    i.rt_evt_psh        RTX_CM3.lib(rt_event.o)
    0x00003b84   0x00003b84   0x0000002c   Code   RO         2029    i.rt_free_box       RTX_CM3.lib(rt_membox.o)
    0x00003bb0   0x00003bb0   0x00000028   Code   RO         2057    i.rt_free_mem       RTX_CM3.lib(rt_memory.o)
    0x00003bd8   0x00003bd8   0x00000028   Code   RO         1807    i.rt_get_first      RTX_CM3.lib(rt_list.o)
    0x00003c00   0x00003c00   0x00000008   Code   RO          983    i.rt_id2obj         RTX_CM3.lib(rt_cmsis.o)
    0x00003c08   0x00003c08   0x00000048   Code   RO         1557    i.rt_init_context   RTX_CM3.lib(rt_task.o)
    0x00003c50   0x00003c50   0x0000001a   Code   RO         2058    i.rt_init_mem       RTX_CM3.lib(rt_memory.o)
    0x00003c6a   0x00003c6a   0x00000002   PAD
    0x00003c6c   0x00003c6c   0x00000018   Code   RO         2006    i.rt_init_robin     RTX_CM3.lib(rt_robin.o)
    0x00003c84   0x00003c84   0x00000080   Code   RO         2083    i.rt_init_stack     RTX_CM3.lib(hal_cm.o)
    0x00003d04   0x00003d04   0x00000008   Code   RO         1884    i.rt_mbx_check      RTX_CM3.lib(rt_mailbox.o)
    0x00003d0c   0x00003d0c   0x0000001a   Code   RO         1885    i.rt_mbx_init       RTX_CM3.lib(rt_mailbox.o)
    0x00003d26   0x00003d26   0x00000002   PAD
    0x00003d28   0x00003d28   0x000000f0   Code   RO         1886    i.rt_mbx_psh        RTX_CM3.lib(rt_mailbox.o)
    0x00003e18   0x00003e18   0x000000b4   Code   RO         1888    i.rt_mbx_wait       RTX_CM3.lib(rt_mailbox.o)
    0x00003ecc   0x00003ecc   0x00000044   Code   RO          984    i.rt_ms2tick        RTX_CM3.lib(rt_cmsis.o)
    0x00003f10   0x00003f10   0x000000d8   Code   RO         1641    i.rt_mut_release    RTX_CM3.lib(rt_mutex.o)
    0x00003fe8   0x00003fe8   0x00000078   Code   RO         1642    i.rt_mut_wait       RTX_CM3.lib(rt_mutex.o)
    0x00004060   0x00004060   0x0000007c   Code   RO         1678    i.rt_pop_req        RTX_CM3.lib(rt_system.o)
    0x000040dc   0x000040dc   0x00000020   Code   RO         1679    i.rt_psh_req        RTX_CM3.lib(rt_system.o)
    0x000040fc   0x000040fc   0x0000005c   Code   RO         1809    i.rt_psq_enq        RTX_CM3.lib(rt_list.o)
    0x00004158   0x00004158   0x00000048   Code   RO         1810    i.rt_put_dly        RTX_CM3.lib(rt_list.o)
    0x000041a0   0x000041a0   0x00000036   Code   RO         1811    i.rt_put_prio       RTX_CM3.lib(rt_list.o)
    0x000041d6   0x000041d6   0x00000002   PAD
    0x000041d8   0x000041d8   0x00000014   Code   RO         1812    i.rt_put_rdy_first  RTX_CM3.lib(rt_list.o)
    0x000041ec   0x000041ec   0x00000034   Code   RO         1813    i.rt_resort_prio    RTX_CM3.lib(rt_list.o)
    0x00004220   0x00004220   0x00000006   Code   RO         2084    i.rt_ret_val        RTX_CM3.lib(hal_cm.o)
    0x00004226   0x00004226   0x00000008   Code   RO         2085    i.rt_ret_val2       RTX_CM3.lib(hal_cm.o)
    0x0000422e   0x0000422e   0x00000028   Code   RO         1814    i.rt_rmv_dly        RTX_CM3.lib(rt_list.o)
    0x00004256   0x00004256   0x00000002   PAD
    0x00004258   0x00004258   0x00000030   Code   RO         1815    i.rt_rmv_list       RTX_CM3.lib(rt_list.o)
    0x00004288   0x00004288   0x00000034   Code   RO         1933    i.rt_sem_psh        RTX_CM3.lib(rt_semaphore.o)
    0x000042bc   0x000042bc   0x00000024   Code   RO         1681    i.rt_stk_check      RTX_CM3.lib(rt_system.o)
    0x000042e0   0x000042e0   0x00000028   Code   RO         1558    i.rt_switch_req     RTX_CM3.lib(rt_task.o)
    0x00004308   0x00004308   0x000000cc   Code   RO         1559    i.rt_sys_init       RTX_CM3.lib(rt_task.o)
    0x000043d4   0x000043d4   0x00000078   Code   RO         1560    i.rt_sys_start      RTX_CM3.lib(rt_task.o)
    0x0000444c   0x0000444c   0x00000040   Code   RO         1683    i.rt_systick        RTX_CM3.lib(rt_system.o)
    0x0000448c   0x0000448c   0x00000012   Code   RO          985    i.rt_tid2ptcb       RTX_CM3.lib(rt_cmsis.o)
    0x0000449e   0x0000449e   0x00000002   PAD
    0x000044a0   0x000044a0   0x00000034   Code   RO          986    i.rt_timer_insert   RTX_CM3.lib(rt_cmsis.o)
    0x000044d4   0x000044d4   0x00000088   Code   RO         1561    i.rt_tsk_create     RTX_CM3.lib(rt_task.o)
    0x0000455c   0x0000455c   0x0000017c   Code   RO         1562    i.rt_tsk_delete     RTX_CM3.lib(rt_task.o)
    0x000046d8   0x000046d8   0x0000007c   Code   RO         1564    i.rt_tsk_prio       RTX_CM3.lib(rt_task.o)
    0x00004754   0x00004754   0x00000010   Code   RO         1565    i.rt_tsk_self       RTX_CM3.lib(rt_task.o)
    0x00004764   0x00004764   0x0000002c   Code   RO          177    i.spi_tran          glcd_mcb1700.o
    0x00004790   0x00004790   0x00000088   Code   RO          178    i.spi_tran_man      glcd_mcb1700.o
    0x00004818   0x00004818   0x00000070   Code   RO          989    i.svcKernelInitialize  RTX_CM3.lib(rt_cmsis.o)
    0x00004888   0x00004888   0x00000048   Code   RO          991    i.svcKernelStart    RTX_CM3.lib(rt_cmsis.o)
    0x000048d0   0x000048d0   0x00000024   Code   RO          994    i.svcMessageCreate  RTX_CM3.lib(rt_cmsis.o)
    0x000048f4   0x000048f4   0x0000003a   Code   RO          995    i.svcMessageGet     RTX_CM3.lib(rt_cmsis.o)
    0x0000492e   0x0000492e   0x00000002   PAD
    0x00004930   0x00004930   0x0000006c   Code   RO         1009    i.svcThreadCreate   RTX_CM3.lib(rt_cmsis.o)
    0x0000499c   0x0000499c   0x0000001c   Code   RO         1010    i.svcThreadGetId    RTX_CM3.lib(rt_cmsis.o)
    0x000049b8   0x000049b8   0x00000038   Code   RO         1013    i.svcThreadTerminate  RTX_CM3.lib(rt_cmsis.o)
    0x000049f0   0x000049f0   0x00000018   Code   RO         1015    i.svcTimerCall      RTX_CM3.lib(rt_cmsis.o)
    0x00004a08   0x00004a08   0x0000005c   Code   RO         1024    i.sysTimerTick      RTX_CM3.lib(rt_cmsis.o)
    0x00004a64   0x00004a64   0x0000004c   Code   RO          179    i.wr_cmd            glcd_mcb1700.o
    0x00004ab0   0x00004ab0   0x00000034   Code   RO          181    i.wr_dat_only       glcd_mcb1700.o
    0x00004ae4   0x00004ae4   0x00000018   Code   RO          182    i.wr_dat_start      glcd_mcb1700.o
    0x00004afc   0x00004afc   0x00000014   Code   RO          183    i.wr_dat_stop       glcd_mcb1700.o
    0x00004b10   0x00004b10   0x00000090   Code   RO          184    i.wr_reg            glcd_mcb1700.o
    0x00004ba0   0x00004ba0   0x00000002   Data   RO           61    .constdata          adc_mcb1700.o
    0x00004ba2   0x00004ba2   0x00000002   PAD
    0x00004ba4   0x00004ba4   0x000018a0   Data   RO          142    .constdata          glcd_fonts.o
    0x00006444   0x00006444   0x00000068   Data   RO          367    .constdata          rtx_conf_cm.o
    0x000064ac   0x000064ac   0x0000006c   Data   RO          435    .constdata          spi_lpc17xx.o
    0x00006518   0x00006518   0x0000007c   Data   RO          562    .constdata          ssp_lpc17xx.o
    0x00006594   0x00006594   0x00000020   Data   RO         2313    Region$$Table       anon$$obj.o


    Execution Region ER_RW (Exec base: 0x10000000, Load base: 0x000065b4, Size: 0x0000008c, Max: 0xffffffff, ABSOLUTE)

    Exec Addr    Load Addr    Size         Type   Attr      Idx    E Section Name        Object

    0x10000000   0x000065b4   0x0000000d   Data   RW            3    .data               main.o
    0x1000000d   0x000065c1   0x00000001   PAD
    0x1000000e   0x000065c2   0x00000003   Data   RW           62    .data               adc_mcb1700.o
    0x10000011   0x000065c5   0x00000003   PAD
    0x10000014   0x000065c8   0x00000011   Data   RW          185    .data               glcd_mcb1700.o
    0x10000025   0x000065d9   0x00000003   PAD
    0x10000028   0x000065dc   0x00000014   Data   RW          368    .data               rtx_conf_cm.o
    0x1000003c   0x000065f0   0x0000000c   Data   RW          436    .data               spi_lpc17xx.o
    0x10000048   0x000065fc   0x00000010   Data   RW          563    .data               ssp_lpc17xx.o
    0x10000058   0x0000660c   0x00000008   Data   RW          720    .data               gpdma_lpc17xx.o
    0x10000060   0x00006614   0x00000004   Data   RW          899    .data               system_lpc17xx.o
    0x10000064   0x00006618   0x00000008   Data   RW         1027    .data               RTX_CM3.lib(rt_cmsis.o)
    0x1000006c   0x00006620   0x00000008   Data   RW         1567    .data               RTX_CM3.lib(rt_task.o)
    0x10000074   0x00006628   0x00000008   Data   RW         1686    .data               RTX_CM3.lib(rt_system.o)
    0x1000007c   0x00006630   0x00000004   Data   RW         1976    .data               RTX_CM3.lib(rt_time.o)
    0x10000080   0x00006634   0x00000008   Data   RW         2007    .data               RTX_CM3.lib(rt_robin.o)
    0x10000088   0x0000663c   0x00000001   Data   RW         2086    .data               RTX_CM3.lib(hal_cm.o)


    Execution Region ER_ZI (Exec base: 0x1000008c, Load base: 0x00006640, Size: 0x00000f84, Max: 0xffffffff, ABSOLUTE)

    Exec Addr    Load Addr    Size         Type   Attr      Idx    E Section Name        Object

    0x1000008c   0x00006640   0x00000004   PAD
    0x10000090        -       0x00000bc8   Zero   RW          366    .bss                rtx_conf_cm.o
    0x10000c58        -       0x00000028   Zero   RW          434    .bss                spi_lpc17xx.o
    0x10000c80        -       0x00000028   Zero   RW          561    .bss                ssp_lpc17xx.o
    0x10000ca8        -       0x000000a0   Zero   RW          719    .bss                gpdma_lpc17xx.o
    0x10000d48        -       0x00000034   Zero   RW         1566    .bss                RTX_CM3.lib(rt_task.o)
    0x10000d7c        -       0x00000030   Zero   RW         1816    .bss                RTX_CM3.lib(rt_list.o)
    0x10000dac        -       0x00000060   Zero   RW         2144    .bss                c_w.l(libspace.o)
    0x10000e0c   0x00006640   0x00000004   PAD
    0x10000e10        -       0x00000000   Zero   RW          885    HEAP                startup_lpc17xx.o
    0x10000e10        -       0x00000200   Zero   RW          884    STACK               startup_lpc17xx.o


==============================================================================

Image component sizes


      Code (inc. data)   RO Data    RW Data    ZI Data      Debug   Object Name

       212         44          2          3          0      47684   adc_mcb1700.o
         0          0       6304          0          0        728   glcd_fonts.o
      3110        126          0         17          0      21437   glcd_mcb1700.o
      1212         94          0          8        160       8014   gpdma_lpc17xx.o
       172         18          0          0          0       2270   gpio_lpc17xx.o
       436        120          0         13          0       7264   main.o
       252          6          0          0          0        796   pin_lpc17xx.o
       126         26        104         20       3016       9339   rtx_conf_cm.o
      3868         86        108         12         40      39114   spi_lpc17xx.o
      3904        106        124         16         40      26384   ssp_lpc17xx.o
        64         26        204          0        512       1104   startup_lpc17xx.o
       320         18          0          4          0        911   system_lpc17xx.o

    ----------------------------------------------------------------------
     13688        670       6880        100       3768     165045   Object Totals
         0          0         32          0          0          0   (incl. Generated)
        12          0          2          7          0          0   (incl. Padding)

    ----------------------------------------------------------------------

      Code (inc. data)   RO Data    RW Data    ZI Data      Debug   Library Member Name

       238         24          0          1          0       3268   hal_cm.o
       304         36          0          0          0        760   hal_cm3.o
      1110        138          0          8          0      32041   rt_cmsis.o
        80          4          0          0          0        653   rt_event.o
       530         34          0          0         48       8169   rt_list.o
       554         10          0          0          0       3901   rt_mailbox.o
       140          0          0          0          0       1901   rt_membox.o
       128          0          0          0          0       2275   rt_memory.o
       336         14          0          0          0       1631   rt_mutex.o
        96         22          0          8          0       1134   rt_robin.o
        52          4          0          0          0        565   rt_semaphore.o
       298         52          0          8          0       6151   rt_system.o
      1216        174          0          8         52       9565   rt_task.o
         0          0          0          4          0        210   rt_time.o
         4          4          0          0          0        200   svc_table.o
         8          0          0          0          0         68   __main.o
         0          0          0          0          0          0   __rtentry.o
        20          0          0          0          0          0   __rtentry2.o
         6          0          0          0          0          0   __rtentry4.o
        52          8          0          0          0          0   __scatter.o
        26          0          0          0          0          0   __scatter_copy.o
        28          0          0          0          0          0   __scatter_zi.o
        18          0          0          0          0         80   exit.o
         6          0          0          0          0        152   heapauxi.o
         0          0          0          0          0          0   indicate_semi.o
         2          0          0          0          0          0   libinit.o
         2          0          0          0          0          0   libinit2.o
         2          0          0          0          0          0   libshutdown.o
         2          0          0          0          0          0   libshutdown2.o
         8          4          0          0         96         68   libspace.o
        78          0          0          0          0         80   rt_memclr_w.o
         2          0          0          0          0          0   rtexit.o
        10          0          0          0          0          0   rtexit2.o
        12          4          0          0          0         68   sys_exit.o
        74          0          0          0          0         80   sys_stackheap_outer.o
         2          0          0          0          0         68   use_no_semi.o

    ----------------------------------------------------------------------
      5468        532          0         40        204      73088   Library Totals
        24          0          0          3          8          0   (incl. Padding)

    ----------------------------------------------------------------------

      Code (inc. data)   RO Data    RW Data    ZI Data      Debug   Library Name

      5086        516          0         37        100      72424   RTX_CM3.lib
       358         16          0          0         96        664   c_w.l

    ----------------------------------------------------------------------
      5468        532          0         40        204      73088   Library Totals

    ----------------------------------------------------------------------

==============================================================================


      Code (inc. data)   RO Data    RW Data    ZI Data      Debug   

     19156       1202       6880        140       3972     229809   Grand Totals
     19156       1202       6880        140       3972     229809   ELF Image Totals
     19156       1202       6880        140          0          0   ROM Totals

==============================================================================

    Total RO  Size (Code + RO Data)                26036 (  25.43kB)
    Total RW  Size (RW Data + ZI Data)              4112 (   4.02kB)
    Total ROM Size (Code + RO Data + RW Data)      26176 (  25.56kB)

==============================================================================

