Component: ARM Compiler 5.06 update 5 (build 528) Tool: armlink [4d35e2]

==============================================================================

Section Cross References

    main.o(i.main) refers to glcd_mcb1700.o(i.GLCD_Initialize) for GLCD_Initialize
    main.o(i.main) refers to joystick_mcb1700.o(i.Joystick_Initialize) for Joystick_Initialize
    main.o(i.main) refers to menu.o(i.DisplayMenu) for DisplayMenu
    main.o(i.main) refers to menu01.o(i.DisplayMenu01) for DisplayMenu01
    main.o(i.main) refers to menu02.o(i.DisplayMenu02) for DisplayMenu02
    main.o(i.main) refers to menu03.o(i.DisplayMenu03) for DisplayMenu03
    main.o(i.main) refers to menu04.o(i.DisplayMenu04) for DisplayMenu04
    main.o(i.main) refers to main.o(.data) for programIndex
    menu.o(i.DisplayMenu) refers to glcd_mcb1700.o(i.GLCD_ClearScreen) for GLCD_ClearScreen
    menu.o(i.DisplayMenu) refers to glcd_mcb1700.o(i.GLCD_SetBackgroundColor) for GLCD_SetBackgroundColor
    menu.o(i.DisplayMenu) refers to glcd_mcb1700.o(i.GLCD_SetForegroundColor) for GLCD_SetForegroundColor
    menu.o(i.DisplayMenu) refers to glcd_mcb1700.o(i.GLCD_SetFont) for GLCD_SetFont
    menu.o(i.DisplayMenu) refers to glcd_mcb1700.o(i.GLCD_DrawString) for GLCD_DrawString
    menu.o(i.DisplayMenu) refers to joystick_mcb1700.o(i.Joystick_GetState) for Joystick_GetState
    menu.o(i.DisplayMenu) refers to glcd_fonts.o(.constdata) for GLCD_Font_16x24
    menu.o(i.DisplayMenu) refers to main.o(.data) for programIndex
    menu02.o(i.DisplayMenu02) refers to glcd_mcb1700.o(i.GLCD_ClearScreen) for GLCD_ClearScreen
    menu02.o(i.DisplayMenu02) refers to glcd_mcb1700.o(i.GLCD_SetBackgroundColor) for GLCD_SetBackgroundColor
    menu02.o(i.DisplayMenu02) refers to glcd_mcb1700.o(i.GLCD_SetForegroundColor) for GLCD_SetForegroundColor
    menu02.o(i.DisplayMenu02) refers to glcd_mcb1700.o(i.GLCD_SetFont) for GLCD_SetFont
    menu02.o(i.DisplayMenu02) refers to glcd_mcb1700.o(i.GLCD_DrawString) for GLCD_DrawString
    menu02.o(i.DisplayMenu02) refers to joystick_mcb1700.o(i.Joystick_GetState) for Joystick_GetState
    menu02.o(i.DisplayMenu02) refers to glcd_fonts.o(.constdata) for GLCD_Font_16x24
    menu02.o(i.DisplayMenu02) refers to main.o(.data) for programIndex
    menu03.o(i.DisplayMenu03) refers to glcd_mcb1700.o(i.GLCD_ClearScreen) for GLCD_ClearScreen
    menu03.o(i.DisplayMenu03) refers to glcd_mcb1700.o(i.GLCD_SetBackgroundColor) for GLCD_SetBackgroundColor
    menu03.o(i.DisplayMenu03) refers to glcd_mcb1700.o(i.GLCD_SetForegroundColor) for GLCD_SetForegroundColor
    menu03.o(i.DisplayMenu03) refers to glcd_mcb1700.o(i.GLCD_SetFont) for GLCD_SetFont
    menu03.o(i.DisplayMenu03) refers to glcd_mcb1700.o(i.GLCD_DrawString) for GLCD_DrawString
    menu03.o(i.DisplayMenu03) refers to joystick_mcb1700.o(i.Joystick_GetState) for Joystick_GetState
    menu03.o(i.DisplayMenu03) refers to glcd_fonts.o(.constdata) for GLCD_Font_16x24
    menu03.o(i.DisplayMenu03) refers to main.o(.data) for programIndex
    menu04.o(i.DisplayMenu04) refers to glcd_mcb1700.o(i.GLCD_ClearScreen) for GLCD_ClearScreen
    menu04.o(i.DisplayMenu04) refers to glcd_mcb1700.o(i.GLCD_SetBackgroundColor) for GLCD_SetBackgroundColor
    menu04.o(i.DisplayMenu04) refers to glcd_mcb1700.o(i.GLCD_SetForegroundColor) for GLCD_SetForegroundColor
    menu04.o(i.DisplayMenu04) refers to glcd_mcb1700.o(i.GLCD_SetFont) for GLCD_SetFont
    menu04.o(i.DisplayMenu04) refers to glcd_mcb1700.o(i.GLCD_DrawString) for GLCD_DrawString
    menu04.o(i.DisplayMenu04) refers to joystick_mcb1700.o(i.Joystick_GetState) for Joystick_GetState
    menu04.o(i.DisplayMenu04) refers to glcd_fonts.o(.constdata) for GLCD_Font_16x24
    menu04.o(i.DisplayMenu04) refers to main.o(.data) for programIndex
    menu01.o(i.DisplayMenu01) refers to glcd_mcb1700.o(i.GLCD_ClearScreen) for GLCD_ClearScreen
    menu01.o(i.DisplayMenu01) refers to glcd_mcb1700.o(i.GLCD_SetBackgroundColor) for GLCD_SetBackgroundColor
    menu01.o(i.DisplayMenu01) refers to glcd_mcb1700.o(i.GLCD_SetForegroundColor) for GLCD_SetForegroundColor
    menu01.o(i.DisplayMenu01) refers to glcd_mcb1700.o(i.GLCD_SetFont) for GLCD_SetFont
    menu01.o(i.DisplayMenu01) refers to glcd_mcb1700.o(i.GLCD_DrawString) for GLCD_DrawString
    menu01.o(i.DisplayMenu01) refers to joystick_mcb1700.o(i.Joystick_GetState) for Joystick_GetState
    menu01.o(i.DisplayMenu01) refers to glcd_fonts.o(.constdata) for GLCD_Font_16x24
    menu01.o(i.DisplayMenu01) refers to main.o(.data) for programIndex
    adc_mcb1700.o(i.ADC_ConversionDone) refers to adc_mcb1700.o(.data) for AD_done
    adc_mcb1700.o(i.ADC_GetValue) refers to adc_mcb1700.o(.data) for AD_done
    adc_mcb1700.o(i.ADC_IRQHandler) refers to adc_mcb1700.o(.data) for AD_last
    adc_mcb1700.o(i.ADC_Initialize) refers to pin_lpc17xx.o(i.PIN_Configure) for PIN_Configure
    adc_mcb1700.o(i.ADC_Initialize) refers to adc_mcb1700.o(.constdata) for ADC_PIN
[...]
    i.GPIO_PortClock                         0x00001c20   Section        0  gpio_lpc17xx.o(i.GPIO_PortClock)
    i.GPIO_SetDir                            0x00001c4c   Section        0  gpio_lpc17xx.o(i.GPIO_SetDir)
    i.GetSPIClockFreq                        0x00001c84   Section        0  spi_lpc17xx.o(i.GetSPIClockFreq)
    GetSPIClockFreq                          0x00001c85   Thumb Code    70  spi_lpc17xx.o(i.GetSPIClockFreq)
    i.GetSSPClockFreq                        0x00001cd4   Section        0  ssp_lpc17xx.o(i.GetSSPClockFreq)
    GetSSPClockFreq                          0x00001cd5   Thumb Code    64  ssp_lpc17xx.o(i.GetSSPClockFreq)
    i.Joystick_GetState                      0x00001d18   Section        0  joystick_mcb1700.o(i.Joystick_GetState)
    i.Joystick_Initialize                    0x00001d74   Section        0  joystick_mcb1700.o(i.Joystick_Initialize)
    i.PIN_Configure                          0x00001dbc   Section        0  pin_lpc17xx.o(i.PIN_Configure)
    i.SPI_Control                            0x00001eb8   Section        0  spi_lpc17xx.o(i.SPI_Control)
    SPI_Control                              0x00001eb9   Thumb Code  1508  spi_lpc17xx.o(i.SPI_Control)
    i.SPI_GetCapabilities                    0x000024a0   Section        0  spi_lpc17xx.o(i.SPI_GetCapabilities)
    SPI_GetCapabilities                      0x000024a1   Thumb Code     6  spi_lpc17xx.o(i.SPI_GetCapabilities)
    i.SPI_GetDataCount                       0x000024ac   Section        0  spi_lpc17xx.o(i.SPI_GetDataCount)
    SPI_GetDataCount                         0x000024ad   Thumb Code    28  spi_lpc17xx.o(i.SPI_GetDataCount)
    i.SPI_GetStatus                          0x000024cc   Section        0  spi_lpc17xx.o(i.SPI_GetStatus)
    SPI_GetStatus                            0x000024cd   Thumb Code   100  spi_lpc17xx.o(i.SPI_GetStatus)
    i.SPI_GetVersion                         0x00002534   Section        0  spi_lpc17xx.o(i.SPI_GetVersion)
    SPI_GetVersion                           0x00002535   Thumb Code    10  spi_lpc17xx.o(i.SPI_GetVersion)
    i.SPI_IRQHandler                         0x00002544   Section        0  spi_lpc17xx.o(i.SPI_IRQHandler)
    i.SPI_Initialize                         0x0000274c   Section        0  spi_lpc17xx.o(i.SPI_Initialize)
    SPI_Initialize                           0x0000274d   Thumb Code   196  spi_lpc17xx.o(i.SPI_Initialize)
    i.SPI_PowerControl                       0x00002814   Section        0  spi_lpc17xx.o(i.SPI_PowerControl)
    SPI_PowerControl                         0x00002815   Thumb Code   450  spi_lpc17xx.o(i.SPI_PowerControl)
    i.SPI_Receive                            0x000029e4   Section        0  spi_lpc17xx.o(i.SPI_Receive)
    SPI_Receive                              0x000029e5   Thumb Code   178  spi_lpc17xx.o(i.SPI_Receive)
    i.SPI_Send                               0x00002a9c   Section        0  spi_lpc17xx.o(i.SPI_Send)
    SPI_Send                                 0x00002a9d   Thumb Code   276  spi_lpc17xx.o(i.SPI_Send)
    i.SPI_Transfer                           0x00002bb4   Section        0  spi_lpc17xx.o(i.SPI_Transfer)
    SPI_Transfer                             0x00002bb5   Thumb Code   276  spi_lpc17xx.o(i.SPI_Transfer)
    i.SPI_Uninitialize                       0x00002ccc   Section        0  spi_lpc17xx.o(i.SPI_Uninitialize)
    SPI_Uninitialize                         0x00002ccd   Thumb Code   150  spi_lpc17xx.o(i.SPI_Uninitialize)
    i.SSP1_Control                           0x00002d68   Section        0  ssp_lpc17xx.o(i.SSP1_Control)
    SSP1_Control                             0x00002d69   Thumb Code    18  ssp_lpc17xx.o(i.SSP1_Control)
    i.SSP1_GPDMA_Rx_SignalEvent              0x00002d80   Section        0  ssp_lpc17xx.o(i.SSP1_GPDMA_Rx_SignalEvent)
    i.SSP1_GPDMA_Tx_SignalEvent              0x00002d94   Section        0  ssp_lpc17xx.o(i.SSP1_GPDMA_Tx_SignalEvent)
    i.SSP1_GetDataCount                      0x00002da8   Section        0  ssp_lpc17xx.o(i.SSP1_GetDataCount)
    SSP1_GetDataCount                        0x00002da9   Thumb Code    10  ssp_lpc17xx.o(i.SSP1_GetDataCount)
    i.SSP1_GetStatus                         0x00002db8   Section        0  ssp_lpc17xx.o(i.SSP1_GetStatus)
    SSP1_GetStatus                           0x00002db9   Thumb Code    12  ssp_lpc17xx.o(i.SSP1_GetStatus)
    i.SSP1_IRQHandler                        0x00002dc8   Section        0  ssp_lpc17xx.o(i.SSP1_IRQHandler)
    i.SSP1_Initialize                        0x00002dd8   Section        0  ssp_lpc17xx.o(i.SSP1_Initialize)
    SSP1_Initialize                          0x00002dd9   Thumb Code    14  ssp_lpc17xx.o(i.SSP1_Initialize)
    i.SSP1_PowerControl                      0x00002dec   Section        0  ssp_lpc17xx.o(i.SSP1_PowerControl)
    SSP1_PowerControl                        0x00002ded   Thumb Code    14  ssp_lpc17xx.o(i.SSP1_PowerControl)
    i.SSP1_Receive                           0x00002e00   Section        0  ssp_lpc17xx.o(i.SSP1_Receive)
    SSP1_Receive                             0x00002e01   Thumb Code    18  ssp_lpc17xx.o(i.SSP1_Receive)
    i.SSP1_Send                              0x00002e18   Section        0  ssp_lpc17xx.o(i.SSP1_Send)
    SSP1_Send                                0x00002e19   Thumb Code    18  ssp_lpc17xx.o(i.SSP1_Send)
    i.SSP1_Transfer                          0x00002e30   Section        0  ssp_lpc17xx.o(i.SSP1_Transfer)
    SSP1_Transfer                            0x00002e31   Thumb Code    22  ssp_lpc17xx.o(i.SSP1_Transfer)
    i.SSP1_Uninitialize                      0x00002e4c   Section        0  ssp_lpc17xx.o(i.SSP1_Uninitialize)
    SSP1_Uninitialize                        0x00002e4d   Thumb Code    10  ssp_lpc17xx.o(i.SSP1_Uninitialize)
    i.SSP_GetCapabilities                    0x00002e5c   Section        0  ssp_lpc17xx.o(i.SSP_GetCapabilities)
    SSP_GetCapabilities                      0x00002e5d   Thumb Code     6  ssp_lpc17xx.o(i.SSP_GetCapabilities)
    i.SSP_GetVersion                         0x00002e68   Section        0  ssp_lpc17xx.o(i.SSP_GetVersion)
    SSP_GetVersion                           0x00002e69   Thumb Code    10  ssp_lpc17xx.o(i.SSP_GetVersion)
    i.SSPx_Control                           0x00002e78   Section        0  ssp_lpc17xx.o(i.SSPx_Control)
    SSPx_Control                             0x00002e79   Thumb Code  1310  ssp_lpc17xx.o(i.SSPx_Control)
    i.SSPx_GPDMA_Rx_SignalEvent              0x00003396   Section        0  ssp_lpc17xx.o(i.SSPx_GPDMA_Rx_SignalEvent)
    i.SSPx_GPDMA_Tx_SignalEvent              0x000033cc   Section        0  ssp_lpc17xx.o(i.SSPx_GPDMA_Tx_SignalEvent)
    i.SSPx_GetDataCount                      0x000033e8   Section        0  ssp_lpc17xx.o(i.SSPx_GetDataCount)
    SSPx_GetDataCount                        0x000033e9   Thumb Code    44  ssp_lpc17xx.o(i.SSPx_GetDataCount)
    i.SSPx_GetStatus                         0x00003414   Section        0  ssp_lpc17xx.o(i.SSPx_GetStatus)
    SSPx_GetStatus                           0x00003415   Thumb Code    90  ssp_lpc17xx.o(i.SSPx_GetStatus)
    i.SSPx_IRQHandler                        0x0000346e   Section        0  ssp_lpc17xx.o(i.SSPx_IRQHandler)
    SSPx_IRQHandler                          0x0000346f   Thumb Code   260  ssp_lpc17xx.o(i.SSPx_IRQHandler)
    i.SSPx_Initialize                        0x00003572   Section        0  ssp_lpc17xx.o(i.SSPx_Initialize)
    SSPx_Initialize                          0x00003573   Thumb Code   168  ssp_lpc17xx.o(i.SSPx_Initialize)
    i.SSPx_PowerControl                      0x0000361c   Section        0  ssp_lpc17xx.o(i.SSPx_PowerControl)
    SSPx_PowerControl                        0x0000361d   Thumb Code   438  ssp_lpc17xx.o(i.SSPx_PowerControl)
    i.SSPx_Receive                           0x000037d8   Section        0  ssp_lpc17xx.o(i.SSPx_Receive)
    SSPx_Receive                             0x000037d9   Thumb Code   344  ssp_lpc17xx.o(i.SSPx_Receive)
    i.SSPx_Send                              0x00003934   Section        0  ssp_lpc17xx.o(i.SSPx_Send)
    SSPx_Send                                0x00003935   Thumb Code   336  ssp_lpc17xx.o(i.SSPx_Send)
    i.SSPx_Transfer                          0x00003a88   Section        0  ssp_lpc17xx.o(i.SSPx_Transfer)
    SSPx_Transfer                            0x00003a89   Thumb Code   338  ssp_lpc17xx.o(i.SSPx_Transfer)
    i.SSPx_Uninitialize                      0x00003bda   Section        0  ssp_lpc17xx.o(i.SSPx_Uninitialize)
    SSPx_Uninitialize                        0x00003bdb   Thumb Code   112  ssp_lpc17xx.o(i.SSPx_Uninitialize)
    i.Set_Channel_active_flag                0x00003c4c   Section        0  gpdma_lpc17xx.o(i.Set_Channel_active_flag)
    Set_Channel_active_flag                  0x00003c4d   Thumb Code    50  gpdma_lpc17xx.o(i.Set_Channel_active_flag)
    i.SystemInit                             0x00003c84   Section        0  system_lpc17xx.o(i.SystemInit)
    i.__NVIC_ClearPendingIRQ                 0x00003dc4   Section        0  spi_lpc17xx.o(i.__NVIC_ClearPendingIRQ)
    __NVIC_ClearPendingIRQ                   0x00003dc5   Thumb Code    22  spi_lpc17xx.o(i.__NVIC_ClearPendingIRQ)
    i.__NVIC_ClearPendingIRQ                 0x00003de0   Section        0  ssp_lpc17xx.o(i.__NVIC_ClearPendingIRQ)
    __NVIC_ClearPendingIRQ                   0x00003de1   Thumb Code    22  ssp_lpc17xx.o(i.__NVIC_ClearPendingIRQ)
    i.__NVIC_ClearPendingIRQ                 0x00003dfc   Section        0  gpdma_lpc17xx.o(i.__NVIC_ClearPendingIRQ)
    __NVIC_ClearPendingIRQ                   0x00003dfd   Thumb Code    22  gpdma_lpc17xx.o(i.__NVIC_ClearPendingIRQ)
    i._init_box                              0x00003e18   Section        0  rt_membox.o(i._init_box)
    i._mutex_acquire                         0x00003e60   Section        0  rtx_conf_cm.o(i._mutex_acquire)
    __tagsym$$used                           0x00003e61   Number         0  rtx_conf_cm.o(i._mutex_acquire)
    i._mutex_release                         0x00003e80   Section        0  rtx_conf_cm.o(i._mutex_release)
    __tagsym$$used                           0x00003e81   Number         0  rtx_conf_cm.o(i._mutex_release)
    i.dbg_init                               0x00003e9c   Section        0  hal_cm.o(i.dbg_init)
    i.dbg_task_notify                        0x00003ecc   Section        0  hal_cm.o(i.dbg_task_notify)
    i.dbg_task_switch                        0x00003eec   Section        0  hal_cm.o(i.dbg_task_switch)
    i.delay_ms                               0x00003efc   Section        0  glcd_mcb1700.o(i.delay_ms)
    delay_ms                                 0x00003efd   Thumb Code    38  glcd_mcb1700.o(i.delay_ms)
    i.isrMessageGet                          0x00003f28   Section        0  rt_cmsis.o(i.isrMessageGet)
    i.isrMessagePut                          0x00003f52   Section        0  rt_cmsis.o(i.isrMessagePut)
    i.isr_mbx_receive                        0x00003f80   Section        0  rt_mailbox.o(i.isr_mbx_receive)
    i.isr_mbx_send                           0x00003fd6   Section        0  rt_mailbox.o(i.isr_mbx_send)
    i.main                                   0x00003fe4   Section        0  main.o(i.main)
    i.osKernelInitialize                     0x00004030   Section        0  rt_cmsis.o(i.osKernelInitialize)
    i.osKernelStart                          0x00004054   Section        0  rt_cmsis.o(i.osKernelStart)
    i.osMessageGet                           0x000040c0   Section        0  rt_cmsis.o(i.osMessageGet)
    i.osThreadCreate                         0x000040d8   Section        0  rt_cmsis.o(i.osThreadCreate)
    i.osThreadExit                           0x00004104   Section        0  rt_cmsis.o(i.osThreadExit)
    i.osTimerCall                            0x0000411c   Section        0  rt_cmsis.o(i.osTimerCall)
    i.osTimerThread                          0x00004128   Section        0  rt_cmsis.o(i.osTimerThread)
    i.os_error                               0x00004154   Section        0  rtx_conf_cm.o(i.os_error)
    i.os_idle_demon                          0x00004176   Section        0  rtx_conf_cm.o(i.os_idle_demon)
    i.os_tick_init                           0x0000417c   Section        0  rt_system.o(i.os_tick_init)
    i.rd_dat                                 0x000041a4   Section        0  glcd_mcb1700.o(i.rd_dat)
    rd_dat                                   0x000041a5   Thumb Code    64  glcd_mcb1700.o(i.rd_dat)
    i.rd_id_man                              0x000041e8   Section        0  glcd_mcb1700.o(i.rd_id_man)
    rd_id_man                                0x000041e9   Thumb Code   196  glcd_mcb1700.o(i.rd_id_man)
    i.rd_reg                                 0x000042b0   Section        0  glcd_mcb1700.o(i.rd_reg)
    rd_reg                                   0x000042b1   Thumb Code    16  glcd_mcb1700.o(i.rd_reg)
    i.rt_alloc_box                           0x000042c0   Section        0  rt_membox.o(i.rt_alloc_box)
    i.rt_alloc_mem                           0x000042da   Section        0  rt_memory.o(i.rt_alloc_mem)
    i.rt_block                               0x00004318   Section        0  rt_task.o(i.rt_block)
    i.rt_chk_robin                           0x00004350   Section        0  rt_robin.o(i.rt_chk_robin)
    i.rt_dec_dly                             0x00004398   Section        0  rt_list.o(i.rt_dec_dly)
    i.rt_dispatch                            0x00004408   Section        0  rt_task.o(i.rt_dispatch)
    i.rt_evt_psh                             0x0000444c   Section        0  rt_event.o(i.rt_evt_psh)
    i.rt_free_box                            0x0000449c   Section        0  rt_membox.o(i.rt_free_box)
    i.rt_free_mem                            0x000044c8   Section        0  rt_memory.o(i.rt_free_mem)
    i.rt_get_first                           0x000044f0   Section        0  rt_list.o(i.rt_get_first)
    i.rt_id2obj                              0x00004518   Section        0  rt_cmsis.o(i.rt_id2obj)
    rt_id2obj                                0x00004519   Thumb Code     8  rt_cmsis.o(i.rt_id2obj)
    i.rt_init_context                        0x00004520   Section        0  rt_task.o(i.rt_init_context)
    rt_init_context                          0x00004521   Thumb Code    66  rt_task.o(i.rt_init_context)
    i.rt_init_mem                            0x00004568   Section        0  rt_memory.o(i.rt_init_mem)
    i.rt_init_robin                          0x00004584   Section        0  rt_robin.o(i.rt_init_robin)
    i.rt_init_stack                          0x0000459c   Section        0  hal_cm.o(i.rt_init_stack)
    i.rt_mbx_check                           0x0000461c   Section        0  rt_mailbox.o(i.rt_mbx_check)
    i.rt_mbx_init                            0x00004624   Section        0  rt_mailbox.o(i.rt_mbx_init)
    i.rt_mbx_psh                             0x00004640   Section        0  rt_mailbox.o(i.rt_mbx_psh)
    i.rt_mbx_wait                            0x00004730   Section        0  rt_mailbox.o(i.rt_mbx_wait)
    i.rt_ms2tick                             0x000047e4   Section        0  rt_cmsis.o(i.rt_ms2tick)
    rt_ms2tick                               0x000047e5   Thumb Code    58  rt_cmsis.o(i.rt_ms2tick)
    i.rt_mut_release                         0x00004828   Section        0  rt_mutex.o(i.rt_mut_release)
    i.rt_mut_wait                            0x00004900   Section        0  rt_mutex.o(i.rt_mut_wait)
    i.rt_pop_req                             0x00004978   Section        0  rt_system.o(i.rt_pop_req)
    i.rt_psh_req                             0x000049f4   Section        0  rt_system.o(i.rt_psh_req)
    i.rt_psq_enq                             0x00004a14   Section        0  rt_list.o(i.rt_psq_enq)
    i.rt_put_dly                             0x00004a70   Section        0  rt_list.o(i.rt_put_dly)
    i.rt_put_prio                            0x00004ab8   Section        0  rt_list.o(i.rt_put_prio)
    i.rt_put_rdy_first                       0x00004af0   Section        0  rt_list.o(i.rt_put_rdy_first)
    i.rt_resort_prio                         0x00004b04   Section        0  rt_list.o(i.rt_resort_prio)
    i.rt_ret_val                             0x00004b38   Section        0  hal_cm.o(i.rt_ret_val)
    i.rt_ret_val2                            0x00004b3e   Section        0  hal_cm.o(i.rt_ret_val2)
    i.rt_rmv_dly                             0x00004b46   Section        0  rt_list.o(i.rt_rmv_dly)
    i.rt_rmv_list                            0x00004b70   Section        0  rt_list.o(i.rt_rmv_list)
    i.rt_sem_psh                             0x00004ba0   Section        0  rt_semaphore.o(i.rt_sem_psh)
    i.rt_stk_check                           0x00004bd4   Section        0  rt_system.o(i.rt_stk_check)
    i.rt_switch_req                          0x00004bf8   Section        0  rt_task.o(i.rt_switch_req)
    i.rt_sys_init                            0x00004c20   Section        0  rt_task.o(i.rt_sys_init)
    i.rt_sys_start                           0x00004cec   Section        0  rt_task.o(i.rt_sys_start)
    i.rt_systick                             0x00004d64   Section        0  rt_system.o(i.rt_systick)
    i.rt_tid2ptcb                            0x00004da4   Section        0  rt_cmsis.o(i.rt_tid2ptcb)
    rt_tid2ptcb                              0x00004da5   Thumb Code    18  rt_cmsis.o(i.rt_tid2ptcb)
    i.rt_timer_insert                        0x00004db8   Section        0  rt_cmsis.o(i.rt_timer_insert)
    rt_timer_insert                          0x00004db9   Thumb Code    48  rt_cmsis.o(i.rt_timer_insert)
    i.rt_tsk_create                          0x00004dec   Section        0  rt_task.o(i.rt_tsk_create)
    i.rt_tsk_delete                          0x00004e74   Section        0  rt_task.o(i.rt_tsk_delete)
    i.rt_tsk_prio                            0x00004ff0   Section        0  rt_task.o(i.rt_tsk_prio)
    i.rt_tsk_self                            0x0000506c   Section        0  rt_task.o(i.rt_tsk_self)
    i.spi_tran                               0x0000507c   Section        0  glcd_mcb1700.o(i.spi_tran)
    spi_tran                                 0x0000507d   Thumb Code    40  glcd_mcb1700.o(i.spi_tran)
    i.spi_tran_man                           0x000050a8   Section        0  glcd_mcb1700.o(i.spi_tran_man)
    spi_tran_man                             0x000050a9   Thumb Code   132  glcd_mcb1700.o(i.spi_tran_man)
    i.svcKernelInitialize                    0x00005130   Section        0  rt_cmsis.o(i.svcKernelInitialize)
    i.svcKernelStart                         0x000051a0   Section        0  rt_cmsis.o(i.svcKernelStart)
    i.svcMessageCreate                       0x000051e8   Section        0  rt_cmsis.o(i.svcMessageCreate)
    i.svcMessageGet                          0x0000520c   Section        0  rt_cmsis.o(i.svcMessageGet)
    i.svcThreadCreate                        0x00005248   Section        0  rt_cmsis.o(i.svcThreadCreate)
    i.svcThreadGetId                         0x000052b4   Section        0  rt_cmsis.o(i.svcThreadGetId)
    i.svcThreadTerminate                     0x000052d0   Section        0  rt_cmsis.o(i.svcThreadTerminate)
    i.svcTimerCall                           0x00005308   Section        0  rt_cmsis.o(i.svcTimerCall)
    i.sysTimerTick                           0x00005320   Section        0  rt_cmsis.o(i.sysTimerTick)
    i.wr_cmd                                 0x0000537c   Section        0  glcd_mcb1700.o(i.wr_cmd)
    wr_cmd                                   0x0000537d   Thumb Code    70  glcd_mcb1700.o(i.wr_cmd)
    i.wr_dat_only                            0x000053c8   Section        0  glcd_mcb1700.o(i.wr_dat_only)
    wr_dat_only                              0x000053c9   Thumb Code    46  glcd_mcb1700.o(i.wr_dat_only)
    i.wr_dat_start                           0x000053fc   Section        0  glcd_mcb1700.o(i.wr_dat_start)
    wr_dat_start                             0x000053fd   Thumb Code    20  glcd_mcb1700.o(i.wr_dat_start)
    i.wr_dat_stop                            0x00005414   Section        0  glcd_mcb1700.o(i.wr_dat_stop)
    wr_dat_stop                              0x00005415   Thumb Code    14  glcd_mcb1700.o(i.wr_dat_stop)
    i.wr_reg                                 0x00005428   Section        0  glcd_mcb1700.o(i.wr_reg)
    wr_reg                                   0x00005429   Thumb Code   140  glcd_mcb1700.o(i.wr_reg)
    .constdata                               0x000054b8   Section     6304  glcd_fonts.o(.constdata)
    Font_6x8_h                               0x000054b8   Data         896  glcd_fonts.o(.constdata)
    Font_16x24_h                             0x00005838   Data        5376  glcd_fonts.o(.constdata)
    .constdata                               0x00006d58   Section       10  joystick_mcb1700.o(.constdata)
    .constdata                               0x00006d64   Section      104  rtx_conf_cm.o(.constdata)
    __tagsym$$used                           0x00006d80   Number         0  rtx_conf_cm.o(.constdata)
    __tagsym$$used                           0x00006d84   Number         0  rtx_conf_cm.o(.constdata)
    __tagsym$$used                           0x00006d88   Number         0  rtx_conf_cm.o(.constdata)
    __tagsym$$used                           0x00006d8c   Number         0  rtx_conf_cm.o(.constdata)
    .constdata                               0x00006dcc   Section      108  spi_lpc17xx.o(.constdata)
    DriverVersion                            0x00006dcc   Data           4  spi_lpc17xx.o(.constdata)
    DriverCapabilities                       0x00006dd0   Data           4  spi_lpc17xx.o(.constdata)
    SPI_Resources                            0x00006dd4   Data          56  spi_lpc17xx.o(.constdata)
    .constdata                               0x00006e38   Section      124  ssp_lpc17xx.o(.constdata)
    DriverVersion                            0x00006e38   Data           4  ssp_lpc17xx.o(.constdata)
    DriverCapabilities                       0x00006e3c   Data           4  ssp_lpc17xx.o(.constdata)
    SSP1_Resources                           0x00006e40   Data          72  ssp_lpc17xx.o(.constdata)
    .data                                    0x10000000   Section        4  main.o(.data)
    .data                                    0x10000004   Section        3  adc_mcb1700.o(.data)
    AD_last                                  0x10000004   Data           2  adc_mcb1700.o(.data)
    AD_done                                  0x10000006   Data           1  adc_mcb1700.o(.data)
    .data                                    0x10000008   Section       17  glcd_mcb1700.o(.data)
    spi1_pins                                0x10000008   Data           8  glcd_mcb1700.o(.data)
    foreground_color                         0x10000010   Data           2  glcd_mcb1700.o(.data)
    background_color                         0x10000012   Data           2  glcd_mcb1700.o(.data)
    active_font                              0x10000014   Data           4  glcd_mcb1700.o(.data)
    Himax                                    0x10000018   Data           1  glcd_mcb1700.o(.data)
    .data                                    0x1000001c   Section       20  rtx_conf_cm.o(.data)
    nr_mutex                                 0x1000002c   Data           4  rtx_conf_cm.o(.data)
    .data                                    0x10000030   Section       12  spi_lpc17xx.o(.data)
    SPI_pin_sck                              0x10000030   Data           2  spi_lpc17xx.o(.data)
    SPI_pin_miso                             0x10000032   Data           2  spi_lpc17xx.o(.data)
    SPI_pin_mosi                             0x10000034   Data           2  spi_lpc17xx.o(.data)
    SPI_pin_ssel                             0x10000036   Data           2  spi_lpc17xx.o(.data)
    spi                                      0x10000038   Data           4  spi_lpc17xx.o(.data)
    .data                                    0x1000003c   Section       16  ssp_lpc17xx.o(.data)
    SSP1_pin_sck                             0x1000003c   Data           2  ssp_lpc17xx.o(.data)
    SSP1_pin_miso                            0x1000003e   Data           2  ssp_lpc17xx.o(.data)
    SSP1_pin_mosi                            0x10000040   Data           2  ssp_lpc17xx.o(.data)
    SSP1_pin_ssel                            0x10000042   Data           2  ssp_lpc17xx.o(.data)
    dummy_data                               0x10000044   Data           4  ssp_lpc17xx.o(.data)
    dummy_data                               0x10000048   Data           4  ssp_lpc17xx.o(.data)
    .data                                    0x1000004c   Section        8  gpdma_lpc17xx.o(.data)
    Channel_active                           0x1000004c   Data           4  gpdma_lpc17xx.o(.data)
    Init_cnt                                 0x10000050   Data           4  gpdma_lpc17xx.o(.data)
    .data                                    0x10000054   Section        4  system_lpc17xx.o(.data)
    .data                                    0x10000058   Section        8  rt_cmsis.o(.data)
    .data                                    0x10000060   Section        8  rt_task.o(.data)
    .data                                    0x10000068   Section        8  rt_system.o(.data)
    os_lock                                  0x10000068   Data           1  rt_system.o(.data)
    os_psh_flag                              0x10000069   Data           1  rt_system.o(.data)
    pend_flags                               0x1000006a   Data           1  rt_system.o(.data)
    .data                                    0x10000070   Section        4  rt_time.o(.data)
    .data                                    0x10000074   Section        8  rt_robin.o(.data)
    .data                                    0x1000007c   Section        1  hal_cm.o(.data)
    .bss                                     0x10000080   Section     3016  rtx_conf_cm.o(.bss)
    std_libspace                             0x10000928   Data         672  rtx_conf_cm.o(.bss)
    std_libmutex                             0x10000bc8   Data         128  rtx_conf_cm.o(.bss)
    .bss                                     0x10000c48   Section       40  spi_lpc17xx.o(.bss)
    SPI_Info                                 0x10000c48   Data          12  spi_lpc17xx.o(.bss)
    SPI_Xfer                                 0x10000c54   Data          28  spi_lpc17xx.o(.bss)
    .bss                                     0x10000c70   Section       40  ssp_lpc17xx.o(.bss)
    SSP1_Info                                0x10000c70   Data          12  ssp_lpc17xx.o(.bss)
    SSP1_Xfer                                0x10000c7c   Data          28  ssp_lpc17xx.o(.bss)
    .bss                                     0x10000c98   Section      160  gpdma_lpc17xx.o(.bss)
    Channel_info                             0x10000c98   Data         160  gpdma_lpc17xx.o(.bss)
    .bss                                     0x10000d38   Section       52  rt_task.o(.bss)
    .bss                                     0x10000d6c   Section       48  rt_list.o(.bss)
    .bss                                     0x10000d9c   Section       96  libspace.o(.bss)
    HEAP                                     0x10000e00   Section        0  startup_lpc17xx.o(HEAP)
    STACK                                    0x10000e00   Section      512  startup_lpc17xx.o(STACK)
    Heap_Mem                                 0x10000e00   Data           0  startup_lpc17xx.o(HEAP)
    Stack_Mem                                0x10000e00   Data         512  startup_lpc17xx.o(STACK)
    __initial_sp                             0x10001000   Data           0  startup_lpc17xx.o(STACK)

    Global Symbols

    Symbol Name                              Value     Ov Type        Size  Object(Section)

    BuildAttributes$$THM_ISAv4$P$D$K$B$S$PE$A:L22UL41UL21$X:L11$S22US41US21$IEEE1$IW$USESV6$~STKCKD$USESV7$~SHL$OSPACE$ROPI$EBA8$UX$STANDARDLIB$REQ8$PRES8$EABIv2 0x00000000   Number         0  anon$$obj.o ABSOLUTE
    __ARM_use_no_argv                        0x00000000   Number         0  main.o ABSOLUTE
    __Vectors                                0x00000000   Data           4  startup_lpc17xx.o(RESET)
    __ARM_exceptions_init                     - Undefined Weak Reference
    __alloca_initialize                       - Undefined Weak Reference
    __arm_preinit_                            - Undefined Weak Reference
    __cpp_initialize__aeabi_                  - Undefined Weak Reference
    __cxa_finalize                            - Undefined Weak Reference
    __rt_locale                               - Undefined Weak Reference
    __sigvec_lookup                           - Undefined Weak Reference
    _atexit_init                              - Undefined Weak Reference
    _call_atexit_fns                          - Undefined Weak Reference
    _clock_init                               - Undefined Weak Reference
    _fp_trap_init                             - Undefined Weak Reference
    _fp_trap_shutdown                         - Undefined Weak Reference
    _get_lc_collate                           - Undefined Weak Reference
    _get_lc_ctype                             - Undefined Weak Reference
    _get_lc_monetary                          - Undefined Weak Reference
    _get_lc_numeric                           - Undefined Weak Reference
    _get_lc_time                              - Undefined Weak Reference
    _getenv_init                              - Undefined Weak Reference
    _handle_redirection                       - Undefined Weak Reference
    _init_alloc                               - Undefined Weak Reference
    _init_user_alloc                          - Undefined Weak Reference
    _initio                                   - Undefined Weak Reference
    _rand_init                                - Undefined Weak Reference
    _signal_finish                            - Undefined Weak Reference
    _signal_init                              - Undefined Weak Reference
    _terminate_alloc                          - Undefined Weak Reference
    _terminate_user_alloc                     - Undefined Weak Reference
    _terminateio                              - Undefined Weak Reference
    __main                                   0x000000cd   Thumb Code     8  __main.o(!!!main)
    __scatterload                            0x000000d5   Thumb Code     0  __scatter.o(!!!scatter)
    __scatterload_rt2                        0x000000d5   Thumb Code    44  __scatter.o(!!!scatter)
    __scatterload_rt2_thumb_only             0x000000d5   Thumb Code     0  __scatter.o(!!!scatter)
    __scatterload_null                       0x000000e3   Thumb Code     0  __scatter.o(!!!scatter)
    __scatterload_copy                       0x00000109   Thumb Code    26  __scatter_copy.o(!!handler_copy)
    __scatterload_zeroinit                   0x00000125   Thumb Code    28  __scatter_zi.o(!!handler_zi)
    __rt_lib_init                            0x00000141   Thumb Code     0  libinit.o(.ARM.Collect$$libinit$$00000000)
    __rt_lib_init_alloca_1                   0x00000143   Thumb Code     0  libinit2.o(.ARM.Collect$$libinit$$0000002E)
    __rt_lib_init_argv_1                     0x00000143   Thumb Code     0  libinit2.o(.ARM.Collect$$libinit$$0000002C)
    __rt_lib_init_atexit_1                   0x00000143   Thumb Code     0  libinit2.o(.ARM.Collect$$libinit$$0000001B)
    __rt_lib_init_clock_1                    0x00000143   Thumb Code     0  libinit2.o(.ARM.Collect$$libinit$$00000021)
    __rt_lib_init_cpp_1                      0x00000143   Thumb Code     0  libinit2.o(.ARM.Collect$$libinit$$00000032)
    __rt_lib_init_exceptions_1               0x00000143   Thumb Code     0  libinit2.o(.ARM.Collect$$libinit$$00000030)
    __rt_lib_init_fp_1                       0x00000143   Thumb Code     0  libinit2.o(.ARM.Collect$$libinit$$00000002)
    __rt_lib_init_fp_trap_1                  0x00000143   Thumb Code     0  libinit2.o(.ARM.Collect$$libinit$$0000001F)
    __rt_lib_init_getenv_1                   0x00000143   Thumb Code     0  libinit2.o(.ARM.Collect$$libinit$$00000023)
    __rt_lib_init_heap_1                     0x00000143   Thumb Code     0  libinit2.o(.ARM.Collect$$libinit$$0000000A)
    __rt_lib_init_lc_collate_1               0x00000143   Thumb Code     0  libinit2.o(.ARM.Collect$$libinit$$00000011)
    __rt_lib_init_lc_ctype_1                 0x00000143   Thumb Code     0  libinit2.o(.ARM.Collect$$libinit$$00000013)
    __rt_lib_init_lc_monetary_1              0x00000143   Thumb Code     0  libinit2.o(.ARM.Collect$$libinit$$00000015)
    __rt_lib_init_lc_numeric_1               0x00000143   Thumb Code     0  libinit2.o(.ARM.Collect$$libinit$$00000017)
    __rt_lib_init_lc_time_1                  0x00000143   Thumb Code     0  libinit2.o(.ARM.Collect$$libinit$$00000019)
    __rt_lib_init_preinit_1                  0x00000143   Thumb Code     0  libinit2.o(.ARM.Collect$$libinit$$00000004)
    __rt_lib_init_rand_1                     0x00000143   Thumb Code     0  libinit2.o(.ARM.Collect$$libinit$$0000000E)
    __rt_lib_init_return                     0x00000143   Thumb Code     0  libinit2.o(.ARM.Collect$$libinit$$00000033)
    __rt_lib_init_signal_1                   0x00000143   Thumb Code     0  libinit2.o(.ARM.Collect$$libinit$$0000001D)
    __rt_lib_init_stdio_1                    0x00000143   Thumb Code     0  libinit2.o(.ARM.Collect$$libinit$$00000025)
    __rt_lib_init_user_alloc_1               0x00000143   Thumb Code     0  libinit2.o(.ARM.Collect$$libinit$$0000000C)
    __rt_lib_shutdown                        0x00000145   Thumb Code     0  libshutdown.o(.ARM.Collect$$libshutdown$$00000000)
    __rt_lib_shutdown_cpp_1                  0x00000147   Thumb Code     0  libshutdown2.o(.ARM.Collect$$libshutdown$$00000002)
    __rt_lib_shutdown_fp_trap_1              0x00000147   Thumb Code     0  libshutdown2.o(.ARM.Collect$$libshutdown$$00000007)
    __rt_lib_shutdown_heap_1                 0x00000147   Thumb Code     0  libshutdown2.o(.ARM.Collect$$libshutdown$$0000000F)
    __rt_lib_shutdown_return                 0x00000147   Thumb Code     0  libshutdown2.o(.ARM.Collect$$libshutdown$$00000010)
    __rt_lib_shutdown_signal_1               0x00000147   Thumb Code     0  libshutdown2.o(.ARM.Collect$$libshutdown$$0000000A)
    __rt_lib_shutdown_stdio_1                0x00000147   Thumb Code     0  libshutdown2.o(.ARM.Collect$$libshutdown$$00000004)
    __rt_lib_shutdown_user_alloc_1           0x00000147   Thumb Code     0  libshutdown2.o(.ARM.Collect$$libshutdown$$0000000C)
    __rt_entry                               0x00000149   Thumb Code     0  __rtentry.o(.ARM.Collect$$rtentry$$00000000)
    __rt_entry_presh_1                       0x00000149   Thumb Code     0  __rtentry2.o(.ARM.Collect$$rtentry$$00000002)
    __rt_entry_sh                            0x00000149   Thumb Code     0  __rtentry4.o(.ARM.Collect$$rtentry$$00000004)
    __rt_entry_li                            0x0000014f   Thumb Code     0  __rtentry2.o(.ARM.Collect$$rtentry$$0000000A)
    __rt_entry_postsh_1                      0x0000014f   Thumb Code     0  __rtentry2.o(.ARM.Collect$$rtentry$$00000009)
    __rt_entry_postli_1                      0x00000153   Thumb Code     0  __rtentry2.o(.ARM.Collect$$rtentry$$0000000B)
    __rt_entry_main                          0x0000015b   Thumb Code     0  __rtentry2.o(.ARM.Collect$$rtentry$$0000000D)
    __rt_exit                                0x00000163   Thumb Code     0  rtexit.o(.ARM.Collect$$rtexit$$00000000)
    __rt_exit_ls                             0x00000165   Thumb Code     0  rtexit2.o(.ARM.Collect$$rtexit$$00000003)
    __rt_exit_prels_1                        0x00000165   Thumb Code     0  rtexit2.o(.ARM.Collect$$rtexit$$00000002)
    __rt_exit_exit                           0x00000169   Thumb Code     0  rtexit2.o(.ARM.Collect$$rtexit$$00000004)
    _platform_post_lib_init                  0x00000171   Thumb Code    24  rtx_conf_cm.o(.emb_text)
    rt_set_PSP                               0x0000018d   Thumb Code     6  hal_cm3.o(.emb_text)
    rt_get_PSP                               0x00000193   Thumb Code     6  hal_cm3.o(.emb_text)
    os_set_env                               0x00000199   Thumb Code    24  hal_cm3.o(.emb_text)
    _alloc_box                               0x000001b5   Thumb Code    28  hal_cm3.o(.emb_text)
    _free_box                                0x000001d5   Thumb Code    28  hal_cm3.o(.emb_text)
    SVC_Handler                              0x000001f5   Thumb Code   108  hal_cm3.o(.emb_text)
    PendSV_Handler                           0x0000026d   Thumb Code    56  hal_cm3.o(.emb_text)
    SysTick_Handler                          0x000002a9   Thumb Code     8  hal_cm3.o(.emb_text)
    OS_Tick_Handler                          0x000002b1   Thumb Code    12  hal_cm3.o(.emb_text)
    Reset_Handler                            0x000002bd   Thumb Code     8  startup_lpc17xx.o(.text)
    NMI_Handler                              0x000002c5   Thumb Code     2  startup_lpc17xx.o(.text)
    HardFault_Handler                        0x000002c7   Thumb Code     2  startup_lpc17xx.o(.text)
    MemManage_Handler                        0x000002c9   Thumb Code     2  startup_lpc17xx.o(.text)
    BusFault_Handler                         0x000002cb   Thumb Code     2  startup_lpc17xx.o(.text)
    UsageFault_Handler                       0x000002cd   Thumb Code     2  startup_lpc17xx.o(.text)
    DebugMon_Handler                         0x000002d1   Thumb Code     2  startup_lpc17xx.o(.text)
    BOD_IRQHandler                           0x000002d7   Thumb Code     0  startup_lpc17xx.o(.text)
    CANActivity_IRQHandler                   0x000002d7   Thumb Code     0  startup_lpc17xx.o(.text)
    CAN_IRQHandler                           0x000002d7   Thumb Code     0  startup_lpc17xx.o(.text)
    EINT0_IRQHandler                         0x000002d7   Thumb Code     0  startup_lpc17xx.o(.text)
    EINT1_IRQHandler                         0x000002d7   Thumb Code     0  startup_lpc17xx.o(.text)
    EINT2_IRQHandler                         0x000002d7   Thumb Code     0  startup_lpc17xx.o(.text)
    EINT3_IRQHandler                         0x000002d7   Thumb Code     0  startup_lpc17xx.o(.text)
    ENET_IRQHandler                          0x000002d7   Thumb Code     0  startup_lpc17xx.o(.text)
    I2C0_IRQHandler                          0x000002d7   Thumb Code     0  startup_lpc17xx.o(.text)
    I2C1_IRQHandler                          0x000002d7   Thumb Code     0  startup_lpc17xx.o(.text)
    I2C2_IRQHandler                          0x000002d7   Thumb Code     0  startup_lpc17xx.o(.text)
    I2S_IRQHandler                           0x000002d7   Thumb Code     0  startup_lpc17xx.o(.text)
    MCPWM_IRQHandler                         0x000002d7   Thumb Code     0  startup_lpc17xx.o(.text)
    PLL0_IRQHandler                          0x000002d7   Thumb Code     0  startup_lpc17xx.o(.text)
    PLL1_IRQHandler                          0x000002d7   Thumb Code     0  startup_lpc17xx.o(.text)
    PWM1_IRQHandler                          0x000002d7   Thumb Code     0  startup_lpc17xx.o(.text)
    QEI_IRQHandler                           0x000002d7   Thumb Code     0  startup_lpc17xx.o(.text)
    RIT_IRQHandler                           0x000002d7   Thumb Code     0  startup_lpc17xx.o(.text)
    RTC_IRQHandler                           0x000002d7   Thumb Code     0  startup_lpc17xx.o(.text)
    SSP0_IRQHandler                          0x000002d7   Thumb Code     0  startup_lpc17xx.o(.text)
    TIMER0_IRQHandler                        0x000002d7   Thumb Code     0  startup_lpc17xx.o(.text)
    TIMER1_IRQHandler                        0x000002d7   Thumb Code     0  startup_lpc17xx.o(.text)
    TIMER2_IRQHandler                        0x000002d7   Thumb Code     0  startup_lpc17xx.o(.text)
    TIMER3_IRQHandler                        0x000002d7   Thumb Code     0  startup_lpc17xx.o(.text)
    UART0_IRQHandler                         0x000002d7   Thumb Code     0  startup_lpc17xx.o(.text)
    UART1_IRQHandler                         0x000002d7   Thumb Code     0  startup_lpc17xx.o(.text)
    UART2_IRQHandler                         0x000002d7   Thumb Code     0  startup_lpc17xx.o(.text)
    UART3_IRQHandler                         0x000002d7   Thumb Code     0  startup_lpc17xx.o(.text)
    USBActivity_IRQHandler                   0x000002d7   Thumb Code     0  startup_lpc17xx.o(.text)
    USB_IRQHandler                           0x000002d7   Thumb Code     0  startup_lpc17xx.o(.text)
    WDT_IRQHandler                           0x000002d7   Thumb Code     0  startup_lpc17xx.o(.text)
    __user_initial_stackheap                 0x000002d9   Thumb Code     0  startup_lpc17xx.o(.text)
    __I$use$semihosting                      0x000002f9   Thumb Code     0  use_no_semi.o(.text)
    __use_no_semihosting_swi                 0x000002f9   Thumb Code     2  use_no_semi.o(.text)
    __semihosting_library_function           0x000002fb   Thumb Code     0  indicate_semi.o(.text)
    os_tick_irqack                           0x000002fb   Thumb Code     2  rt_system.o(i.os_tick_irqack)
    __user_libspace                          0x00000301   Thumb Code     8  libspace.o(.text)
    __user_perproc_libspace                  0x00000301   Thumb Code     0  libspace.o(.text)
    exit                                     0x00000309   Thumb Code    18  exit.o(.text)
    __aeabi_memclr4                          0x0000031b   Thumb Code     0  rt_memclr_w.o(.text)
    __aeabi_memclr8                          0x0000031b   Thumb Code     0  rt_memclr_w.o(.text)
    __rt_memclr_w                            0x0000031b   Thumb Code    78  rt_memclr_w.o(.text)
    _memset_w                                0x0000031f   Thumb Code     0  rt_memclr_w.o(.text)
    __use_two_region_memory                  0x00000369   Thumb Code     2  heapauxi.o(.text)
    __rt_heap_escrow$2region                 0x0000036b   Thumb Code     2  heapauxi.o(.text)
    __rt_heap_expand$2region                 0x0000036d   Thumb Code     2  heapauxi.o(.text)
    _sys_exit                                0x00000371   Thumb Code     8  sys_exit.o(.text)
    __user_setup_stackheap                   0x0000037d   Thumb Code    74  sys_stackheap_outer.o(.text)
    SVC_Count                                0x000003c8   Data           4  svc_table.o(SVC_TABLE)
    ADC_IRQHandler                           0x000003cd   Thumb Code    28  adc_mcb1700.o(i.ADC_IRQHandler)
    SVC_Table                                0x000003cc   Data           0  svc_table.o(SVC_TABLE)
    DMA_IRQHandler                           0x00000415   Thumb Code   372  gpdma_lpc17xx.o(i.DMA_IRQHandler)
    __RL_RTX_VER                             0x00000482   Number         0  rt_system.o ABSOLUTE
    DisplayMenu                              0x00000595   Thumb Code   408  menu.o(i.DisplayMenu)
    DisplayMenu01                            0x000007dd   Thumb Code   398  menu01.o(i.DisplayMenu01)
    DisplayMenu02                            0x00000a35   Thumb Code   400  menu02.o(i.DisplayMenu02)
    DisplayMenu03                            0x00000c8d   Thumb Code   400  menu03.o(i.DisplayMenu03)
    DisplayMenu04                            0x00000ee5   Thumb Code   400  menu04.o(i.DisplayMenu04)
    GLCD_ClearScreen                         0x0000113d   Thumb Code    44  glcd_mcb1700.o(i.GLCD_ClearScreen)
    GLCD_DrawChar                            0x0000116d   Thumb Code   194  glcd_mcb1700.o(i.GLCD_DrawChar)
    GLCD_DrawString                          0x0000123d   Thumb Code    38  glcd_mcb1700.o(i.GLCD_DrawString)
    GLCD_Initialize                          0x00001269   Thumb Code  1462  glcd_mcb1700.o(i.GLCD_Initialize)
    GLCD_SetBackgroundColor                  0x00001821   Thumb Code    10  glcd_mcb1700.o(i.GLCD_SetBackgroundColor)
    GLCD_SetFont                             0x00001831   Thumb Code    10  glcd_mcb1700.o(i.GLCD_SetFont)
    GLCD_SetForegroundColor                  0x00001841   Thumb Code    10  glcd_mcb1700.o(i.GLCD_SetForegroundColor)
    GLCD_SetWindow                           0x00001851   Thumb Code   168  glcd_mcb1700.o(i.GLCD_SetWindow)
    GLCD_WindowMax                           0x000018fd   Thumb Code    18  glcd_mcb1700.o(i.GLCD_WindowMax)
    GPDMA_ChannelConfigure                   0x00001911   Thumb Code   232  gpdma_lpc17xx.o(i.GPDMA_ChannelConfigure)
    GPDMA_ChannelDisable                     0x00001a05   Thumb Code    44  gpdma_lpc17xx.o(i.GPDMA_ChannelDisable)
    GPDMA_ChannelGetCount                    0x00001a35   Thumb Code    38  gpdma_lpc17xx.o(i.GPDMA_ChannelGetCount)
    GPDMA_Initialize                         0x00001a65   Thumb Code   154  gpdma_lpc17xx.o(i.GPDMA_Initialize)
    GPDMA_PeripheralSelect                   0x00001b15   Thumb Code    62  gpdma_lpc17xx.o(i.GPDMA_PeripheralSelect)
    GPDMA_Uninitialize                       0x00001b59   Thumb Code   116  gpdma_lpc17xx.o(i.GPDMA_Uninitialize)
    GPIO_PinRead                             0x00001bd9   Thumb Code    28  gpio_lpc17xx.o(i.GPIO_PinRead)
    GPIO_PinWrite                            0x00001bf9   Thumb Code    36  gpio_lpc17xx.o(i.GPIO_PinWrite)
    GPIO_PortClock                           0x00001c21   Thumb Code    38  gpio_lpc17xx.o(i.GPIO_PortClock)
    GPIO_SetDir                              0x00001c4d   Thumb Code    52  gpio_lpc17xx.o(i.GPIO_SetDir)
    Joystick_GetState                        0x00001d19   Thumb Code    88  joystick_mcb1700.o(i.Joystick_GetState)
    Joystick_Initialize                      0x00001d75   Thumb Code    68  joystick_mcb1700.o(i.Joystick_Initialize)
    PIN_Configure                            0x00001dbd   Thumb Code   246  pin_lpc17xx.o(i.PIN_Configure)
    SPI_IRQHandler                           0x00002545   Thumb Code   516  spi_lpc17xx.o(i.SPI_IRQHandler)
    SSP1_GPDMA_Rx_SignalEvent                0x00002d81   Thumb Code    14  ssp_lpc17xx.o(i.SSP1_GPDMA_Rx_SignalEvent)
    SSP1_GPDMA_Tx_SignalEvent                0x00002d95   Thumb Code    14  ssp_lpc17xx.o(i.SSP1_GPDMA_Tx_SignalEvent)
    SSP1_IRQHandler                          0x00002dc9   Thumb Code    10  ssp_lpc17xx.o(i.SSP1_IRQHandler)
    SSPx_GPDMA_Rx_SignalEvent                0x00003397   Thumb Code    54  ssp_lpc17xx.o(i.SSPx_GPDMA_Rx_SignalEvent)
    SSPx_GPDMA_Tx_SignalEvent                0x000033cd   Thumb Code    28  ssp_lpc17xx.o(i.SSPx_GPDMA_Tx_SignalEvent)
    SystemInit                               0x00003c85   Thumb Code   302  system_lpc17xx.o(i.SystemInit)
    _init_box                                0x00003e19   Thumb Code    70  rt_membox.o(i._init_box)
    _mutex_acquire                           0x00003e61   Thumb Code    22  rtx_conf_cm.o(i._mutex_acquire)
    _mutex_release                           0x00003e81   Thumb Code    18  rtx_conf_cm.o(i._mutex_release)
    dbg_init                                 0x00003e9d   Thumb Code    34  hal_cm.o(i.dbg_init)
    dbg_task_notify                          0x00003ecd   Thumb Code    32  hal_cm.o(i.dbg_task_notify)
    dbg_task_switch                          0x00003eed   Thumb Code    16  hal_cm.o(i.dbg_task_switch)
    isrMessageGet                            0x00003f29   Thumb Code    42  rt_cmsis.o(i.isrMessageGet)
    isrMessagePut                            0x00003f53   Thumb Code    44  rt_cmsis.o(i.isrMessagePut)
    isr_mbx_receive                          0x00003f81   Thumb Code    86  rt_mailbox.o(i.isr_mbx_receive)
    isr_mbx_send                             0x00003fd7   Thumb Code    14  rt_mailbox.o(i.isr_mbx_send)
    main                                     0x00003fe5   Thumb Code    70  main.o(i.main)
    osKernelInitialize                       0x00004031   Thumb Code    30  rt_cmsis.o(i.osKernelInitialize)
    osKernelStart                            0x00004055   Thumb Code    98  rt_cmsis.o(i.osKernelStart)
    osMessageGet                             0x000040c1   Thumb Code    18  rt_cmsis.o(i.osMessageGet)
    osThreadCreate                           0x000040d9   Thumb Code    36  rt_cmsis.o(i.osThreadCreate)
    osThreadExit                             0x00004105   Thumb Code    14  rt_cmsis.o(i.osThreadExit)
    osTimerCall                              0x0000411d   Thumb Code     8  rt_cmsis.o(i.osTimerCall)
    osTimerThread                            0x00004129   Thumb Code    38  rt_cmsis.o(i.osTimerThread)
    os_error                                 0x00004155   Thumb Code    34  rtx_conf_cm.o(i.os_error)
    os_idle_demon                            0x00004177   Thumb Code     4  rtx_conf_cm.o(i.os_idle_demon)
    os_tick_init                             0x0000417d   Thumb Code    32  rt_system.o(i.os_tick_init)
    rt_alloc_box                             0x000042c1   Thumb Code    26  rt_membox.o(i.rt_alloc_box)
    rt_alloc_mem                             0x000042db   Thumb Code    62  rt_memory.o(i.rt_alloc_mem)
    rt_block                                 0x00004319   Thumb Code    48  rt_task.o(i.rt_block)
    rt_chk_robin                             0x00004351   Thumb Code    60  rt_robin.o(i.rt_chk_robin)
    rt_dec_dly                               0x00004399   Thumb Code   102  rt_list.o(i.rt_dec_dly)
    rt_dispatch                              0x00004409   Thumb Code    60  rt_task.o(i.rt_dispatch)
    rt_evt_psh                               0x0000444d   Thumb Code    76  rt_event.o(i.rt_evt_psh)
    rt_free_box                              0x0000449d   Thumb Code    44  rt_membox.o(i.rt_free_box)
    rt_free_mem                              0x000044c9   Thumb Code    40  rt_memory.o(i.rt_free_mem)
    rt_get_first                             0x000044f1   Thumb Code    40  rt_list.o(i.rt_get_first)
    rt_init_mem                              0x00004569   Thumb Code    26  rt_memory.o(i.rt_init_mem)
    rt_init_robin                            0x00004585   Thumb Code    14  rt_robin.o(i.rt_init_robin)
    rt_init_stack                            0x0000459d   Thumb Code   118  hal_cm.o(i.rt_init_stack)
    rt_mbx_check                             0x0000461d   Thumb Code     8  rt_mailbox.o(i.rt_mbx_check)
    rt_mbx_init                              0x00004625   Thumb Code    26  rt_mailbox.o(i.rt_mbx_init)
    rt_mbx_psh                               0x00004641   Thumb Code   236  rt_mailbox.o(i.rt_mbx_psh)
    rt_mbx_wait                              0x00004731   Thumb Code   174  rt_mailbox.o(i.rt_mbx_wait)
    rt_mut_release                           0x00004829   Thumb Code   208  rt_mutex.o(i.rt_mut_release)
    rt_mut_wait                              0x00004901   Thumb Code   114  rt_mutex.o(i.rt_mut_wait)
    rt_pop_req                               0x00004979   Thumb Code   112  rt_system.o(i.rt_pop_req)
    rt_psh_req                               0x000049f5   Thumb Code    22  rt_system.o(i.rt_psh_req)
    rt_psq_enq                               0x00004a15   Thumb Code    88  rt_list.o(i.rt_psq_enq)
    rt_put_dly                               0x00004a71   Thumb Code    68  rt_list.o(i.rt_put_dly)
    rt_put_prio                              0x00004ab9   Thumb Code    54  rt_list.o(i.rt_put_prio)
    rt_put_rdy_first                         0x00004af1   Thumb Code    14  rt_list.o(i.rt_put_rdy_first)
    rt_resort_prio                           0x00004b05   Thumb Code    46  rt_list.o(i.rt_resort_prio)
    rt_ret_val                               0x00004b39   Thumb Code     6  hal_cm.o(i.rt_ret_val)
    rt_ret_val2                              0x00004b3f   Thumb Code     8  hal_cm.o(i.rt_ret_val2)
    rt_rmv_dly                               0x00004b47   Thumb Code    40  rt_list.o(i.rt_rmv_dly)
    rt_rmv_list                              0x00004b71   Thumb Code    44  rt_list.o(i.rt_rmv_list)
    rt_sem_psh                               0x00004ba1   Thumb Code    48  rt_semaphore.o(i.rt_sem_psh)
    rt_stk_check                             0x00004bd5   Thumb Code    28  rt_system.o(i.rt_stk_check)
    rt_switch_req                            0x00004bf9   Thumb Code    30  rt_task.o(i.rt_switch_req)
    rt_sys_init                              0x00004c21   Thumb Code   138  rt_task.o(i.rt_sys_init)
    rt_sys_start                             0x00004ced   Thumb Code   110  rt_task.o(i.rt_sys_start)
    rt_systick                               0x00004d65   Thumb Code    50  rt_system.o(i.rt_systick)
    rt_tsk_create                            0x00004ded   Thumb Code   118  rt_task.o(i.rt_tsk_create)
    rt_tsk_delete                            0x00004e75   Thumb Code   352  rt_task.o(i.rt_tsk_delete)
    rt_tsk_prio                              0x00004ff1   Thumb Code   108  rt_task.o(i.rt_tsk_prio)
    rt_tsk_self                              0x0000506d   Thumb Code    12  rt_task.o(i.rt_tsk_self)
    svcKernelInitialize                      0x00005131   Thumb Code    80  rt_cmsis.o(i.svcKernelInitialize)
    svcKernelStart                           0x000051a1   Thumb Code    62  rt_cmsis.o(i.svcKernelStart)
    svcMessageCreate                         0x000051e9   Thumb Code    36  rt_cmsis.o(i.svcMessageCreate)
    svcMessageGet                            0x0000520d   Thumb Code    58  rt_cmsis.o(i.svcMessageGet)
    svcThreadCreate                          0x00005249   Thumb Code    96  rt_cmsis.o(i.svcThreadCreate)
    svcThreadGetId                           0x000052b5   Thumb Code    22  rt_cmsis.o(i.svcThreadGetId)
    svcThreadTerminate                       0x000052d1   Thumb Code    50  rt_cmsis.o(i.svcThreadTerminate)
    svcTimerCall                             0x00005309   Thumb Code    24  rt_cmsis.o(i.svcTimerCall)
    sysTimerTick                             0x00005321   Thumb Code    84  rt_cmsis.o(i.sysTimerTick)
    GLCD_Font_6x8                            0x00006d38   Data          16  glcd_fonts.o(.constdata)
    GLCD_Font_16x24                          0x00006d48   Data          16  glcd_fonts.o(.constdata)
    JOYSTICK_PIN                             0x00006d58   Data          10  joystick_mcb1700.o(.constdata)
    os_maxtaskrun                            0x00006d64   Data           2  rtx_conf_cm.o(.constdata)
    os_stackinfo                             0x00006d68   Data           4  rtx_conf_cm.o(.constdata)
    os_rrobin                                0x00006d6c   Data           4  rtx_conf_cm.o(.constdata)
    os_tickfreq                              0x00006d70   Data           4  rtx_conf_cm.o(.constdata)
    os_tickus_i                              0x00006d74   Data           2  rtx_conf_cm.o(.constdata)
    os_tickus_f                              0x00006d76   Data           2  rtx_conf_cm.o(.constdata)
    os_trv                                   0x00006d78   Data           4  rtx_conf_cm.o(.constdata)
    os_flags                                 0x00006d7c   Data           1  rtx_conf_cm.o(.constdata)
    CMSIS_RTOS_API_Version                   0x00006d80   Data           4  rtx_conf_cm.o(.constdata)
    CMSIS_RTOS_RTX_Version                   0x00006d84   Data           4  rtx_conf_cm.o(.constdata)
    os_clockrate                             0x00006d88   Data           4  rtx_conf_cm.o(.constdata)
    os_timernum                              0x00006d8c   Data           4  rtx_conf_cm.o(.constdata)
    mp_tcb_size                              0x00006d90   Data           2  rtx_conf_cm.o(.constdata)
    mp_stk_size                              0x00006d94   Data           4  rtx_conf_cm.o(.constdata)
    os_stack_sz                              0x00006d98   Data           4  rtx_conf_cm.o(.constdata)
    os_fifo_size                             0x00006d9c   Data           1  rtx_conf_cm.o(.constdata)
    os_thread_def_osTimerThread              0x00006da0   Data          16  rtx_conf_cm.o(.constdata)
    os_messageQ_def_osTimerMessageQ          0x00006db0   Data           8  rtx_conf_cm.o(.constdata)
    mp_tmr_size                              0x00006db8   Data           2  rtx_conf_cm.o(.constdata)
    os_thread_def_main                       0x00006dbc   Data          16  rtx_conf_cm.o(.constdata)
    Driver_SPI2                              0x00006e0c   Data          44  spi_lpc17xx.o(.constdata)
    Driver_SPI1                              0x00006e88   Data          44  ssp_lpc17xx.o(.constdata)
    Region$$Table$$Base                      0x00006eb4   Number         0  anon$$obj.o(Region$$Table)
    Region$$Table$$Limit                     0x00006ed4   Number         0  anon$$obj.o(Region$$Table)
    programIndex                             0x10000000   Data           4  main.o(.data)
    osThreadId_osTimerThread                 0x1000001c   Data           4  rtx_conf_cm.o(.data)
    osMessageQId_osTimerMessageQ             0x10000020   Data           4  rtx_conf_cm.o(.data)
    os_tmr                                   0x10000024   Data           4  rtx_conf_cm.o(.data)
    m_tmr                                    0x10000028   Data           4  rtx_conf_cm.o(.data)
    SystemCoreClock                          0x10000054   Data           4  system_lpc17xx.o(.data)
    os_initialized                           0x10000058   Data           1  rt_cmsis.o(.data)
    os_running                               0x10000059   Data           1  rt_cmsis.o(.data)
    os_timer_head                            0x1000005c   Data           4  rt_cmsis.o(.data)
    os_tsk                                   0x10000060   Data           8  rt_task.o(.data)
    os_tick_irqn                             0x1000006c   Data           4  rt_system.o(.data)
    os_time                                  0x10000070   Data           4  rt_time.o(.data)
    os_robin                                 0x10000074   Data           8  rt_robin.o(.data)
    dbg_msg                                  0x1000007c   Data           1  hal_cm.o(.data)
    mp_tcb                                   0x10000080   Data         376  rtx_conf_cm.o(.bss)
    mp_stk                                   0x100001f8   Data        1216  rtx_conf_cm.o(.bss)
    os_stack_mem                             0x100006b8   Data         432  rtx_conf_cm.o(.bss)
    os_fifo                                  0x10000868   Data         132  rtx_conf_cm.o(.bss)
    os_active_TCB                            0x100008ec   Data          28  rtx_conf_cm.o(.bss)
    os_messageQ_q_osTimerMessageQ            0x10000908   Data          32  rtx_conf_cm.o(.bss)
    os_idle_TCB                              0x10000d38   Data          52  rt_task.o(.bss)
    os_rdy                                   0x10000d6c   Data          24  rt_list.o(.bss)
    os_dly                                   0x10000d84   Data          24  rt_list.o(.bss)
    __libspace_start                         0x10000d9c   Data          96  libspace.o(.bss)
    __temporary_stack_top$libspace           0x10000dfc   Data           0  libspace.o(.bss)



==============================================================================

Memory Map of the image

  Image Entry point : 0x000002bd

  Load Region LR_1 (Base: 0x00000000, Size: 0x00006f54, Max: 0xffffffff, ABSOLUTE)

    Execution Region ER_RO (Exec base: 0x00000000, Load base: 0x00000000, Size: 0x00006ed4, Max: 0xffffffff, ABSOLUTE)

    Exec Addr    Load Addr    Size         Type   Attr      Idx    E Section Name        Object

    0x00000000   0x00000000   0x000000cc   Data   RO         1867    RESET               startup_lpc17xx.o
    0x000000cc   0x000000cc   0x00000008   Code   RO         3137  * !!!main             c_w.l(__main.o)
    0x000000d4   0x000000d4   0x00000034   Code   RO         3298    !!!scatter          c_w.l(__scatter.o)
    0x00000108   0x00000108   0x0000001a   Code   RO         3300    !!handler_copy      c_w.l(__scatter_copy.o)
    0x00000122   0x00000122   0x00000002   PAD
    0x00000124   0x00000124   0x0000001c   Code   RO         3302    !!handler_zi        c_w.l(__scatter_zi.o)
    0x00000140   0x00000140   0x00000002   Code   RO         3184    .ARM.Collect$$libinit$$00000000  c_w.l(libinit.o)
    0x00000142   0x00000142   0x00000000   Code   RO         3196    .ARM.Collect$$libinit$$00000002  c_w.l(libinit2.o)
    0x00000142   0x00000142   0x00000000   Code   RO         3198    .ARM.Collect$$libinit$$00000004  c_w.l(libinit2.o)
    0x00000142   0x00000142   0x00000000   Code   RO         3201    .ARM.Collect$$libinit$$0000000A  c_w.l(libinit2.o)
    0x00000142   0x00000142   0x00000000   Code   RO         3203    .ARM.Collect$$libinit$$0000000C  c_w.l(libinit2.o)
    0x00000142   0x00000142   0x00000000   Code   RO         3205    .ARM.Collect$$libinit$$0000000E  c_w.l(libinit2.o)
    0x00000142   0x00000142   0x00000000   Code   RO         3208    .ARM.Collect$$libinit$$00000011  c_w.l(libinit2.o)
    0x00000142   0x00000142   0x00000000   Code   RO         3210    .ARM.Collect$$libinit$$00000013  c_w.l(libinit2.o)
    0x00000142   0x00000142   0x00000000   Code   RO         3212    .ARM.Collect$$libinit$$00000015  c_w.l(libinit2.o)
    0x00000142   0x00000142   0x00000000   Code   RO         3214    .ARM.Collect$$libinit$$00000017  c_w.l(libinit2.o)
    0x00000142   0x00000142   0x00000000   Code   RO         3216    .ARM.Collect$$libinit$$00000019  c_w.l(libinit2.o)
    0x00000142   0x00000142   0x00000000   Code   RO         3218    .ARM.Collect$$libinit$$0000001B  c_w.l(libinit2.o)
    0x00000142   0x00000142   0x00000000   Code   RO         3220    .ARM.Collect$$libinit$$0000001D  c_w.l(libinit2.o)
    0x00000142   0x00000142   0x00000000   Code   RO         3222    .ARM.Collect$$libinit$$0000001F  c_w.l(libinit2.o)
    0x00000142   0x00000142   0x00000000   Code   RO         3224    .ARM.Collect$$libinit$$00000021  c_w.l(libinit2.o)
    0x00000142   0x00000142   0x00000000   Code   RO         3226    .ARM.Collect$$libinit$$00000023  c_w.l(libinit2.o)
    0x00000142   0x00000142   0x00000000   Code   RO         3228    .ARM.Collect$$libinit$$00000025  c_w.l(libinit2.o)
    0x00000142   0x00000142   0x00000000   Code   RO         3232    .ARM.Collect$$libinit$$0000002C  c_w.l(libinit2.o)
    0x00000142   0x00000142   0x00000000   Code   RO         3234    .ARM.Collect$$libinit$$0000002E  c_w.l(libinit2.o)
    0x00000142   0x00000142   0x00000000   Code   RO         3236    .ARM.Collect$$libinit$$00000030  c_w.l(libinit2.o)
    0x00000142   0x00000142   0x00000000   Code   RO         3238    .ARM.Collect$$libinit$$00000032  c_w.l(libinit2.o)
    0x00000142   0x00000142   0x00000002   Code   RO         3239    .ARM.Collect$$libinit$$00000033  c_w.l(libinit2.o)
    0x00000144   0x00000144   0x00000002   Code   RO         3185    .ARM.Collect$$libshutdown$$00000000  c_w.l(libshutdown.o)
    0x00000146   0x00000146   0x00000000   Code   RO         3241    .ARM.Collect$$libshutdown$$00000002  c_w.l(libshutdown2.o)
    0x00000146   0x00000146   0x00000000   Code   RO         3243    .ARM.Collect$$libshutdown$$00000004  c_w.l(libshutdown2.o)
    0x00000146   0x00000146   0x00000000   Code   RO         3246    .ARM.Collect$$libshutdown$$00000007  c_w.l(libshutdown2.o)
    0x00000146   0x00000146   0x00000000   Code   RO         3249    .ARM.Collect$$libshutdown$$0000000A  c_w.l(libshutdown2.o)
    0x00000146   0x00000146   0x00000000   Code   RO         3251    .ARM.Collect$$libshutdown$$0000000C  c_w.l(libshutdown2.o)
    0x00000146   0x00000146   0x00000000   Code   RO         3254    .ARM.Collect$$libshutdown$$0000000F  c_w.l(libshutdown2.o)
    0x00000146   0x00000146   0x00000002   Code   RO         3255    .ARM.Collect$$libshutdown$$00000010  c_w.l(libshutdown2.o)
    0x00000148   0x00000148   0x00000000   Code   RO         3139    .ARM.Collect$$rtentry$$00000000  c_w.l(__rtentry.o)
    0x00000148   0x00000148   0x00000000   Code   RO         3147    .ARM.Collect$$rtentry$$00000002  c_w.l(__rtentry2.o)
    0x00000148   0x00000148   0x00000006   Code   RO         3159    .ARM.Collect$$rtentry$$00000004  c_w.l(__rtentry4.o)
    0x0000014e   0x0000014e   0x00000000   Code   RO         3149    .ARM.Collect$$rtentry$$00000009  c_w.l(__rtentry2.o)
    0x0000014e   0x0000014e   0x00000004   Code   RO         3150    .ARM.Collect$$rtentry$$0000000A  c_w.l(__rtentry2.o)
    0x00000152   0x00000152   0x00000008   Code   RO         3151    .ARM.Collect$$rtentry$$0000000B  c_w.l(__rtentry2.o)
    0x0000015a   0x0000015a   0x00000008   Code   RO         3153    .ARM.Collect$$rtentry$$0000000D  c_w.l(__rtentry2.o)
    0x00000162   0x00000162   0x00000002   Code   RO         3140    .ARM.Collect$$rtexit$$00000000  c_w.l(rtexit.o)
    0x00000164   0x00000164   0x00000000   Code   RO         3162    .ARM.Collect$$rtexit$$00000002  c_w.l(rtexit2.o)
    0x00000164   0x00000164   0x00000004   Code   RO         3163    .ARM.Collect$$rtexit$$00000003  c_w.l(rtexit2.o)
    0x00000168   0x00000168   0x00000006   Code   RO         3164    .ARM.Collect$$rtexit$$00000004  c_w.l(rtexit2.o)
    0x0000016e   0x0000016e   0x00000002   PAD
    0x00000170   0x00000170   0x0000001c   Code   RO         1343    .emb_text           rtx_conf_cm.o
    0x0000018c   0x0000018c   0x00000130   Code   RO         3109    .emb_text           RTX_CM3.lib(hal_cm3.o)
    0x000002bc   0x000002bc   0x0000003c   Code   RO         1869  * .text               startup_lpc17xx.o
    0x000002f8   0x000002f8   0x00000002   Code   RO         3186    .text               c_w.l(use_no_semi.o)
    0x000002fa   0x000002fa   0x00000000   Code   RO         3188    .text               c_w.l(indicate_semi.o)
    0x000002fa   0x000002fa   0x00000002   Code   RO         2656    i.os_tick_irqack    RTX_CM3.lib(rt_system.o)
    0x000002fc   0x000002fc   0x00000004   Code   RO         1868    .ARM.__at_0x02FC    startup_lpc17xx.o
    0x00000300   0x00000300   0x00000008   Code   RO         3124    .text               c_w.l(libspace.o)
    0x00000308   0x00000308   0x00000012   Code   RO         3131    .text               c_w.l(exit.o)
    0x0000031a   0x0000031a   0x0000004e   Code   RO         3133    .text               c_w.l(rt_memclr_w.o)
    0x00000368   0x00000368   0x00000006   Code   RO         3135    .text               c_w.l(heapauxi.o)
    0x0000036e   0x0000036e   0x00000002   PAD
    0x00000370   0x00000370   0x0000000c   Code   RO         3170    .text               c_w.l(sys_exit.o)
    0x0000037c   0x0000037c   0x0000004a   Code   RO         3172    .text               c_w.l(sys_stackheap_outer.o)
    0x000003c6   0x000003c6   0x00000002   PAD
    0x000003c8   0x000003c8   0x00000004   Code   RO         3119    SVC_TABLE           RTX_CM3.lib(svc_table.o)
    0x000003cc   0x000003cc   0x00000028   Code   RO          115    i.ADC_IRQHandler    adc_mcb1700.o
    0x000003f4   0x000003f4   0x00000020   Code   RO         1688    i.Clear_Channel_active_flag  gpdma_lpc17xx.o
    0x00000414   0x00000414   0x00000180   Code   RO         1689    i.DMA_IRQHandler    gpdma_lpc17xx.o
    0x00000594   0x00000594   0x00000248   Code   RO           44    i.DisplayMenu       menu.o
    0x000007dc   0x000007dc   0x00000258   Code   RO           96    i.DisplayMenu01     menu01.o
    0x00000a34   0x00000a34   0x00000258   Code   RO           57    i.DisplayMenu02     menu02.o
    0x00000c8c   0x00000c8c   0x00000258   Code   RO           70    i.DisplayMenu03     menu03.o
    0x00000ee4   0x00000ee4   0x00000258   Code   RO           83    i.DisplayMenu04     menu04.o
    0x0000113c   0x0000113c   0x00000030   Code   RO          270    i.GLCD_ClearScreen  glcd_mcb1700.o
    0x0000116c   0x0000116c   0x000000d0   Code   RO          273    i.GLCD_DrawChar     glcd_mcb1700.o
    0x0000123c   0x0000123c   0x0000002c   Code   RO          277    i.GLCD_DrawString   glcd_mcb1700.o
    0x00001268   0x00001268   0x000005b6   Code   RO          281    i.GLCD_Initialize   glcd_mcb1700.o
    0x0000181e   0x0000181e   0x00000002   PAD
    0x00001820   0x00001820   0x00000010   Code   RO          282    i.GLCD_SetBackgroundColor  glcd_mcb1700.o
    0x00001830   0x00001830   0x00000010   Code   RO          283    i.GLCD_SetFont      glcd_mcb1700.o
    0x00001840   0x00001840   0x00000010   Code   RO          284    i.GLCD_SetForegroundColor  glcd_mcb1700.o
    0x00001850   0x00001850   0x000000ac   Code   RO          285    i.GLCD_SetWindow    glcd_mcb1700.o
    0x000018fc   0x000018fc   0x00000012   Code   RO          288    i.GLCD_WindowMax    glcd_mcb1700.o
    0x0000190e   0x0000190e   0x00000002   PAD
    0x00001910   0x00001910   0x000000f4   Code   RO         1690    i.GPDMA_ChannelConfigure  gpdma_lpc17xx.o
    0x00001a04   0x00001a04   0x00000030   Code   RO         1691    i.GPDMA_ChannelDisable  gpdma_lpc17xx.o
    0x00001a34   0x00001a34   0x00000030   Code   RO         1693    i.GPDMA_ChannelGetCount  gpdma_lpc17xx.o
    0x00001a64   0x00001a64   0x000000b0   Code   RO         1695    i.GPDMA_Initialize  gpdma_lpc17xx.o
    0x00001b14   0x00001b14   0x00000044   Code   RO         1696    i.GPDMA_PeripheralSelect  gpdma_lpc17xx.o
    0x00001b58   0x00001b58   0x00000080   Code   RO         1697    i.GPDMA_Uninitialize  gpdma_lpc17xx.o
    0x00001bd8   0x00001bd8   0x00000020   Code   RO         1778    i.GPIO_PinRead      gpio_lpc17xx.o
    0x00001bf8   0x00001bf8   0x00000028   Code   RO         1779    i.GPIO_PinWrite     gpio_lpc17xx.o
    0x00001c20   0x00001c20   0x0000002c   Code   RO         1780    i.GPIO_PortClock    gpio_lpc17xx.o
    0x00001c4c   0x00001c4c   0x00000038   Code   RO         1783    i.GPIO_SetDir       gpio_lpc17xx.o
    0x00001c84   0x00001c84   0x00000050   Code   RO         1404    i.GetSPIClockFreq   spi_lpc17xx.o
    0x00001cd4   0x00001cd4   0x00000044   Code   RO         1514    i.GetSSPClockFreq   ssp_lpc17xx.o
    0x00001d18   0x00001d18   0x0000005c   Code   RO          471    i.Joystick_GetState  joystick_mcb1700.o
    0x00001d74   0x00001d74   0x00000048   Code   RO          472    i.Joystick_Initialize  joystick_mcb1700.o
    0x00001dbc   0x00001dbc   0x000000fc   Code   RO         1832    i.PIN_Configure     pin_lpc17xx.o
    0x00001eb8   0x00001eb8   0x000005e8   Code   RO         1405    i.SPI_Control       spi_lpc17xx.o
    0x000024a0   0x000024a0   0x0000000c   Code   RO         1406    i.SPI_GetCapabilities  spi_lpc17xx.o
    0x000024ac   0x000024ac   0x00000020   Code   RO         1407    i.SPI_GetDataCount  spi_lpc17xx.o
    0x000024cc   0x000024cc   0x00000068   Code   RO         1408    i.SPI_GetStatus     spi_lpc17xx.o
    0x00002534   0x00002534   0x00000010   Code   RO         1409    i.SPI_GetVersion    spi_lpc17xx.o
    0x00002544   0x00002544   0x00000208   Code   RO         1410    i.SPI_IRQHandler    spi_lpc17xx.o
    0x0000274c   0x0000274c   0x000000c8   Code   RO         1411    i.SPI_Initialize    spi_lpc17xx.o
    0x00002814   0x00002814   0x000001d0   Code   RO         1412    i.SPI_PowerControl  spi_lpc17xx.o
    0x000029e4   0x000029e4   0x000000b8   Code   RO         1413    i.SPI_Receive       spi_lpc17xx.o
    0x00002a9c   0x00002a9c   0x00000118   Code   RO         1414    i.SPI_Send          spi_lpc17xx.o
    0x00002bb4   0x00002bb4   0x00000118   Code   RO         1415    i.SPI_Transfer      spi_lpc17xx.o
    0x00002ccc   0x00002ccc   0x0000009c   Code   RO         1416    i.SPI_Uninitialize  spi_lpc17xx.o
    0x00002d68   0x00002d68   0x00000018   Code   RO         1515    i.SSP1_Control      ssp_lpc17xx.o
    0x00002d80   0x00002d80   0x00000014   Code   RO         1516    i.SSP1_GPDMA_Rx_SignalEvent  ssp_lpc17xx.o
    0x00002d94   0x00002d94   0x00000014   Code   RO         1517    i.SSP1_GPDMA_Tx_SignalEvent  ssp_lpc17xx.o
    0x00002da8   0x00002da8   0x00000010   Code   RO         1518    i.SSP1_GetDataCount  ssp_lpc17xx.o
    0x00002db8   0x00002db8   0x00000010   Code   RO         1519    i.SSP1_GetStatus    ssp_lpc17xx.o
    0x00002dc8   0x00002dc8   0x00000010   Code   RO         1520    i.SSP1_IRQHandler   ssp_lpc17xx.o
    0x00002dd8   0x00002dd8   0x00000014   Code   RO         1521    i.SSP1_Initialize   ssp_lpc17xx.o
    0x00002dec   0x00002dec   0x00000014   Code   RO         1522    i.SSP1_PowerControl  ssp_lpc17xx.o
    0x00002e00   0x00002e00   0x00000018   Code   RO         1523    i.SSP1_Receive      ssp_lpc17xx.o
    0x00002e18   0x00002e18   0x00000018   Code   RO         1524    i.SSP1_Send         ssp_lpc17xx.o
    0x00002e30   0x00002e30   0x0000001c   Code   RO         1525    i.SSP1_Transfer     ssp_lpc17xx.o
    0x00002e4c   0x00002e4c   0x00000010   Code   RO         1526    i.SSP1_Uninitialize  ssp_lpc17xx.o
    0x00002e5c   0x00002e5c   0x0000000c   Code   RO         1527    i.SSP_GetCapabilities  ssp_lpc17xx.o
    0x00002e68   0x00002e68   0x00000010   Code   RO         1528    i.SSP_GetVersion    ssp_lpc17xx.o
    0x00002e78   0x00002e78   0x0000051e   Code   RO         1529    i.SSPx_Control      ssp_lpc17xx.o
    0x00003396   0x00003396   0x00000036   Code   RO         1530    i.SSPx_GPDMA_Rx_SignalEvent  ssp_lpc17xx.o
    0x000033cc   0x000033cc   0x0000001c   Code   RO         1531    i.SSPx_GPDMA_Tx_SignalEvent  ssp_lpc17xx.o
    0x000033e8   0x000033e8   0x0000002c   Code   RO         1532    i.SSPx_GetDataCount  ssp_lpc17xx.o
    0x00003414   0x00003414   0x0000005a   Code   RO         1533    i.SSPx_GetStatus    ssp_lpc17xx.o
    0x0000346e   0x0000346e   0x00000104   Code   RO         1534    i.SSPx_IRQHandler   ssp_lpc17xx.o
    0x00003572   0x00003572   0x000000a8   Code   RO         1535    i.SSPx_Initialize   ssp_lpc17xx.o
    0x0000361a   0x0000361a   0x00000002   PAD
    0x0000361c   0x0000361c   0x000001bc   Code   RO         1536    i.SSPx_PowerControl  ssp_lpc17xx.o
    0x000037d8   0x000037d8   0x0000015c   Code   RO         1537    i.SSPx_Receive      ssp_lpc17xx.o
    0x00003934   0x00003934   0x00000154   Code   RO         1538    i.SSPx_Send         ssp_lpc17xx.o
    0x00003a88   0x00003a88   0x00000152   Code   RO         1539    i.SSPx_Transfer     ssp_lpc17xx.o
    0x00003bda   0x00003bda   0x00000070   Code   RO         1540    i.SSPx_Uninitialize  ssp_lpc17xx.o
    0x00003c4a   0x00003c4a   0x00000002   PAD
    0x00003c4c   0x00003c4c   0x00000038   Code   RO         1698    i.Set_Channel_active_flag  gpdma_lpc17xx.o
    0x00003c84   0x00003c84   0x00000140   Code   RO         1879    i.SystemInit        system_lpc17xx.o
    0x00003dc4   0x00003dc4   0x0000001c   Code   RO         1417    i.__NVIC_ClearPendingIRQ  spi_lpc17xx.o
    0x00003de0   0x00003de0   0x0000001c   Code   RO         1541    i.__NVIC_ClearPendingIRQ  ssp_lpc17xx.o
    0x00003dfc   0x00003dfc   0x0000001c   Code   RO         1699    i.__NVIC_ClearPendingIRQ  gpdma_lpc17xx.o
    0x00003e18   0x00003e18   0x00000046   Code   RO         3008    i._init_box         RTX_CM3.lib(rt_membox.o)
    0x00003e5e   0x00003e5e   0x00000002   PAD
    0x00003e60   0x00003e60   0x00000020   Code   RO         1345    i._mutex_acquire    rtx_conf_cm.o
    0x00003e80   0x00003e80   0x0000001c   Code   RO         1347    i._mutex_release    rtx_conf_cm.o
    0x00003e9c   0x00003e9c   0x00000030   Code   RO         3061    i.dbg_init          RTX_CM3.lib(hal_cm.o)
    0x00003ecc   0x00003ecc   0x00000020   Code   RO         3062    i.dbg_task_notify   RTX_CM3.lib(hal_cm.o)
    0x00003eec   0x00003eec   0x00000010   Code   RO         3063    i.dbg_task_switch   RTX_CM3.lib(hal_cm.o)
    0x00003efc   0x00003efc   0x0000002c   Code   RO          289    i.delay_ms          glcd_mcb1700.o
    0x00003f28   0x00003f28   0x0000002a   Code   RO         1914    i.isrMessageGet     RTX_CM3.lib(rt_cmsis.o)
    0x00003f52   0x00003f52   0x0000002c   Code   RO         1915    i.isrMessagePut     RTX_CM3.lib(rt_cmsis.o)
    0x00003f7e   0x00003f7e   0x00000002   PAD
    0x00003f80   0x00003f80   0x00000056   Code   RO         2863    i.isr_mbx_receive   RTX_CM3.lib(rt_mailbox.o)
    0x00003fd6   0x00003fd6   0x0000000e   Code   RO         2864    i.isr_mbx_send      RTX_CM3.lib(rt_mailbox.o)
    0x00003fe4   0x00003fe4   0x0000004c   Code   RO            1    i.main              main.o
    0x00004030   0x00004030   0x00000024   Code   RO         1919    i.osKernelInitialize  RTX_CM3.lib(rt_cmsis.o)
    0x00004054   0x00004054   0x0000006c   Code   RO         1921    i.osKernelStart     RTX_CM3.lib(rt_cmsis.o)
    0x000040c0   0x000040c0   0x00000018   Code   RO         1930    i.osMessageGet      RTX_CM3.lib(rt_cmsis.o)
    0x000040d8   0x000040d8   0x0000002c   Code   RO         1947    i.osThreadCreate    RTX_CM3.lib(rt_cmsis.o)
    0x00004104   0x00004104   0x00000018   Code   RO         1948    i.osThreadExit      RTX_CM3.lib(rt_cmsis.o)
    0x0000411c   0x0000411c   0x0000000c   Code   RO         1954    i.osTimerCall       RTX_CM3.lib(rt_cmsis.o)
    0x00004128   0x00004128   0x0000002c   Code   RO         1959    i.osTimerThread     RTX_CM3.lib(rt_cmsis.o)
    0x00004154   0x00004154   0x00000022   Code   RO         1348    i.os_error          rtx_conf_cm.o
    0x00004176   0x00004176   0x00000004   Code   RO         1349    i.os_idle_demon     rtx_conf_cm.o
    0x0000417a   0x0000417a   0x00000002   PAD
    0x0000417c   0x0000417c   0x00000028   Code   RO         2655    i.os_tick_init      RTX_CM3.lib(rt_system.o)
    0x000041a4   0x000041a4   0x00000044   Code   RO          290    i.rd_dat            glcd_mcb1700.o
    0x000041e8   0x000041e8   0x000000c8   Code   RO          291    i.rd_id_man         glcd_mcb1700.o
    0x000042b0   0x000042b0   0x00000010   Code   RO          292    i.rd_reg            glcd_mcb1700.o
    0x000042c0   0x000042c0   0x0000001a   Code   RO         3009    i.rt_alloc_box      RTX_CM3.lib(rt_membox.o)
    0x000042da   0x000042da   0x0000003e   Code   RO         3037    i.rt_alloc_mem      RTX_CM3.lib(rt_memory.o)
    0x00004318   0x00004318   0x00000038   Code   RO         2536    i.rt_block          RTX_CM3.lib(rt_task.o)
    0x00004350   0x00004350   0x00000048   Code   RO         2986    i.rt_chk_robin      RTX_CM3.lib(rt_robin.o)
    0x00004398   0x00004398   0x00000070   Code   RO         2787    i.rt_dec_dly        RTX_CM3.lib(rt_list.o)
    0x00004408   0x00004408   0x00000044   Code   RO         2537    i.rt_dispatch       RTX_CM3.lib(rt_task.o)
    0x0000444c   0x0000444c   0x00000050   Code   RO         2748    i.rt_evt_psh        RTX_CM3.lib(rt_event.o)
    0x0000449c   0x0000449c   0x0000002c   Code   RO         3010    i.rt_free_box       RTX_CM3.lib(rt_membox.o)
    0x000044c8   0x000044c8   0x00000028   Code   RO         3038    i.rt_free_mem       RTX_CM3.lib(rt_memory.o)
    0x000044f0   0x000044f0   0x00000028   Code   RO         2788    i.rt_get_first      RTX_CM3.lib(rt_list.o)
    0x00004518   0x00004518   0x00000008   Code   RO         1964    i.rt_id2obj         RTX_CM3.lib(rt_cmsis.o)
    0x00004520   0x00004520   0x00000048   Code   RO         2538    i.rt_init_context   RTX_CM3.lib(rt_task.o)
    0x00004568   0x00004568   0x0000001a   Code   RO         3039    i.rt_init_mem       RTX_CM3.lib(rt_memory.o)
    0x00004582   0x00004582   0x00000002   PAD
    0x00004584   0x00004584   0x00000018   Code   RO         2987    i.rt_init_robin     RTX_CM3.lib(rt_robin.o)
    0x0000459c   0x0000459c   0x00000080   Code   RO         3064    i.rt_init_stack     RTX_CM3.lib(hal_cm.o)
    0x0000461c   0x0000461c   0x00000008   Code   RO         2865    i.rt_mbx_check      RTX_CM3.lib(rt_mailbox.o)
    0x00004624   0x00004624   0x0000001a   Code   RO         2866    i.rt_mbx_init       RTX_CM3.lib(rt_mailbox.o)
    0x0000463e   0x0000463e   0x00000002   PAD
    0x00004640   0x00004640   0x000000f0   Code   RO         2867    i.rt_mbx_psh        RTX_CM3.lib(rt_mailbox.o)
    0x00004730   0x00004730   0x000000b4   Code   RO         2869    i.rt_mbx_wait       RTX_CM3.lib(rt_mailbox.o)
    0x000047e4   0x000047e4   0x00000044   Code   RO         1965    i.rt_ms2tick        RTX_CM3.lib(rt_cmsis.o)
    0x00004828   0x00004828   0x000000d8   Code   RO         2622    i.rt_mut_release    RTX_CM3.lib(rt_mutex.o)
    0x00004900   0x00004900   0x00000078   Code   RO         2623    i.rt_mut_wait       RTX_CM3.lib(rt_mutex.o)
    0x00004978   0x00004978   0x0000007c   Code   RO         2659    i.rt_pop_req        RTX_CM3.lib(rt_system.o)
    0x000049f4   0x000049f4   0x00000020   Code   RO         2660    i.rt_psh_req        RTX_CM3.lib(rt_system.o)
    0x00004a14   0x00004a14   0x0000005c   Code   RO         2790    i.rt_psq_enq        RTX_CM3.lib(rt_list.o)
    0x00004a70   0x00004a70   0x00000048   Code   RO         2791    i.rt_put_dly        RTX_CM3.lib(rt_list.o)
    0x00004ab8   0x00004ab8   0x00000036   Code   RO         2792    i.rt_put_prio       RTX_CM3.lib(rt_list.o)
    0x00004aee   0x00004aee   0x00000002   PAD
    0x00004af0   0x00004af0   0x00000014   Code   RO         2793    i.rt_put_rdy_first  RTX_CM3.lib(rt_list.o)
    0x00004b04   0x00004b04   0x00000034   Code   RO         2794    i.rt_resort_prio    RTX_CM3.lib(rt_list.o)
    0x00004b38   0x00004b38   0x00000006   Code   RO         3065    i.rt_ret_val        RTX_CM3.lib(hal_cm.o)
    0x00004b3e   0x00004b3e   0x00000008   Code   RO         3066    i.rt_ret_val2       RTX_CM3.lib(hal_cm.o)
    0x00004b46   0x00004b46   0x00000028   Code   RO         2795    i.rt_rmv_dly        RTX_CM3.lib(rt_list.o)
    0x00004b6e   0x00004b6e   0x00000002   PAD
    0x00004b70   0x00004b70   0x00000030   Code   RO         2796    i.rt_rmv_list       RTX_CM3.lib(rt_list.o)
    0x00004ba0   0x00004ba0   0x00000034   Code   RO         2914    i.rt_sem_psh        RTX_CM3.lib(rt_semaphore.o)
    0x00004bd4   0x00004bd4   0x00000024   Code   RO         2662    i.rt_stk_check      RTX_CM3.lib(rt_system.o)
    0x00004bf8   0x00004bf8   0x00000028   Code   RO         2539    i.rt_switch_req     RTX_CM3.lib(rt_task.o)
    0x00004c20   0x00004c20   0x000000cc   Code   RO         2540    i.rt_sys_init       RTX_CM3.lib(rt_task.o)
    0x00004cec   0x00004cec   0x00000078   Code   RO         2541    i.rt_sys_start      RTX_CM3.lib(rt_task.o)
    0x00004d64   0x00004d64   0x00000040   Code   RO         2664    i.rt_systick        RTX_CM3.lib(rt_system.o)
    0x00004da4   0x00004da4   0x00000012   Code   RO         1966    i.rt_tid2ptcb       RTX_CM3.lib(rt_cmsis.o)
    0x00004db6   0x00004db6   0x00000002   PAD
    0x00004db8   0x00004db8   0x00000034   Code   RO         1967    i.rt_timer_insert   RTX_CM3.lib(rt_cmsis.o)
    0x00004dec   0x00004dec   0x00000088   Code   RO         2542    i.rt_tsk_create     RTX_CM3.lib(rt_task.o)
    0x00004e74   0x00004e74   0x0000017c   Code   RO         2543    i.rt_tsk_delete     RTX_CM3.lib(rt_task.o)
    0x00004ff0   0x00004ff0   0x0000007c   Code   RO         2545    i.rt_tsk_prio       RTX_CM3.lib(rt_task.o)
    0x0000506c   0x0000506c   0x00000010   Code   RO         2546    i.rt_tsk_self       RTX_CM3.lib(rt_task.o)
    0x0000507c   0x0000507c   0x0000002c   Code   RO          293    i.spi_tran          glcd_mcb1700.o
    0x000050a8   0x000050a8   0x00000088   Code   RO          294    i.spi_tran_man      glcd_mcb1700.o
    0x00005130   0x00005130   0x00000070   Code   RO         1970    i.svcKernelInitialize  RTX_CM3.lib(rt_cmsis.o)
    0x000051a0   0x000051a0   0x00000048   Code   RO         1972    i.svcKernelStart    RTX_CM3.lib(rt_cmsis.o)
    0x000051e8   0x000051e8   0x00000024   Code   RO         1975    i.svcMessageCreate  RTX_CM3.lib(rt_cmsis.o)
    0x0000520c   0x0000520c   0x0000003a   Code   RO         1976    i.svcMessageGet     RTX_CM3.lib(rt_cmsis.o)
    0x00005246   0x00005246   0x00000002   PAD
    0x00005248   0x00005248   0x0000006c   Code   RO         1990    i.svcThreadCreate   RTX_CM3.lib(rt_cmsis.o)
    0x000052b4   0x000052b4   0x0000001c   Code   RO         1991    i.svcThreadGetId    RTX_CM3.lib(rt_cmsis.o)
    0x000052d0   0x000052d0   0x00000038   Code   RO         1994    i.svcThreadTerminate  RTX_CM3.lib(rt_cmsis.o)
    0x00005308   0x00005308   0x00000018   Code   RO         1996    i.svcTimerCall      RTX_CM3.lib(rt_cmsis.o)
    0x00005320   0x00005320   0x0000005c   Code   RO         2005    i.sysTimerTick      RTX_CM3.lib(rt_cmsis.o)
    0x0000537c   0x0000537c   0x0000004c   Code   RO          295    i.wr_cmd            glcd_mcb1700.o
    0x000053c8   0x000053c8   0x00000034   Code   RO          297    i.wr_dat_only       glcd_mcb1700.o
    0x000053fc   0x000053fc   0x00000018   Code   RO          298    i.wr_dat_start      glcd_mcb1700.o
    0x00005414   0x00005414   0x00000014   Code   RO          299    i.wr_dat_stop       glcd_mcb1700.o
    0x00005428   0x00005428   0x00000090   Code   RO          300    i.wr_reg            glcd_mcb1700.o
    0x000054b8   0x000054b8   0x000018a0   Data   RO          258    .constdata          glcd_fonts.o
    0x00006d58   0x00006d58   0x0000000a   Data   RO          474    .constdata          joystick_mcb1700.o
    0x00006d62   0x00006d62   0x00000002   PAD
    0x00006d64   0x00006d64   0x00000068   Data   RO         1351    .constdata          rtx_conf_cm.o
    0x00006dcc   0x00006dcc   0x0000006c   Data   RO         1419    .constdata          spi_lpc17xx.o
    0x00006e38   0x00006e38   0x0000007c   Data   RO         1543    .constdata          ssp_lpc17xx.o
    0x00006eb4   0x00006eb4   0x00000020   Data   RO         3296    Region$$Table       anon$$obj.o


    Execution Region ER_RW (Exec base: 0x10000000, Load base: 0x00006ed4, Size: 0x00000080, Max: 0xffffffff, ABSOLUTE)

    Exec Addr    Load Addr    Size         Type   Attr      Idx    E Section Name        Object

    0x10000000   0x00006ed4   0x00000004   Data   RW            2    .data               main.o
    0x10000004   0x00006ed8   0x00000003   Data   RW          120    .data               adc_mcb1700.o
    0x10000007   0x00006edb   0x00000001   PAD
    0x10000008   0x00006edc   0x00000011   Data   RW          301    .data               glcd_mcb1700.o
    0x10000019   0x00006eed   0x00000003   PAD
    0x1000001c   0x00006ef0   0x00000014   Data   RW         1352    .data               rtx_conf_cm.o
    0x10000030   0x00006f04   0x0000000c   Data   RW         1420    .data               spi_lpc17xx.o
    0x1000003c   0x00006f10   0x00000010   Data   RW         1544    .data               ssp_lpc17xx.o
    0x1000004c   0x00006f20   0x00000008   Data   RW         1701    .data               gpdma_lpc17xx.o
    0x10000054   0x00006f28   0x00000004   Data   RW         1880    .data               system_lpc17xx.o
    0x10000058   0x00006f2c   0x00000008   Data   RW         2008    .data               RTX_CM3.lib(rt_cmsis.o)
    0x10000060   0x00006f34   0x00000008   Data   RW         2548    .data               RTX_CM3.lib(rt_task.o)
    0x10000068   0x00006f3c   0x00000008   Data   RW         2667    .data               RTX_CM3.lib(rt_system.o)
    0x10000070   0x00006f44   0x00000004   Data   RW         2957    .data               RTX_CM3.lib(rt_time.o)
    0x10000074   0x00006f48   0x00000008   Data   RW         2988    .data               RTX_CM3.lib(rt_robin.o)
    0x1000007c   0x00006f50   0x00000001   Data   RW         3067    .data               RTX_CM3.lib(hal_cm.o)


    Execution Region ER_ZI (Exec base: 0x10000080, Load base: 0x00006f54, Size: 0x00000f80, Max: 0xffffffff, ABSOLUTE)

    Exec Addr    Load Addr    Size         Type   Attr      Idx    E Section Name        Object

    0x10000080        -       0x00000bc8   Zero   RW         1350    .bss                rtx_conf_cm.o
    0x10000c48        -       0x00000028   Zero   RW         1418    .bss                spi_lpc17xx.o
    0x10000c70        -       0x00000028   Zero   RW         1542    .bss                ssp_lpc17xx.o
    0x10000c98        -       0x000000a0   Zero   RW         1700    .bss                gpdma_lpc17xx.o
    0x10000d38        -       0x00000034   Zero   RW         2547    .bss                RTX_CM3.lib(rt_task.o)
    0x10000d6c        -       0x00000030   Zero   RW         2797    .bss                RTX_CM3.lib(rt_list.o)
    0x10000d9c        -       0x00000060   Zero   RW         3125    .bss                c_w.l(libspace.o)
    0x10000dfc   0x00006f54   0x00000004   PAD
    0x10000e00        -       0x00000000   Zero   RW         1866    HEAP                startup_lpc17xx.o
    0x10000e00        -       0x00000200   Zero   RW         1865    STACK               startup_lpc17xx.o


==============================================================================

Image component sizes


      Code (inc. data)   RO Data    RW Data    ZI Data      Debug   Object Name

        40         12          0          3          0      18999   adc_mcb1700.o
         0          0       6304          0          0        728   glcd_fonts.o
      2824        110          0         17          0      18430   glcd_mcb1700.o
      1212         94          0          8        160       8014   gpdma_lpc17xx.o
       172         18          0          0          0       2270   gpio_lpc17xx.o
       164          8         10          0          0       2025   joystick_mcb1700.o
        76         12          0          4          0       5750   main.o
       584        176          0          0          0       1030   menu.o
       600        202          0          0          0        920   menu01.o
       600        200          0          0          0       1016   menu02.o
       600        200          0          0          0       1016   menu03.o
       600        200          0          0          0       1016   menu04.o
       252          6          0          0          0        796   pin_lpc17xx.o
       126         26        104         20       3016       9407   rtx_conf_cm.o
      3868         86        108         12         40      39114   spi_lpc17xx.o
      3904        106        124         16         40      26384   ssp_lpc17xx.o
        64         26        204          0        512       1124   startup_lpc17xx.o
       320         18          0          4          0        931   system_lpc17xx.o

    ----------------------------------------------------------------------
     16016       1500       6888         88       3768     138970   Object Totals
         0          0         32          0          0          0   (incl. Generated)
        10          0          2          4          0          0   (incl. Padding)

    ----------------------------------------------------------------------

      Code (inc. data)   RO Data    RW Data    ZI Data      Debug   Library Member Name

       238         24          0          1          0       3268   hal_cm.o
       304         36          0          0          0        760   hal_cm3.o
      1110        138          0          8          0      32041   rt_cmsis.o
        80          4          0          0          0        653   rt_event.o
       530         34          0          0         48       8169   rt_list.o
       554         10          0          0          0       3901   rt_mailbox.o
       140          0          0          0          0       1901   rt_membox.o
       128          0          0          0          0       2275   rt_memory.o
       336         14          0          0          0       1631   rt_mutex.o
        96         22          0          8          0       1134   rt_robin.o
        52          4          0          0          0        565   rt_semaphore.o
       298         52          0          8          0       6151   rt_system.o
      1216        174          0          8         52       9565   rt_task.o
         0          0          0          4          0        210   rt_time.o
         4          4          0          0          0        200   svc_table.o
         8          0          0          0          0         68   __main.o
         0          0          0          0          0          0   __rtentry.o
        20          0          0          0          0          0   __rtentry2.o
         6          0          0          0          0          0   __rtentry4.o
        52          8          0          0          0          0   __scatter.o
        26          0          0          0          0          0   __scatter_copy.o
        28          0          0          0          0          0   __scatter_zi.o
        18          0          0          0          0         80   exit.o
         6          0          0          0          0        152   heapauxi.o
         0          0          0          0          0          0   indicate_semi.o
         2          0          0          0          0          0   libinit.o
         2          0          0          0          0          0   libinit2.o
         2          0          0          0          0          0   libshutdown.o
         2          0          0          0          0          0   libshutdown2.o
         8          4          0          0         96         68   libspace.o
        78          0          0          0          0         80   rt_memclr_w.o
         2          0          0          0          0          0   rtexit.o
        10          0          0          0          0          0   rtexit2.o
        12          4          0          0          0         68   sys_exit.o
        74          0          0          0          0         80   sys_stackheap_outer.o
         2          0          0          0          0         68   use_no_semi.o

    ----------------------------------------------------------------------
      5468        532          0         40        200      73088   Library Totals
        24          0          0          3          4          0   (incl. Padding)

    ----------------------------------------------------------------------

      Code (inc. data)   RO Data    RW Data    ZI Data      Debug   Library Name

      5086        516          0         37        100      72424   RTX_CM3.lib
       358         16          0          0         96        664   c_w.l

    ----------------------------------------------------------------------
      5468        532          0         40        200      73088   Library Totals

    ----------------------------------------------------------------------

==============================================================================


      Code (inc. data)   RO Data    RW Data    ZI Data      Debug   

     21484       2032       6888        128       3968     203838   Grand Totals
     21484       2032       6888        128       3968     203838   ELF Image Totals
     21484       2032       6888        128          0          0   ROM Totals

==============================================================================

    Total RO  Size (Code + RO Data)                28372 (  27.71kB)
    Total RW  Size (RW Data + ZI Data)              4096 (   4.00kB)
    Total ROM Size (Code + RO Data + RW Data)      28500 (  27.83kB)

==============================================================================

