<html>
<body>
<pre>
<h1>µVision Build Log</h1>
<h2>Tool Versions:</h2>
IDE-Version: µVision V5.24.2.0
Copyright (C) 2017 ARM Ltd and ARM Germany GmbH. All rights reserved.
License Information: Tho Le, IU HCMIU, LIC=----
 
Tool Versions:
Toolchain:       MDK-Lite  Version: 5.24.1
Toolchain Path:  E:\keil\ARM\ARMCC\Bin
C Compiler:      Armcc.exe V5.06 update 5 (build 528)
Assembler:       Armasm.exe V5.06 update 5 (build 528)
Linker/Locator:  ArmLink.exe V5.06 update 5 (build 528)
Library Manager: ArmAr.exe V5.06 update 5 (build 528)
Hex Converter:   FromElf.exe V5.06 update 5 (build 528)
CPU DLL:         SARMCM3.DLL V5.24.1
Dialog DLL:      DCM.DLL V1.16.0.0
Target DLL:      UL2CM3.DLL V1.160.3.0
Dialog DLL:      TCM.DLL V1.32.0.0
 
<h2>Project:</h2>
D:\EDU\IU\V\Internship_IU\Week_4_(28_07_19-02.08.19)\LPC1768\Functions (Library Code)\04_Led_by_Joystick\Led_Joystick.uvprojx
Project File Date:  08/06/2019

<h2>Output:</h2>
*** Using Compiler 'V5.06 update 5 (build 528)', folder: 'E:\keil\ARM\ARMCC\Bin'
Build target 'Target 1'
compiling main.c...
linking...
Program Size: Code=7112 RO-data=368 RW-data=72 ZI-data=3888  
".\Objects\Led_Joystick.axf" - 0 Error(s), 0 Warning(s).

<h2>Software Packages used:</h2>

Package Vendor: ARM
                http://www.keil.com/pack/ARM.CMSIS.5.6.0.pack
                ARM.CMSIS.5.6.0
                CMSIS (Cortex Microcontroller Software Interface Standard)
   * Component: Keil RTX Version: 4.82.0
   * Component: DSP Variant: Library Version: 1.7.0
   * Component: CORE Version: 5.3.0
   * Component: RTOS Version: 1.0.0

Package Vendor: Keil
                http://www.keil.com/pack/Keil.LPC1700_DFP.2.4.0.pack
                Keil.LPC1700_DFP.2.4.0
                NXP LPC1700 Series Device Support, Drivers and Examples for MCB1700 and LPC1788-32
   * Component: Startup Version: 1.0.0
   * Component: PIN Version: 1.0.0
   * Component: GPIO Version: 1.1.0
   * Component: GPDMA Version: 1.2.0
   * Component: LED Version: 1.0.0
   * Component: Joystick Version: 1.0.0
   * Component: Buttons Version: 1.0.0

Package Vendor: Keil
                http://www.keil.com/pack/Keil.MDK-Middleware.7.4.1.pack
                Keil.MDK-Middleware.7.4.1
                Middleware for Keil MDK-Professional and MDK-Plus
   * Component: LED Version: 1.0.0
   * Component: Joystick Version: 1.0.0
   * Component: Buttons Version: 1.0.0

<h2>Collection of Component include folders:</h2>
  .\RTE\Device\LPC1768
  .\RTE\_Target_1
  E:\keil\ARM\PACK\ARM\CMSIS\5.6.0\CMSIS\Core\Include
  E:\keil\ARM\PACK\ARM\CMSIS\5.6.0\CMSIS\DSP\Include
  E:\keil\ARM\PACK\ARM\CMSIS\5.6.0\CMSIS\RTOS\RTX\INC
  E:\keil\ARM\PACK\Keil\LPC1700_DFP\2.4.0\Device\Include
  E:\keil\ARM\PACK\Keil\LPC1700_DFP\2.4.0\RTE_Driver
  E:\keil\ARM\PACK\Keil\MDK-Middleware\7.4.1\Board

<h2>Collection of Component Files used:</h2>

   * Component: Keil::Device:Startup:1.0.0
      Include file:  Device\Include\LPC17xx.h
      Source file:   Device\Source\ARM\startup_LPC17xx.s
      Source file:   Device\Source\system_LPC17xx.c
      Include file:  RTE_Driver\Config\RTE_Device.h

   * Component: Keil::Device:PIN:1.0.0
      Include file:  RTE_Driver\PIN_LPC17xx.h
      Source file:   RTE_Driver\PIN_LPC17xx.c

   * Component: Keil::Device:GPIO:1.1.0
      Include file:  RTE_Driver\GPIO_LPC17xx.h
      Source file:   RTE_Driver\GPIO_LPC17xx.c

   * Component: Keil::Device:GPDMA:1.2.0
      Include file:  RTE_Driver\GPDMA_LPC17xx.h
      Source file:   RTE_Driver\GPDMA_LPC17xx.c

   * Component: Keil.MCB1700::Board Support:LED:1.0.0
      Source file:   Boards\Keil\MCB1700\Common\LED_MCB1700.c

   * Component: Keil.MCB1700::Board Support:Joystick:1.0.0
      Source file:   Boards\Keil\MCB1700\Common\Joystick_MCB1700.c

   * Component: Keil.MCB1700::Board Support:Buttons:1.0.0
      Source file:   Boards\Keil\MCB1700\Common\Buttons_MCB1700.c

   * Component: ARM::CMSIS:RTOS:Keil RTX:4.82.0
      Include file:  CMSIS\RTOS\RTX\INC\cmsis_os.h
      Source file:   CMSIS\RTOS\RTX\Templates\RTX_Conf_CM.c
      Include file:  CMSIS\RTOS\RTX\UserCodeTemplates\osObjects.h
      Source file:   CMSIS\RTOS\RTX\UserCodeTemplates\main.c
      Source file:   CMSIS\RTOS\RTX\UserCodeTemplates\MailQueue.c
      Source file:   CMSIS\RTOS\RTX\UserCodeTemplates\MemPool.c
      Source file:   CMSIS\RTOS\RTX\UserCodeTemplates\MsgQueue.c
      Source file:   CMSIS\RTOS\RTX\UserCodeTemplates\Mutex.c
      Source file:   CMSIS\RTOS\RTX\UserCodeTemplates\Semaphore.c
      Source file:   CMSIS\RTOS\RTX\UserCodeTemplates\Thread.c
      Source file:   CMSIS\RTOS\RTX\UserCodeTemplates\Timer.c
      Source file:   CMSIS\RTOS\RTX\SRC\ARM\SVC_Table.s
      Library file:  CMSIS\RTOS\RTX\LIB\ARM\RTX_CM3.lib

   * Component: ARM::CMSIS:DSP:Library:1.7.0
      Include file:  CMSIS\DSP\Include\arm_math.h
      Library file:  CMSIS\DSP\Lib\ARM\arm_cortexM3l_math.lib

   * Component: ARM::CMSIS:CORE:5.3.0

   * Component: ::CMSIS:RTOS:1.0.0 (API)

   * Component: ::Board Support:LED:1.0.0 (API)
      Include file:  Board\Board_LED.h

   * Component: ::Board Support:Joystick:1.0.0 (API)
      Include file:  Board\Board_Joystick.h

   * Component: ::Board Support:Buttons:1.0.0 (API)
      Include file:  Board\Board_Buttons.h
Build Time Elapsed:  00:00:03
</pre>
</body>
</html>
