Component: ARM Compiler 5.06 update 5 (build 528) Tool: armlink [4d35e2]

==============================================================================

Section Cross References

    main.o(i.main) refers to glcd_mcb1700.o(i.GLCD_Initialize) for GLCD_Initialize
    main.o(i.main) refers to joystick_mcb1700.o(i.Joystick_Initialize) for Joystick_Initialize
    main.o(i.main) refers to glcd_mcb1700.o(i.GLCD_ClearScreen) for GLCD_ClearScreen
    main.o(i.main) refers to glcd_mcb1700.o(i.GLCD_SetBackgroundColor) for GLCD_SetBackgroundColor
    main.o(i.main) refers to glcd_mcb1700.o(i.GLCD_SetForegroundColor) for GLCD_SetForegroundColor
    main.o(i.main) refers to glcd_mcb1700.o(i.GLCD_SetFont) for GLCD_SetFont
    main.o(i.main) refers to glcd_mcb1700.o(i.GLCD_DrawString) for GLCD_DrawString
    main.o(i.main) refers to joystick_mcb1700.o(i.Joystick_GetState) for Joystick_GetState
    main.o(i.main) refers to glcd_fonts.o(.constdata) for GLCD_Font_16x24
    main.o(i.main) refers to main.o(.data) for JoystickStatus
    glcd_mcb1700.o(i.GLCD_ClearScreen) refers to glcd_mcb1700.o(i.GLCD_WindowMax) for GLCD_WindowMax
    glcd_mcb1700.o(i.GLCD_ClearScreen) refers to glcd_mcb1700.o(i.wr_cmd) for wr_cmd
    glcd_mcb1700.o(i.GLCD_ClearScreen) refers to glcd_mcb1700.o(i.wr_dat_start) for wr_dat_start
    glcd_mcb1700.o(i.GLCD_ClearScreen) refers to glcd_mcb1700.o(i.wr_dat_only) for wr_dat_only
    glcd_mcb1700.o(i.GLCD_ClearScreen) refers to glcd_mcb1700.o(i.wr_dat_stop) for wr_dat_stop
    glcd_mcb1700.o(i.GLCD_ClearScreen) refers to glcd_mcb1700.o(.data) for background_color
    glcd_mcb1700.o(i.GLCD_DrawBargraph) refers to glcd_mcb1700.o(i.GLCD_SetWindow) for GLCD_SetWindow
    glcd_mcb1700.o(i.GLCD_DrawBargraph) refers to glcd_mcb1700.o(i.wr_cmd) for wr_cmd
    glcd_mcb1700.o(i.GLCD_DrawBargraph) refers to glcd_mcb1700.o(i.wr_dat_start) for wr_dat_start
    glcd_mcb1700.o(i.GLCD_DrawBargraph) refers to glcd_mcb1700.o(i.wr_dat_only) for wr_dat_only
    glcd_mcb1700.o(i.GLCD_DrawBargraph) refers to glcd_mcb1700.o(i.wr_dat_stop) for wr_dat_stop
    glcd_mcb1700.o(i.GLCD_DrawBargraph) refers to glcd_mcb1700.o(.data) for background_color
    glcd_mcb1700.o(i.GLCD_DrawBitmap) refers to glcd_mcb1700.o(i.GLCD_SetWindow) for GLCD_SetWindow
    glcd_mcb1700.o(i.GLCD_DrawBitmap) refers to glcd_mcb1700.o(i.wr_cmd) for wr_cmd
    glcd_mcb1700.o(i.GLCD_DrawBitmap) refers to glcd_mcb1700.o(i.wr_dat_start) for wr_dat_start
    glcd_mcb1700.o(i.GLCD_DrawBitmap) refers to glcd_mcb1700.o(i.wr_dat_only) for wr_dat_only
    glcd_mcb1700.o(i.GLCD_DrawBitmap) refers to glcd_mcb1700.o(i.wr_dat_stop) for wr_dat_stop
    glcd_mcb1700.o(i.GLCD_DrawChar) refers to glcd_mcb1700.o(i.GLCD_SetWindow) for GLCD_SetWindow
    glcd_mcb1700.o(i.GLCD_DrawChar) refers to glcd_mcb1700.o(i.wr_cmd) for wr_cmd
    glcd_mcb1700.o(i.GLCD_DrawChar) refers to glcd_mcb1700.o(i.wr_dat_start) for wr_dat_start
    glcd_mcb1700.o(i.GLCD_DrawChar) refers to glcd_mcb1700.o(i.wr_dat_only) for wr_dat_only
    glcd_mcb1700.o(i.GLCD_DrawChar) refers to glcd_mcb1700.o(i.wr_dat_stop) for wr_dat_stop
    glcd_mcb1700.o(i.GLCD_DrawChar) refers to glcd_mcb1700.o(.data) for active_font
    glcd_mcb1700.o(i.GLCD_DrawHLine) refers to glcd_mcb1700.o(i.GLCD_SetWindow) for GLCD_SetWindow
    glcd_mcb1700.o(i.GLCD_DrawHLine) refers to glcd_mcb1700.o(i.wr_cmd) for wr_cmd
    glcd_mcb1700.o(i.GLCD_DrawHLine) refers to glcd_mcb1700.o(i.wr_dat_start) for wr_dat_start
    glcd_mcb1700.o(i.GLCD_DrawHLine) refers to glcd_mcb1700.o(i.wr_dat_only) for wr_dat_only
    glcd_mcb1700.o(i.GLCD_DrawHLine) refers to glcd_mcb1700.o(i.wr_dat_stop) for wr_dat_stop
    glcd_mcb1700.o(i.GLCD_DrawHLine) refers to glcd_mcb1700.o(.data) for foreground_color
    glcd_mcb1700.o(i.GLCD_DrawPixel) refers to glcd_mcb1700.o(i.wr_reg) for wr_reg
    glcd_mcb1700.o(i.GLCD_DrawPixel) refers to glcd_mcb1700.o(i.wr_cmd) for wr_cmd
    glcd_mcb1700.o(i.GLCD_DrawPixel) refers to glcd_mcb1700.o(i.wr_dat) for wr_dat
    glcd_mcb1700.o(i.GLCD_DrawPixel) refers to glcd_mcb1700.o(.data) for Himax
    glcd_mcb1700.o(i.GLCD_DrawRectangle) refers to glcd_mcb1700.o(i.GLCD_DrawHLine) for GLCD_DrawHLine
    glcd_mcb1700.o(i.GLCD_DrawRectangle) refers to glcd_mcb1700.o(i.GLCD_DrawVLine) for GLCD_DrawVLine
    glcd_mcb1700.o(i.GLCD_DrawString) refers to glcd_mcb1700.o(i.GLCD_DrawChar) for GLCD_DrawChar
    glcd_mcb1700.o(i.GLCD_DrawString) refers to glcd_mcb1700.o(.data) for active_font
    glcd_mcb1700.o(i.GLCD_DrawVLine) refers to glcd_mcb1700.o(i.GLCD_SetWindow) for GLCD_SetWindow
    glcd_mcb1700.o(i.GLCD_DrawVLine) refers to glcd_mcb1700.o(i.wr_cmd) for wr_cmd
    glcd_mcb1700.o(i.GLCD_DrawVLine) refers to glcd_mcb1700.o(i.wr_dat_start) for wr_dat_start
    glcd_mcb1700.o(i.GLCD_DrawVLine) refers to glcd_mcb1700.o(i.wr_dat_only) for wr_dat_only
    glcd_mcb1700.o(i.GLCD_DrawVLine) refers to glcd_mcb1700.o(i.wr_dat_stop) for wr_dat_stop
    glcd_mcb1700.o(i.GLCD_DrawVLine) refers to glcd_mcb1700.o(.data) for foreground_color
[...]
    i.SPI_PowerControl                       0x00001c44   Section        0  spi_lpc17xx.o(i.SPI_PowerControl)
    SPI_PowerControl                         0x00001c45   Thumb Code   450  spi_lpc17xx.o(i.SPI_PowerControl)
    i.SPI_Receive                            0x00001e14   Section        0  spi_lpc17xx.o(i.SPI_Receive)
    SPI_Receive                              0x00001e15   Thumb Code   178  spi_lpc17xx.o(i.SPI_Receive)
    i.SPI_Send                               0x00001ecc   Section        0  spi_lpc17xx.o(i.SPI_Send)
    SPI_Send                                 0x00001ecd   Thumb Code   276  spi_lpc17xx.o(i.SPI_Send)
    i.SPI_Transfer                           0x00001fe4   Section        0  spi_lpc17xx.o(i.SPI_Transfer)
    SPI_Transfer                             0x00001fe5   Thumb Code   276  spi_lpc17xx.o(i.SPI_Transfer)
    i.SPI_Uninitialize                       0x000020fc   Section        0  spi_lpc17xx.o(i.SPI_Uninitialize)
    SPI_Uninitialize                         0x000020fd   Thumb Code   150  spi_lpc17xx.o(i.SPI_Uninitialize)
    i.SSP0_Control                           0x00002198   Section        0  ssp_lpc17xx.o(i.SSP0_Control)
    SSP0_Control                             0x00002199   Thumb Code    18  ssp_lpc17xx.o(i.SSP0_Control)
    i.SSP0_GPDMA_Rx_SignalEvent              0x000021b0   Section        0  ssp_lpc17xx.o(i.SSP0_GPDMA_Rx_SignalEvent)
    i.SSP0_GPDMA_Tx_SignalEvent              0x000021c4   Section        0  ssp_lpc17xx.o(i.SSP0_GPDMA_Tx_SignalEvent)
    i.SSP0_GetDataCount                      0x000021d8   Section        0  ssp_lpc17xx.o(i.SSP0_GetDataCount)
    SSP0_GetDataCount                        0x000021d9   Thumb Code    10  ssp_lpc17xx.o(i.SSP0_GetDataCount)
    i.SSP0_GetStatus                         0x000021e8   Section        0  ssp_lpc17xx.o(i.SSP0_GetStatus)
    SSP0_GetStatus                           0x000021e9   Thumb Code    12  ssp_lpc17xx.o(i.SSP0_GetStatus)
    i.SSP0_IRQHandler                        0x000021f8   Section        0  ssp_lpc17xx.o(i.SSP0_IRQHandler)
    i.SSP0_Initialize                        0x00002208   Section        0  ssp_lpc17xx.o(i.SSP0_Initialize)
    SSP0_Initialize                          0x00002209   Thumb Code    14  ssp_lpc17xx.o(i.SSP0_Initialize)
    i.SSP0_PowerControl                      0x0000221c   Section        0  ssp_lpc17xx.o(i.SSP0_PowerControl)
    SSP0_PowerControl                        0x0000221d   Thumb Code    14  ssp_lpc17xx.o(i.SSP0_PowerControl)
    i.SSP0_Receive                           0x00002230   Section        0  ssp_lpc17xx.o(i.SSP0_Receive)
    SSP0_Receive                             0x00002231   Thumb Code    18  ssp_lpc17xx.o(i.SSP0_Receive)
    i.SSP0_Send                              0x00002248   Section        0  ssp_lpc17xx.o(i.SSP0_Send)
    SSP0_Send                                0x00002249   Thumb Code    18  ssp_lpc17xx.o(i.SSP0_Send)
    i.SSP0_Transfer                          0x00002260   Section        0  ssp_lpc17xx.o(i.SSP0_Transfer)
    SSP0_Transfer                            0x00002261   Thumb Code    22  ssp_lpc17xx.o(i.SSP0_Transfer)
    i.SSP0_Uninitialize                      0x0000227c   Section        0  ssp_lpc17xx.o(i.SSP0_Uninitialize)
    SSP0_Uninitialize                        0x0000227d   Thumb Code    10  ssp_lpc17xx.o(i.SSP0_Uninitialize)
    i.SSP1_Control                           0x0000228c   Section        0  ssp_lpc17xx.o(i.SSP1_Control)
    SSP1_Control                             0x0000228d   Thumb Code    18  ssp_lpc17xx.o(i.SSP1_Control)
    i.SSP1_GPDMA_Rx_SignalEvent              0x000022a4   Section        0  ssp_lpc17xx.o(i.SSP1_GPDMA_Rx_SignalEvent)
    i.SSP1_GPDMA_Tx_SignalEvent              0x000022b8   Section        0  ssp_lpc17xx.o(i.SSP1_GPDMA_Tx_SignalEvent)
    i.SSP1_GetDataCount                      0x000022cc   Section        0  ssp_lpc17xx.o(i.SSP1_GetDataCount)
    SSP1_GetDataCount                        0x000022cd   Thumb Code    10  ssp_lpc17xx.o(i.SSP1_GetDataCount)
    i.SSP1_GetStatus                         0x000022dc   Section        0  ssp_lpc17xx.o(i.SSP1_GetStatus)
    SSP1_GetStatus                           0x000022dd   Thumb Code    12  ssp_lpc17xx.o(i.SSP1_GetStatus)
    i.SSP1_IRQHandler                        0x000022ec   Section        0  ssp_lpc17xx.o(i.SSP1_IRQHandler)
    i.SSP1_Initialize                        0x000022fc   Section        0  ssp_lpc17xx.o(i.SSP1_Initialize)
    SSP1_Initialize                          0x000022fd   Thumb Code    14  ssp_lpc17xx.o(i.SSP1_Initialize)
    i.SSP1_PowerControl                      0x00002310   Section        0  ssp_lpc17xx.o(i.SSP1_PowerControl)
    SSP1_PowerControl                        0x00002311   Thumb Code    14  ssp_lpc17xx.o(i.SSP1_PowerControl)
    i.SSP1_Receive                           0x00002324   Section        0  ssp_lpc17xx.o(i.SSP1_Receive)
    SSP1_Receive                             0x00002325   Thumb Code    18  ssp_lpc17xx.o(i.SSP1_Receive)
    i.SSP1_Send                              0x0000233c   Section        0  ssp_lpc17xx.o(i.SSP1_Send)
    SSP1_Send                                0x0000233d   Thumb Code    18  ssp_lpc17xx.o(i.SSP1_Send)
    i.SSP1_Transfer                          0x00002354   Section        0  ssp_lpc17xx.o(i.SSP1_Transfer)
    SSP1_Transfer                            0x00002355   Thumb Code    22  ssp_lpc17xx.o(i.SSP1_Transfer)
    i.SSP1_Uninitialize                      0x00002370   Section        0  ssp_lpc17xx.o(i.SSP1_Uninitialize)
    SSP1_Uninitialize                        0x00002371   Thumb Code    10  ssp_lpc17xx.o(i.SSP1_Uninitialize)
    i.SSP_GetCapabilities                    0x00002380   Section        0  ssp_lpc17xx.o(i.SSP_GetCapabilities)
    SSP_GetCapabilities                      0x00002381   Thumb Code     6  ssp_lpc17xx.o(i.SSP_GetCapabilities)
    i.SSP_GetVersion                         0x0000238c   Section        0  ssp_lpc17xx.o(i.SSP_GetVersion)
    SSP_GetVersion                           0x0000238d   Thumb Code    10  ssp_lpc17xx.o(i.SSP_GetVersion)
    i.SSPx_Control                           0x0000239c   Section        0  ssp_lpc17xx.o(i.SSPx_Control)
    SSPx_Control                             0x0000239d   Thumb Code  1310  ssp_lpc17xx.o(i.SSPx_Control)
    i.SSPx_GPDMA_Rx_SignalEvent              0x000028ba   Section        0  ssp_lpc17xx.o(i.SSPx_GPDMA_Rx_SignalEvent)
    i.SSPx_GPDMA_Tx_SignalEvent              0x000028f0   Section        0  ssp_lpc17xx.o(i.SSPx_GPDMA_Tx_SignalEvent)
    i.SSPx_GetDataCount                      0x0000290c   Section        0  ssp_lpc17xx.o(i.SSPx_GetDataCount)
    SSPx_GetDataCount                        0x0000290d   Thumb Code    44  ssp_lpc17xx.o(i.SSPx_GetDataCount)
    i.SSPx_GetStatus                         0x00002938   Section        0  ssp_lpc17xx.o(i.SSPx_GetStatus)
    SSPx_GetStatus                           0x00002939   Thumb Code    90  ssp_lpc17xx.o(i.SSPx_GetStatus)
    i.SSPx_IRQHandler                        0x00002992   Section        0  ssp_lpc17xx.o(i.SSPx_IRQHandler)
    SSPx_IRQHandler                          0x00002993   Thumb Code   260  ssp_lpc17xx.o(i.SSPx_IRQHandler)
    i.SSPx_Initialize                        0x00002a96   Section        0  ssp_lpc17xx.o(i.SSPx_Initialize)
    SSPx_Initialize                          0x00002a97   Thumb Code   168  ssp_lpc17xx.o(i.SSPx_Initialize)
    i.SSPx_PowerControl                      0x00002b40   Section        0  ssp_lpc17xx.o(i.SSPx_PowerControl)
    SSPx_PowerControl                        0x00002b41   Thumb Code   438  ssp_lpc17xx.o(i.SSPx_PowerControl)
    i.SSPx_Receive                           0x00002cfc   Section        0  ssp_lpc17xx.o(i.SSPx_Receive)
    SSPx_Receive                             0x00002cfd   Thumb Code   344  ssp_lpc17xx.o(i.SSPx_Receive)
    i.SSPx_Send                              0x00002e58   Section        0  ssp_lpc17xx.o(i.SSPx_Send)
    SSPx_Send                                0x00002e59   Thumb Code   336  ssp_lpc17xx.o(i.SSPx_Send)
    i.SSPx_Transfer                          0x00002fac   Section        0  ssp_lpc17xx.o(i.SSPx_Transfer)
    SSPx_Transfer                            0x00002fad   Thumb Code   338  ssp_lpc17xx.o(i.SSPx_Transfer)
    i.SSPx_Uninitialize                      0x000030fe   Section        0  ssp_lpc17xx.o(i.SSPx_Uninitialize)
    SSPx_Uninitialize                        0x000030ff   Thumb Code   112  ssp_lpc17xx.o(i.SSPx_Uninitialize)
    i.Set_Channel_active_flag                0x00003170   Section        0  gpdma_lpc17xx.o(i.Set_Channel_active_flag)
    Set_Channel_active_flag                  0x00003171   Thumb Code    50  gpdma_lpc17xx.o(i.Set_Channel_active_flag)
    i.SystemInit                             0x000031a8   Section        0  system_lpc17xx.o(i.SystemInit)
    i.__NVIC_ClearPendingIRQ                 0x000032e8   Section        0  spi_lpc17xx.o(i.__NVIC_ClearPendingIRQ)
    __NVIC_ClearPendingIRQ                   0x000032e9   Thumb Code    22  spi_lpc17xx.o(i.__NVIC_ClearPendingIRQ)
    i.__NVIC_ClearPendingIRQ                 0x00003304   Section        0  ssp_lpc17xx.o(i.__NVIC_ClearPendingIRQ)
    __NVIC_ClearPendingIRQ                   0x00003305   Thumb Code    22  ssp_lpc17xx.o(i.__NVIC_ClearPendingIRQ)
    i.__NVIC_ClearPendingIRQ                 0x00003320   Section        0  gpdma_lpc17xx.o(i.__NVIC_ClearPendingIRQ)
    __NVIC_ClearPendingIRQ                   0x00003321   Thumb Code    22  gpdma_lpc17xx.o(i.__NVIC_ClearPendingIRQ)
    i._init_box                              0x0000333c   Section        0  rt_membox.o(i._init_box)
    i._mutex_acquire                         0x00003384   Section        0  rtx_conf_cm.o(i._mutex_acquire)
    __tagsym$$used                           0x00003385   Number         0  rtx_conf_cm.o(i._mutex_acquire)
    i._mutex_release                         0x000033a4   Section        0  rtx_conf_cm.o(i._mutex_release)
    __tagsym$$used                           0x000033a5   Number         0  rtx_conf_cm.o(i._mutex_release)
    i.dbg_init                               0x000033c0   Section        0  hal_cm.o(i.dbg_init)
    i.dbg_task_notify                        0x000033f0   Section        0  hal_cm.o(i.dbg_task_notify)
    i.dbg_task_switch                        0x00003410   Section        0  hal_cm.o(i.dbg_task_switch)
    i.delay_ms                               0x00003420   Section        0  glcd_mcb1700.o(i.delay_ms)
    delay_ms                                 0x00003421   Thumb Code    38  glcd_mcb1700.o(i.delay_ms)
    i.isrMessageGet                          0x0000344c   Section        0  rt_cmsis.o(i.isrMessageGet)
    i.isrMessagePut                          0x00003476   Section        0  rt_cmsis.o(i.isrMessagePut)
    i.isr_mbx_receive                        0x000034a4   Section        0  rt_mailbox.o(i.isr_mbx_receive)
    i.isr_mbx_send                           0x000034fa   Section        0  rt_mailbox.o(i.isr_mbx_send)
    i.main                                   0x00003508   Section        0  main.o(i.main)
    i.osKernelInitialize                     0x000036a8   Section        0  rt_cmsis.o(i.osKernelInitialize)
    i.osKernelStart                          0x000036cc   Section        0  rt_cmsis.o(i.osKernelStart)
    i.osMessageGet                           0x00003738   Section        0  rt_cmsis.o(i.osMessageGet)
    i.osThreadCreate                         0x00003750   Section        0  rt_cmsis.o(i.osThreadCreate)
    i.osThreadExit                           0x0000377c   Section        0  rt_cmsis.o(i.osThreadExit)
    i.osTimerCall                            0x00003794   Section        0  rt_cmsis.o(i.osTimerCall)
    i.osTimerThread                          0x000037a0   Section        0  rt_cmsis.o(i.osTimerThread)
    i.os_error                               0x000037cc   Section        0  rtx_conf_cm.o(i.os_error)
    i.os_idle_demon                          0x000037ee   Section        0  rtx_conf_cm.o(i.os_idle_demon)
    i.os_tick_init                           0x000037f4   Section        0  rt_system.o(i.os_tick_init)
    i.rd_dat                                 0x0000381c   Section        0  glcd_mcb1700.o(i.rd_dat)
    rd_dat                                   0x0000381d   Thumb Code    64  glcd_mcb1700.o(i.rd_dat)
    i.rd_id_man                              0x00003860   Section        0  glcd_mcb1700.o(i.rd_id_man)
    rd_id_man                                0x00003861   Thumb Code   196  glcd_mcb1700.o(i.rd_id_man)
    i.rd_reg                                 0x00003928   Section        0  glcd_mcb1700.o(i.rd_reg)
    rd_reg                                   0x00003929   Thumb Code    16  glcd_mcb1700.o(i.rd_reg)
    i.rt_alloc_box                           0x00003938   Section        0  rt_membox.o(i.rt_alloc_box)
    i.rt_alloc_mem                           0x00003952   Section        0  rt_memory.o(i.rt_alloc_mem)
    i.rt_block                               0x00003990   Section        0  rt_task.o(i.rt_block)
    i.rt_chk_robin                           0x000039c8   Section        0  rt_robin.o(i.rt_chk_robin)
    i.rt_dec_dly                             0x00003a10   Section        0  rt_list.o(i.rt_dec_dly)
    i.rt_dispatch                            0x00003a80   Section        0  rt_task.o(i.rt_dispatch)
    i.rt_evt_psh                             0x00003ac4   Section        0  rt_event.o(i.rt_evt_psh)
    i.rt_free_box                            0x00003b14   Section        0  rt_membox.o(i.rt_free_box)
    i.rt_free_mem                            0x00003b40   Section        0  rt_memory.o(i.rt_free_mem)
    i.rt_get_first                           0x00003b68   Section        0  rt_list.o(i.rt_get_first)
    i.rt_id2obj                              0x00003b90   Section        0  rt_cmsis.o(i.rt_id2obj)
    rt_id2obj                                0x00003b91   Thumb Code     8  rt_cmsis.o(i.rt_id2obj)
    i.rt_init_context                        0x00003b98   Section        0  rt_task.o(i.rt_init_context)
    rt_init_context                          0x00003b99   Thumb Code    66  rt_task.o(i.rt_init_context)
    i.rt_init_mem                            0x00003be0   Section        0  rt_memory.o(i.rt_init_mem)
    i.rt_init_robin                          0x00003bfc   Section        0  rt_robin.o(i.rt_init_robin)
    i.rt_init_stack                          0x00003c14   Section        0  hal_cm.o(i.rt_init_stack)
    i.rt_mbx_check                           0x00003c94   Section        0  rt_mailbox.o(i.rt_mbx_check)
    i.rt_mbx_init                            0x00003c9c   Section        0  rt_mailbox.o(i.rt_mbx_init)
    i.rt_mbx_psh                             0x00003cb8   Section        0  rt_mailbox.o(i.rt_mbx_psh)
    i.rt_mbx_wait                            0x00003da8   Section        0  rt_mailbox.o(i.rt_mbx_wait)
    i.rt_ms2tick                             0x00003e5c   Section        0  rt_cmsis.o(i.rt_ms2tick)
    rt_ms2tick                               0x00003e5d   Thumb Code    58  rt_cmsis.o(i.rt_ms2tick)
    i.rt_mut_release                         0x00003ea0   Section        0  rt_mutex.o(i.rt_mut_release)
    i.rt_mut_wait                            0x00003f78   Section        0  rt_mutex.o(i.rt_mut_wait)
    i.rt_pop_req                             0x00003ff0   Section        0  rt_system.o(i.rt_pop_req)
    i.rt_psh_req                             0x0000406c   Section        0  rt_system.o(i.rt_psh_req)
    i.rt_psq_enq                             0x0000408c   Section        0  rt_list.o(i.rt_psq_enq)
    i.rt_put_dly                             0x000040e8   Section        0  rt_list.o(i.rt_put_dly)
    i.rt_put_prio                            0x00004130   Section        0  rt_list.o(i.rt_put_prio)
    i.rt_put_rdy_first                       0x00004168   Section        0  rt_list.o(i.rt_put_rdy_first)
    i.rt_resort_prio                         0x0000417c   Section        0  rt_list.o(i.rt_resort_prio)
    i.rt_ret_val                             0x000041b0   Section        0  hal_cm.o(i.rt_ret_val)
    i.rt_ret_val2                            0x000041b6   Section        0  hal_cm.o(i.rt_ret_val2)
    i.rt_rmv_dly                             0x000041be   Section        0  rt_list.o(i.rt_rmv_dly)
    i.rt_rmv_list                            0x000041e8   Section        0  rt_list.o(i.rt_rmv_list)
    i.rt_sem_psh                             0x00004218   Section        0  rt_semaphore.o(i.rt_sem_psh)
    i.rt_stk_check                           0x0000424c   Section        0  rt_system.o(i.rt_stk_check)
    i.rt_switch_req                          0x00004270   Section        0  rt_task.o(i.rt_switch_req)
    i.rt_sys_init                            0x00004298   Section        0  rt_task.o(i.rt_sys_init)
    i.rt_sys_start                           0x00004364   Section        0  rt_task.o(i.rt_sys_start)
    i.rt_systick                             0x000043dc   Section        0  rt_system.o(i.rt_systick)
    i.rt_tid2ptcb                            0x0000441c   Section        0  rt_cmsis.o(i.rt_tid2ptcb)
    rt_tid2ptcb                              0x0000441d   Thumb Code    18  rt_cmsis.o(i.rt_tid2ptcb)
    i.rt_timer_insert                        0x00004430   Section        0  rt_cmsis.o(i.rt_timer_insert)
    rt_timer_insert                          0x00004431   Thumb Code    48  rt_cmsis.o(i.rt_timer_insert)
    i.rt_tsk_create                          0x00004464   Section        0  rt_task.o(i.rt_tsk_create)
    i.rt_tsk_delete                          0x000044ec   Section        0  rt_task.o(i.rt_tsk_delete)
    i.rt_tsk_prio                            0x00004668   Section        0  rt_task.o(i.rt_tsk_prio)
    i.rt_tsk_self                            0x000046e4   Section        0  rt_task.o(i.rt_tsk_self)
    i.spi_tran                               0x000046f4   Section        0  glcd_mcb1700.o(i.spi_tran)
    spi_tran                                 0x000046f5   Thumb Code    40  glcd_mcb1700.o(i.spi_tran)
    i.spi_tran_man                           0x00004720   Section        0  glcd_mcb1700.o(i.spi_tran_man)
    spi_tran_man                             0x00004721   Thumb Code   132  glcd_mcb1700.o(i.spi_tran_man)
    i.svcKernelInitialize                    0x000047a8   Section        0  rt_cmsis.o(i.svcKernelInitialize)
    i.svcKernelStart                         0x00004818   Section        0  rt_cmsis.o(i.svcKernelStart)
    i.svcMessageCreate                       0x00004860   Section        0  rt_cmsis.o(i.svcMessageCreate)
    i.svcMessageGet                          0x00004884   Section        0  rt_cmsis.o(i.svcMessageGet)
    i.svcThreadCreate                        0x000048c0   Section        0  rt_cmsis.o(i.svcThreadCreate)
    i.svcThreadGetId                         0x0000492c   Section        0  rt_cmsis.o(i.svcThreadGetId)
    i.svcThreadTerminate                     0x00004948   Section        0  rt_cmsis.o(i.svcThreadTerminate)
    i.svcTimerCall                           0x00004980   Section        0  rt_cmsis.o(i.svcTimerCall)
    i.sysTimerTick                           0x00004998   Section        0  rt_cmsis.o(i.sysTimerTick)
    i.wr_cmd                                 0x000049f4   Section        0  glcd_mcb1700.o(i.wr_cmd)
    wr_cmd                                   0x000049f5   Thumb Code    70  glcd_mcb1700.o(i.wr_cmd)
    i.wr_dat_only                            0x00004a40   Section        0  glcd_mcb1700.o(i.wr_dat_only)
    wr_dat_only                              0x00004a41   Thumb Code    46  glcd_mcb1700.o(i.wr_dat_only)
    i.wr_dat_start                           0x00004a74   Section        0  glcd_mcb1700.o(i.wr_dat_start)
    wr_dat_start                             0x00004a75   Thumb Code    20  glcd_mcb1700.o(i.wr_dat_start)
    i.wr_dat_stop                            0x00004a8c   Section        0  glcd_mcb1700.o(i.wr_dat_stop)
    wr_dat_stop                              0x00004a8d   Thumb Code    14  glcd_mcb1700.o(i.wr_dat_stop)
    i.wr_reg                                 0x00004aa0   Section        0  glcd_mcb1700.o(i.wr_reg)
    wr_reg                                   0x00004aa1   Thumb Code   140  glcd_mcb1700.o(i.wr_reg)
    .constdata                               0x00004b30   Section     6304  glcd_fonts.o(.constdata)
    Font_6x8_h                               0x00004b30   Data         896  glcd_fonts.o(.constdata)
    Font_16x24_h                             0x00004eb0   Data        5376  glcd_fonts.o(.constdata)
    .constdata                               0x000063d0   Section       10  joystick_mcb1700.o(.constdata)
    .constdata                               0x000063dc   Section      104  rtx_conf_cm.o(.constdata)
    __tagsym$$used                           0x000063f8   Number         0  rtx_conf_cm.o(.constdata)
    __tagsym$$used                           0x000063fc   Number         0  rtx_conf_cm.o(.constdata)
    __tagsym$$used                           0x00006400   Number         0  rtx_conf_cm.o(.constdata)
    __tagsym$$used                           0x00006404   Number         0  rtx_conf_cm.o(.constdata)
    .constdata                               0x00006444   Section      108  spi_lpc17xx.o(.constdata)
    DriverVersion                            0x00006444   Data           4  spi_lpc17xx.o(.constdata)
    DriverCapabilities                       0x00006448   Data           4  spi_lpc17xx.o(.constdata)
    SPI_Resources                            0x0000644c   Data          56  spi_lpc17xx.o(.constdata)
    .constdata                               0x000064b0   Section      240  ssp_lpc17xx.o(.constdata)
    DriverVersion                            0x000064b0   Data           4  ssp_lpc17xx.o(.constdata)
    DriverCapabilities                       0x000064b4   Data           4  ssp_lpc17xx.o(.constdata)
    SSP0_Resources                           0x000064b8   Data          72  ssp_lpc17xx.o(.constdata)
    SSP1_Resources                           0x00006500   Data          72  ssp_lpc17xx.o(.constdata)
    .data                                    0x10000000   Section        4  main.o(.data)
    .data                                    0x10000004   Section       17  glcd_mcb1700.o(.data)
    spi1_pins                                0x10000004   Data           8  glcd_mcb1700.o(.data)
    foreground_color                         0x1000000c   Data           2  glcd_mcb1700.o(.data)
    background_color                         0x1000000e   Data           2  glcd_mcb1700.o(.data)
    active_font                              0x10000010   Data           4  glcd_mcb1700.o(.data)
    Himax                                    0x10000014   Data           1  glcd_mcb1700.o(.data)
    .data                                    0x10000018   Section       20  rtx_conf_cm.o(.data)
    nr_mutex                                 0x10000028   Data           4  rtx_conf_cm.o(.data)
    .data                                    0x1000002c   Section       12  spi_lpc17xx.o(.data)
    SPI_pin_sck                              0x1000002c   Data           2  spi_lpc17xx.o(.data)
    SPI_pin_miso                             0x1000002e   Data           2  spi_lpc17xx.o(.data)
    SPI_pin_mosi                             0x10000030   Data           2  spi_lpc17xx.o(.data)
    SPI_pin_ssel                             0x10000032   Data           2  spi_lpc17xx.o(.data)
    spi                                      0x10000034   Data           4  spi_lpc17xx.o(.data)
    .data                                    0x10000038   Section       20  ssp_lpc17xx.o(.data)
    SSPO_pin_sck                             0x10000038   Data           2  ssp_lpc17xx.o(.data)
    SSPO_pin_ssel                            0x1000003a   Data           2  ssp_lpc17xx.o(.data)
    SSP1_pin_sck                             0x1000003c   Data           2  ssp_lpc17xx.o(.data)
    SSP1_pin_miso                            0x1000003e   Data           2  ssp_lpc17xx.o(.data)
    SSP1_pin_mosi                            0x10000040   Data           2  ssp_lpc17xx.o(.data)
    SSP1_pin_ssel                            0x10000042   Data           2  ssp_lpc17xx.o(.data)
    dummy_data                               0x10000044   Data           4  ssp_lpc17xx.o(.data)
    dummy_data                               0x10000048   Data           4  ssp_lpc17xx.o(.data)
    .data                                    0x1000004c   Section        8  gpdma_lpc17xx.o(.data)
    Channel_active                           0x1000004c   Data           4  gpdma_lpc17xx.o(.data)
    Init_cnt                                 0x10000050   Data           4  gpdma_lpc17xx.o(.data)
    .data                                    0x10000054   Section        4  system_lpc17xx.o(.data)
    .data                                    0x10000058   Section        8  rt_cmsis.o(.data)
    .data                                    0x10000060   Section        8  rt_task.o(.data)
    .data                                    0x10000068   Section        8  rt_system.o(.data)
    os_lock                                  0x10000068   Data           1  rt_system.o(.data)
    os_psh_flag                              0x10000069   Data           1  rt_system.o(.data)
    pend_flags                               0x1000006a   Data           1  rt_system.o(.data)
    .data                                    0x10000070   Section        4  rt_time.o(.data)
    .data                                    0x10000074   Section        8  rt_robin.o(.data)
    .data                                    0x1000007c   Section        1  hal_cm.o(.data)
    .bss                                     0x10000080   Section     3016  rtx_conf_cm.o(.bss)
    std_libspace                             0x10000928   Data         672  rtx_conf_cm.o(.bss)
    std_libmutex                             0x10000bc8   Data         128  rtx_conf_cm.o(.bss)
    .bss                                     0x10000c48   Section       40  spi_lpc17xx.o(.bss)
    SPI_Info                                 0x10000c48   Data          12  spi_lpc17xx.o(.bss)
    SPI_Xfer                                 0x10000c54   Data          28  spi_lpc17xx.o(.bss)
    .bss                                     0x10000c70   Section       80  ssp_lpc17xx.o(.bss)
    SSP0_Info                                0x10000c70   Data          12  ssp_lpc17xx.o(.bss)
    SSP0_Xfer                                0x10000c7c   Data          28  ssp_lpc17xx.o(.bss)
    SSP1_Info                                0x10000c98   Data          12  ssp_lpc17xx.o(.bss)
    SSP1_Xfer                                0x10000ca4   Data          28  ssp_lpc17xx.o(.bss)
    .bss                                     0x10000cc0   Section      160  gpdma_lpc17xx.o(.bss)
    Channel_info                             0x10000cc0   Data         160  gpdma_lpc17xx.o(.bss)
    .bss                                     0x10000d60   Section       52  rt_task.o(.bss)
    .bss                                     0x10000d94   Section       48  rt_list.o(.bss)
    .bss                                     0x10000dc4   Section       96  libspace.o(.bss)
    HEAP                                     0x10000e28   Section        0  startup_lpc17xx.o(HEAP)
    STACK                                    0x10000e28   Section      512  startup_lpc17xx.o(STACK)
    Heap_Mem                                 0x10000e28   Data           0  startup_lpc17xx.o(HEAP)
    Stack_Mem                                0x10000e28   Data         512  startup_lpc17xx.o(STACK)
    __initial_sp                             0x10001028   Data           0  startup_lpc17xx.o(STACK)

    Global Symbols

    Symbol Name                              Value     Ov Type        Size  Object(Section)

    BuildAttributes$$THM_ISAv4$P$D$K$B$S$PE$A:L22UL41UL21$X:L11$S22US41US21$IEEE1$IW$USESV6$~STKCKD$USESV7$~SHL$OSPACE$ROPI$EBA8$UX$STANDARDLIB$REQ8$PRES8$EABIv2 0x00000000   Number         0  anon$$obj.o ABSOLUTE
    __ARM_use_no_argv                        0x00000000   Number         0  main.o ABSOLUTE
    __Vectors                                0x00000000   Data           4  startup_lpc17xx.o(RESET)
    __ARM_exceptions_init                     - Undefined Weak Reference
    __alloca_initialize                       - Undefined Weak Reference
    __arm_preinit_                            - Undefined Weak Reference
    __cpp_initialize__aeabi_                  - Undefined Weak Reference
    __cxa_finalize                            - Undefined Weak Reference
    __rt_locale                               - Undefined Weak Reference
    __sigvec_lookup                           - Undefined Weak Reference
    _atexit_init                              - Undefined Weak Reference
    _call_atexit_fns                          - Undefined Weak Reference
    _clock_init                               - Undefined Weak Reference
    _fp_trap_init                             - Undefined Weak Reference
    _fp_trap_shutdown                         - Undefined Weak Reference
    _get_lc_collate                           - Undefined Weak Reference
    _get_lc_ctype                             - Undefined Weak Reference
    _get_lc_monetary                          - Undefined Weak Reference
    _get_lc_numeric                           - Undefined Weak Reference
    _get_lc_time                              - Undefined Weak Reference
    _getenv_init                              - Undefined Weak Reference
    _handle_redirection                       - Undefined Weak Reference
    _init_alloc                               - Undefined Weak Reference
    _init_user_alloc                          - Undefined Weak Reference
    _initio                                   - Undefined Weak Reference
    _rand_init                                - Undefined Weak Reference
    _signal_finish                            - Undefined Weak Reference
    _signal_init                              - Undefined Weak Reference
    _terminate_alloc                          - Undefined Weak Reference
    _terminate_user_alloc                     - Undefined Weak Reference
    _terminateio                              - Undefined Weak Reference
    __main                                   0x000000cd   Thumb Code     8  __main.o(!!!main)
    __scatterload                            0x000000d5   Thumb Code     0  __scatter.o(!!!scatter)
    __scatterload_rt2                        0x000000d5   Thumb Code    44  __scatter.o(!!!scatter)
    __scatterload_rt2_thumb_only             0x000000d5   Thumb Code     0  __scatter.o(!!!scatter)
    __scatterload_null                       0x000000e3   Thumb Code     0  __scatter.o(!!!scatter)
    __scatterload_copy                       0x00000109   Thumb Code    26  __scatter_copy.o(!!handler_copy)
    __scatterload_zeroinit                   0x00000125   Thumb Code    28  __scatter_zi.o(!!handler_zi)
    __rt_lib_init                            0x00000141   Thumb Code     0  libinit.o(.ARM.Collect$$libinit$$00000000)
    __rt_lib_init_alloca_1                   0x00000143   Thumb Code     0  libinit2.o(.ARM.Collect$$libinit$$0000002E)
    __rt_lib_init_argv_1                     0x00000143   Thumb Code     0  libinit2.o(.ARM.Collect$$libinit$$0000002C)
    __rt_lib_init_atexit_1                   0x00000143   Thumb Code     0  libinit2.o(.ARM.Collect$$libinit$$0000001B)
    __rt_lib_init_clock_1                    0x00000143   Thumb Code     0  libinit2.o(.ARM.Collect$$libinit$$00000021)
    __rt_lib_init_cpp_1                      0x00000143   Thumb Code     0  libinit2.o(.ARM.Collect$$libinit$$00000032)
    __rt_lib_init_exceptions_1               0x00000143   Thumb Code     0  libinit2.o(.ARM.Collect$$libinit$$00000030)
    __rt_lib_init_fp_1                       0x00000143   Thumb Code     0  libinit2.o(.ARM.Collect$$libinit$$00000002)
    __rt_lib_init_fp_trap_1                  0x00000143   Thumb Code     0  libinit2.o(.ARM.Collect$$libinit$$0000001F)
    __rt_lib_init_getenv_1                   0x00000143   Thumb Code     0  libinit2.o(.ARM.Collect$$libinit$$00000023)
    __rt_lib_init_heap_1                     0x00000143   Thumb Code     0  libinit2.o(.ARM.Collect$$libinit$$0000000A)
    __rt_lib_init_lc_collate_1               0x00000143   Thumb Code     0  libinit2.o(.ARM.Collect$$libinit$$00000011)
    __rt_lib_init_lc_ctype_1                 0x00000143   Thumb Code     0  libinit2.o(.ARM.Collect$$libinit$$00000013)
    __rt_lib_init_lc_monetary_1              0x00000143   Thumb Code     0  libinit2.o(.ARM.Collect$$libinit$$00000015)
    __rt_lib_init_lc_numeric_1               0x00000143   Thumb Code     0  libinit2.o(.ARM.Collect$$libinit$$00000017)
    __rt_lib_init_lc_time_1                  0x00000143   Thumb Code     0  libinit2.o(.ARM.Collect$$libinit$$00000019)
    __rt_lib_init_preinit_1                  0x00000143   Thumb Code     0  libinit2.o(.ARM.Collect$$libinit$$00000004)
    __rt_lib_init_rand_1                     0x00000143   Thumb Code     0  libinit2.o(.ARM.Collect$$libinit$$0000000E)
    __rt_lib_init_return                     0x00000143   Thumb Code     0  libinit2.o(.ARM.Collect$$libinit$$00000033)
    __rt_lib_init_signal_1                   0x00000143   Thumb Code     0  libinit2.o(.ARM.Collect$$libinit$$0000001D)
    __rt_lib_init_stdio_1                    0x00000143   Thumb Code     0  libinit2.o(.ARM.Collect$$libinit$$00000025)
    __rt_lib_init_user_alloc_1               0x00000143   Thumb Code     0  libinit2.o(.ARM.Collect$$libinit$$0000000C)
    __rt_lib_shutdown                        0x00000145   Thumb Code     0  libshutdown.o(.ARM.Collect$$libshutdown$$00000000)
    __rt_lib_shutdown_cpp_1                  0x00000147   Thumb Code     0  libshutdown2.o(.ARM.Collect$$libshutdown$$00000002)
    __rt_lib_shutdown_fp_trap_1              0x00000147   Thumb Code     0  libshutdown2.o(.ARM.Collect$$libshutdown$$00000007)
    __rt_lib_shutdown_heap_1                 0x00000147   Thumb Code     0  libshutdown2.o(.ARM.Collect$$libshutdown$$0000000F)
    __rt_lib_shutdown_return                 0x00000147   Thumb Code     0  libshutdown2.o(.ARM.Collect$$libshutdown$$00000010)
    __rt_lib_shutdown_signal_1               0x00000147   Thumb Code     0  libshutdown2.o(.ARM.Collect$$libshutdown$$0000000A)
    __rt_lib_shutdown_stdio_1                0x00000147   Thumb Code     0  libshutdown2.o(.ARM.Collect$$libshutdown$$00000004)
    __rt_lib_shutdown_user_alloc_1           0x00000147   Thumb Code     0  libshutdown2.o(.ARM.Collect$$libshutdown$$0000000C)
    __rt_entry                               0x00000149   Thumb Code     0  __rtentry.o(.ARM.Collect$$rtentry$$00000000)
    __rt_entry_presh_1                       0x00000149   Thumb Code     0  __rtentry2.o(.ARM.Collect$$rtentry$$00000002)
    __rt_entry_sh                            0x00000149   Thumb Code     0  __rtentry4.o(.ARM.Collect$$rtentry$$00000004)
    __rt_entry_li                            0x0000014f   Thumb Code     0  __rtentry2.o(.ARM.Collect$$rtentry$$0000000A)
    __rt_entry_postsh_1                      0x0000014f   Thumb Code     0  __rtentry2.o(.ARM.Collect$$rtentry$$00000009)
    __rt_entry_postli_1                      0x00000153   Thumb Code     0  __rtentry2.o(.ARM.Collect$$rtentry$$0000000B)
    __rt_entry_main                          0x0000015b   Thumb Code     0  __rtentry2.o(.ARM.Collect$$rtentry$$0000000D)
    __rt_exit                                0x00000163   Thumb Code     0  rtexit.o(.ARM.Collect$$rtexit$$00000000)
    __rt_exit_ls                             0x00000165   Thumb Code     0  rtexit2.o(.ARM.Collect$$rtexit$$00000003)
    __rt_exit_prels_1                        0x00000165   Thumb Code     0  rtexit2.o(.ARM.Collect$$rtexit$$00000002)
    __rt_exit_exit                           0x00000169   Thumb Code     0  rtexit2.o(.ARM.Collect$$rtexit$$00000004)
    _platform_post_lib_init                  0x00000171   Thumb Code    24  rtx_conf_cm.o(.emb_text)
    rt_set_PSP                               0x0000018d   Thumb Code     6  hal_cm3.o(.emb_text)
    rt_get_PSP                               0x00000193   Thumb Code     6  hal_cm3.o(.emb_text)
    os_set_env                               0x00000199   Thumb Code    24  hal_cm3.o(.emb_text)
    _alloc_box                               0x000001b5   Thumb Code    28  hal_cm3.o(.emb_text)
    _free_box                                0x000001d5   Thumb Code    28  hal_cm3.o(.emb_text)
    SVC_Handler                              0x000001f5   Thumb Code   108  hal_cm3.o(.emb_text)
    PendSV_Handler                           0x0000026d   Thumb Code    56  hal_cm3.o(.emb_text)
    SysTick_Handler                          0x000002a9   Thumb Code     8  hal_cm3.o(.emb_text)
    OS_Tick_Handler                          0x000002b1   Thumb Code    12  hal_cm3.o(.emb_text)
    Reset_Handler                            0x000002bd   Thumb Code     8  startup_lpc17xx.o(.text)
    NMI_Handler                              0x000002c5   Thumb Code     2  startup_lpc17xx.o(.text)
    HardFault_Handler                        0x000002c7   Thumb Code     2  startup_lpc17xx.o(.text)
    MemManage_Handler                        0x000002c9   Thumb Code     2  startup_lpc17xx.o(.text)
    BusFault_Handler                         0x000002cb   Thumb Code     2  startup_lpc17xx.o(.text)
    UsageFault_Handler                       0x000002cd   Thumb Code     2  startup_lpc17xx.o(.text)
    DebugMon_Handler                         0x000002d1   Thumb Code     2  startup_lpc17xx.o(.text)
    ADC_IRQHandler                           0x000002d7   Thumb Code     0  startup_lpc17xx.o(.text)
    BOD_IRQHandler                           0x000002d7   Thumb Code     0  startup_lpc17xx.o(.text)
    CANActivity_IRQHandler                   0x000002d7   Thumb Code     0  startup_lpc17xx.o(.text)
    CAN_IRQHandler                           0x000002d7   Thumb Code     0  startup_lpc17xx.o(.text)
    EINT0_IRQHandler                         0x000002d7   Thumb Code     0  startup_lpc17xx.o(.text)
    EINT1_IRQHandler                         0x000002d7   Thumb Code     0  startup_lpc17xx.o(.text)
    EINT2_IRQHandler                         0x000002d7   Thumb Code     0  startup_lpc17xx.o(.text)
    EINT3_IRQHandler                         0x000002d7   Thumb Code     0  startup_lpc17xx.o(.text)
    ENET_IRQHandler                          0x000002d7   Thumb Code     0  startup_lpc17xx.o(.text)
    I2C0_IRQHandler                          0x000002d7   Thumb Code     0  startup_lpc17xx.o(.text)
    I2C1_IRQHandler                          0x000002d7   Thumb Code     0  startup_lpc17xx.o(.text)
    I2C2_IRQHandler                          0x000002d7   Thumb Code     0  startup_lpc17xx.o(.text)
    I2S_IRQHandler                           0x000002d7   Thumb Code     0  startup_lpc17xx.o(.text)
    MCPWM_IRQHandler                         0x000002d7   Thumb Code     0  startup_lpc17xx.o(.text)
    PLL0_IRQHandler                          0x000002d7   Thumb Code     0  startup_lpc17xx.o(.text)
    PLL1_IRQHandler                          0x000002d7   Thumb Code     0  startup_lpc17xx.o(.text)
    PWM1_IRQHandler                          0x000002d7   Thumb Code     0  startup_lpc17xx.o(.text)
    QEI_IRQHandler                           0x000002d7   Thumb Code     0  startup_lpc17xx.o(.text)
    RIT_IRQHandler                           0x000002d7   Thumb Code     0  startup_lpc17xx.o(.text)
    RTC_IRQHandler                           0x000002d7   Thumb Code     0  startup_lpc17xx.o(.text)
    TIMER0_IRQHandler                        0x000002d7   Thumb Code     0  startup_lpc17xx.o(.text)
    TIMER1_IRQHandler                        0x000002d7   Thumb Code     0  startup_lpc17xx.o(.text)
    TIMER2_IRQHandler                        0x000002d7   Thumb Code     0  startup_lpc17xx.o(.text)
    TIMER3_IRQHandler                        0x000002d7   Thumb Code     0  startup_lpc17xx.o(.text)
    UART0_IRQHandler                         0x000002d7   Thumb Code     0  startup_lpc17xx.o(.text)
    UART1_IRQHandler                         0x000002d7   Thumb Code     0  startup_lpc17xx.o(.text)
    UART2_IRQHandler                         0x000002d7   Thumb Code     0  startup_lpc17xx.o(.text)
    UART3_IRQHandler                         0x000002d7   Thumb Code     0  startup_lpc17xx.o(.text)
    USBActivity_IRQHandler                   0x000002d7   Thumb Code     0  startup_lpc17xx.o(.text)
    USB_IRQHandler                           0x000002d7   Thumb Code     0  startup_lpc17xx.o(.text)
    WDT_IRQHandler                           0x000002d7   Thumb Code     0  startup_lpc17xx.o(.text)
    __user_initial_stackheap                 0x000002d9   Thumb Code     0  startup_lpc17xx.o(.text)
    __I$use$semihosting                      0x000002f9   Thumb Code     0  use_no_semi.o(.text)
    __use_no_semihosting_swi                 0x000002f9   Thumb Code     2  use_no_semi.o(.text)
    __semihosting_library_function           0x000002fb   Thumb Code     0  indicate_semi.o(.text)
    os_tick_irqack                           0x000002fb   Thumb Code     2  rt_system.o(i.os_tick_irqack)
    __user_libspace                          0x00000301   Thumb Code     8  libspace.o(.text)
    __user_perproc_libspace                  0x00000301   Thumb Code     0  libspace.o(.text)
    exit                                     0x00000309   Thumb Code    18  exit.o(.text)
    __aeabi_memclr4                          0x0000031b   Thumb Code     0  rt_memclr_w.o(.text)
    __aeabi_memclr8                          0x0000031b   Thumb Code     0  rt_memclr_w.o(.text)
    __rt_memclr_w                            0x0000031b   Thumb Code    78  rt_memclr_w.o(.text)
    _memset_w                                0x0000031f   Thumb Code     0  rt_memclr_w.o(.text)
    __use_two_region_memory                  0x00000369   Thumb Code     2  heapauxi.o(.text)
    __rt_heap_escrow$2region                 0x0000036b   Thumb Code     2  heapauxi.o(.text)
    __rt_heap_expand$2region                 0x0000036d   Thumb Code     2  heapauxi.o(.text)
    _sys_exit                                0x00000371   Thumb Code     8  sys_exit.o(.text)
    __user_setup_stackheap                   0x0000037d   Thumb Code    74  sys_stackheap_outer.o(.text)
    SVC_Count                                0x000003c8   Data           4  svc_table.o(SVC_TABLE)
    SVC_Table                                0x000003cc   Data           0  svc_table.o(SVC_TABLE)
    DMA_IRQHandler                           0x000003ed   Thumb Code   372  gpdma_lpc17xx.o(i.DMA_IRQHandler)
    __RL_RTX_VER                             0x00000482   Number         0  rt_system.o ABSOLUTE
    GLCD_ClearScreen                         0x0000056d   Thumb Code    44  glcd_mcb1700.o(i.GLCD_ClearScreen)
    GLCD_DrawChar                            0x0000059d   Thumb Code   194  glcd_mcb1700.o(i.GLCD_DrawChar)
    GLCD_DrawString                          0x0000066d   Thumb Code    38  glcd_mcb1700.o(i.GLCD_DrawString)
    GLCD_Initialize                          0x00000699   Thumb Code  1462  glcd_mcb1700.o(i.GLCD_Initialize)
    GLCD_SetBackgroundColor                  0x00000c51   Thumb Code    10  glcd_mcb1700.o(i.GLCD_SetBackgroundColor)
    GLCD_SetFont                             0x00000c61   Thumb Code    10  glcd_mcb1700.o(i.GLCD_SetFont)
    GLCD_SetForegroundColor                  0x00000c71   Thumb Code    10  glcd_mcb1700.o(i.GLCD_SetForegroundColor)
    GLCD_SetWindow                           0x00000c81   Thumb Code   168  glcd_mcb1700.o(i.GLCD_SetWindow)
    GLCD_WindowMax                           0x00000d2d   Thumb Code    18  glcd_mcb1700.o(i.GLCD_WindowMax)
    GPDMA_ChannelConfigure                   0x00000d41   Thumb Code   232  gpdma_lpc17xx.o(i.GPDMA_ChannelConfigure)
    GPDMA_ChannelDisable                     0x00000e35   Thumb Code    44  gpdma_lpc17xx.o(i.GPDMA_ChannelDisable)
    GPDMA_ChannelGetCount                    0x00000e65   Thumb Code    38  gpdma_lpc17xx.o(i.GPDMA_ChannelGetCount)
    GPDMA_Initialize                         0x00000e95   Thumb Code   154  gpdma_lpc17xx.o(i.GPDMA_Initialize)
    GPDMA_PeripheralSelect                   0x00000f45   Thumb Code    62  gpdma_lpc17xx.o(i.GPDMA_PeripheralSelect)
    GPDMA_Uninitialize                       0x00000f89   Thumb Code   116  gpdma_lpc17xx.o(i.GPDMA_Uninitialize)
    GPIO_PinRead                             0x00001009   Thumb Code    28  gpio_lpc17xx.o(i.GPIO_PinRead)
    GPIO_PinWrite                            0x00001029   Thumb Code    36  gpio_lpc17xx.o(i.GPIO_PinWrite)
    GPIO_PortClock                           0x00001051   Thumb Code    38  gpio_lpc17xx.o(i.GPIO_PortClock)
    GPIO_SetDir                              0x0000107d   Thumb Code    52  gpio_lpc17xx.o(i.GPIO_SetDir)
    Joystick_GetState                        0x00001149   Thumb Code    88  joystick_mcb1700.o(i.Joystick_GetState)
    Joystick_Initialize                      0x000011a5   Thumb Code    68  joystick_mcb1700.o(i.Joystick_Initialize)
    PIN_Configure                            0x000011ed   Thumb Code   246  pin_lpc17xx.o(i.PIN_Configure)
    SPI_IRQHandler                           0x00001975   Thumb Code   516  spi_lpc17xx.o(i.SPI_IRQHandler)
    SSP0_GPDMA_Rx_SignalEvent                0x000021b1   Thumb Code    14  ssp_lpc17xx.o(i.SSP0_GPDMA_Rx_SignalEvent)
    SSP0_GPDMA_Tx_SignalEvent                0x000021c5   Thumb Code    14  ssp_lpc17xx.o(i.SSP0_GPDMA_Tx_SignalEvent)
    SSP0_IRQHandler                          0x000021f9   Thumb Code    10  ssp_lpc17xx.o(i.SSP0_IRQHandler)
    SSP1_GPDMA_Rx_SignalEvent                0x000022a5   Thumb Code    14  ssp_lpc17xx.o(i.SSP1_GPDMA_Rx_SignalEvent)
    SSP1_GPDMA_Tx_SignalEvent                0x000022b9   Thumb Code    14  ssp_lpc17xx.o(i.SSP1_GPDMA_Tx_SignalEvent)
    SSP1_IRQHandler                          0x000022ed   Thumb Code    10  ssp_lpc17xx.o(i.SSP1_IRQHandler)
    SSPx_GPDMA_Rx_SignalEvent                0x000028bb   Thumb Code    54  ssp_lpc17xx.o(i.SSPx_GPDMA_Rx_SignalEvent)
    SSPx_GPDMA_Tx_SignalEvent                0x000028f1   Thumb Code    28  ssp_lpc17xx.o(i.SSPx_GPDMA_Tx_SignalEvent)
    SystemInit                               0x000031a9   Thumb Code   302  system_lpc17xx.o(i.SystemInit)
    _init_box                                0x0000333d   Thumb Code    70  rt_membox.o(i._init_box)
    _mutex_acquire                           0x00003385   Thumb Code    22  rtx_conf_cm.o(i._mutex_acquire)
    _mutex_release                           0x000033a5   Thumb Code    18  rtx_conf_cm.o(i._mutex_release)
    dbg_init                                 0x000033c1   Thumb Code    34  hal_cm.o(i.dbg_init)
    dbg_task_notify                          0x000033f1   Thumb Code    32  hal_cm.o(i.dbg_task_notify)
    dbg_task_switch                          0x00003411   Thumb Code    16  hal_cm.o(i.dbg_task_switch)
    isrMessageGet                            0x0000344d   Thumb Code    42  rt_cmsis.o(i.isrMessageGet)
    isrMessagePut                            0x00003477   Thumb Code    44  rt_cmsis.o(i.isrMessagePut)
    isr_mbx_receive                          0x000034a5   Thumb Code    86  rt_mailbox.o(i.isr_mbx_receive)
    isr_mbx_send                             0x000034fb   Thumb Code    14  rt_mailbox.o(i.isr_mbx_send)
    main                                     0x00003509   Thumb Code   264  main.o(i.main)
    osKernelInitialize                       0x000036a9   Thumb Code    30  rt_cmsis.o(i.osKernelInitialize)
    osKernelStart                            0x000036cd   Thumb Code    98  rt_cmsis.o(i.osKernelStart)
    osMessageGet                             0x00003739   Thumb Code    18  rt_cmsis.o(i.osMessageGet)
    osThreadCreate                           0x00003751   Thumb Code    36  rt_cmsis.o(i.osThreadCreate)
    osThreadExit                             0x0000377d   Thumb Code    14  rt_cmsis.o(i.osThreadExit)
    osTimerCall                              0x00003795   Thumb Code     8  rt_cmsis.o(i.osTimerCall)
    osTimerThread                            0x000037a1   Thumb Code    38  rt_cmsis.o(i.osTimerThread)
    os_error                                 0x000037cd   Thumb Code    34  rtx_conf_cm.o(i.os_error)
    os_idle_demon                            0x000037ef   Thumb Code     4  rtx_conf_cm.o(i.os_idle_demon)
    os_tick_init                             0x000037f5   Thumb Code    32  rt_system.o(i.os_tick_init)
    rt_alloc_box                             0x00003939   Thumb Code    26  rt_membox.o(i.rt_alloc_box)
    rt_alloc_mem                             0x00003953   Thumb Code    62  rt_memory.o(i.rt_alloc_mem)
    rt_block                                 0x00003991   Thumb Code    48  rt_task.o(i.rt_block)
    rt_chk_robin                             0x000039c9   Thumb Code    60  rt_robin.o(i.rt_chk_robin)
    rt_dec_dly                               0x00003a11   Thumb Code   102  rt_list.o(i.rt_dec_dly)
    rt_dispatch                              0x00003a81   Thumb Code    60  rt_task.o(i.rt_dispatch)
    rt_evt_psh                               0x00003ac5   Thumb Code    76  rt_event.o(i.rt_evt_psh)
    rt_free_box                              0x00003b15   Thumb Code    44  rt_membox.o(i.rt_free_box)
    rt_free_mem                              0x00003b41   Thumb Code    40  rt_memory.o(i.rt_free_mem)
    rt_get_first                             0x00003b69   Thumb Code    40  rt_list.o(i.rt_get_first)
    rt_init_mem                              0x00003be1   Thumb Code    26  rt_memory.o(i.rt_init_mem)
    rt_init_robin                            0x00003bfd   Thumb Code    14  rt_robin.o(i.rt_init_robin)
    rt_init_stack                            0x00003c15   Thumb Code   118  hal_cm.o(i.rt_init_stack)
    rt_mbx_check                             0x00003c95   Thumb Code     8  rt_mailbox.o(i.rt_mbx_check)
    rt_mbx_init                              0x00003c9d   Thumb Code    26  rt_mailbox.o(i.rt_mbx_init)
    rt_mbx_psh                               0x00003cb9   Thumb Code   236  rt_mailbox.o(i.rt_mbx_psh)
    rt_mbx_wait                              0x00003da9   Thumb Code   174  rt_mailbox.o(i.rt_mbx_wait)
    rt_mut_release                           0x00003ea1   Thumb Code   208  rt_mutex.o(i.rt_mut_release)
    rt_mut_wait                              0x00003f79   Thumb Code   114  rt_mutex.o(i.rt_mut_wait)
    rt_pop_req                               0x00003ff1   Thumb Code   112  rt_system.o(i.rt_pop_req)
    rt_psh_req                               0x0000406d   Thumb Code    22  rt_system.o(i.rt_psh_req)
    rt_psq_enq                               0x0000408d   Thumb Code    88  rt_list.o(i.rt_psq_enq)
    rt_put_dly                               0x000040e9   Thumb Code    68  rt_list.o(i.rt_put_dly)
    rt_put_prio                              0x00004131   Thumb Code    54  rt_list.o(i.rt_put_prio)
    rt_put_rdy_first                         0x00004169   Thumb Code    14  rt_list.o(i.rt_put_rdy_first)
    rt_resort_prio                           0x0000417d   Thumb Code    46  rt_list.o(i.rt_resort_prio)
    rt_ret_val                               0x000041b1   Thumb Code     6  hal_cm.o(i.rt_ret_val)
    rt_ret_val2                              0x000041b7   Thumb Code     8  hal_cm.o(i.rt_ret_val2)
    rt_rmv_dly                               0x000041bf   Thumb Code    40  rt_list.o(i.rt_rmv_dly)
    rt_rmv_list                              0x000041e9   Thumb Code    44  rt_list.o(i.rt_rmv_list)
    rt_sem_psh                               0x00004219   Thumb Code    48  rt_semaphore.o(i.rt_sem_psh)
    rt_stk_check                             0x0000424d   Thumb Code    28  rt_system.o(i.rt_stk_check)
    rt_switch_req                            0x00004271   Thumb Code    30  rt_task.o(i.rt_switch_req)
    rt_sys_init                              0x00004299   Thumb Code   138  rt_task.o(i.rt_sys_init)
    rt_sys_start                             0x00004365   Thumb Code   110  rt_task.o(i.rt_sys_start)
    rt_systick                               0x000043dd   Thumb Code    50  rt_system.o(i.rt_systick)
    rt_tsk_create                            0x00004465   Thumb Code   118  rt_task.o(i.rt_tsk_create)
    rt_tsk_delete                            0x000044ed   Thumb Code   352  rt_task.o(i.rt_tsk_delete)
    rt_tsk_prio                              0x00004669   Thumb Code   108  rt_task.o(i.rt_tsk_prio)
    rt_tsk_self                              0x000046e5   Thumb Code    12  rt_task.o(i.rt_tsk_self)
    svcKernelInitialize                      0x000047a9   Thumb Code    80  rt_cmsis.o(i.svcKernelInitialize)
    svcKernelStart                           0x00004819   Thumb Code    62  rt_cmsis.o(i.svcKernelStart)
    svcMessageCreate                         0x00004861   Thumb Code    36  rt_cmsis.o(i.svcMessageCreate)
    svcMessageGet                            0x00004885   Thumb Code    58  rt_cmsis.o(i.svcMessageGet)
    svcThreadCreate                          0x000048c1   Thumb Code    96  rt_cmsis.o(i.svcThreadCreate)
    svcThreadGetId                           0x0000492d   Thumb Code    22  rt_cmsis.o(i.svcThreadGetId)
    svcThreadTerminate                       0x00004949   Thumb Code    50  rt_cmsis.o(i.svcThreadTerminate)
    svcTimerCall                             0x00004981   Thumb Code    24  rt_cmsis.o(i.svcTimerCall)
    sysTimerTick                             0x00004999   Thumb Code    84  rt_cmsis.o(i.sysTimerTick)
    GLCD_Font_6x8                            0x000063b0   Data          16  glcd_fonts.o(.constdata)
    GLCD_Font_16x24                          0x000063c0   Data          16  glcd_fonts.o(.constdata)
    JOYSTICK_PIN                             0x000063d0   Data          10  joystick_mcb1700.o(.constdata)
    os_maxtaskrun                            0x000063dc   Data           2  rtx_conf_cm.o(.constdata)
    os_stackinfo                             0x000063e0   Data           4  rtx_conf_cm.o(.constdata)
    os_rrobin                                0x000063e4   Data           4  rtx_conf_cm.o(.constdata)
    os_tickfreq                              0x000063e8   Data           4  rtx_conf_cm.o(.constdata)
    os_tickus_i                              0x000063ec   Data           2  rtx_conf_cm.o(.constdata)
    os_tickus_f                              0x000063ee   Data           2  rtx_conf_cm.o(.constdata)
    os_trv                                   0x000063f0   Data           4  rtx_conf_cm.o(.constdata)
    os_flags                                 0x000063f4   Data           1  rtx_conf_cm.o(.constdata)
    CMSIS_RTOS_API_Version                   0x000063f8   Data           4  rtx_conf_cm.o(.constdata)
    CMSIS_RTOS_RTX_Version                   0x000063fc   Data           4  rtx_conf_cm.o(.constdata)
    os_clockrate                             0x00006400   Data           4  rtx_conf_cm.o(.constdata)
    os_timernum                              0x00006404   Data           4  rtx_conf_cm.o(.constdata)
    mp_tcb_size                              0x00006408   Data           2  rtx_conf_cm.o(.constdata)
    mp_stk_size                              0x0000640c   Data           4  rtx_conf_cm.o(.constdata)
    os_stack_sz                              0x00006410   Data           4  rtx_conf_cm.o(.constdata)
    os_fifo_size                             0x00006414   Data           1  rtx_conf_cm.o(.constdata)
    os_thread_def_osTimerThread              0x00006418   Data          16  rtx_conf_cm.o(.constdata)
    os_messageQ_def_osTimerMessageQ          0x00006428   Data           8  rtx_conf_cm.o(.constdata)
    mp_tmr_size                              0x00006430   Data           2  rtx_conf_cm.o(.constdata)
    os_thread_def_main                       0x00006434   Data          16  rtx_conf_cm.o(.constdata)
    Driver_SPI2                              0x00006484   Data          44  spi_lpc17xx.o(.constdata)
    Driver_SPI0                              0x00006548   Data          44  ssp_lpc17xx.o(.constdata)
    Driver_SPI1                              0x00006574   Data          44  ssp_lpc17xx.o(.constdata)
    Region$$Table$$Base                      0x000065a0   Number         0  anon$$obj.o(Region$$Table)
    Region$$Table$$Limit                     0x000065c0   Number         0  anon$$obj.o(Region$$Table)
    JoystickStatus                           0x10000000   Data           4  main.o(.data)
    osThreadId_osTimerThread                 0x10000018   Data           4  rtx_conf_cm.o(.data)
    osMessageQId_osTimerMessageQ             0x1000001c   Data           4  rtx_conf_cm.o(.data)
    os_tmr                                   0x10000020   Data           4  rtx_conf_cm.o(.data)
    m_tmr                                    0x10000024   Data           4  rtx_conf_cm.o(.data)
    SystemCoreClock                          0x10000054   Data           4  system_lpc17xx.o(.data)
    os_initialized                           0x10000058   Data           1  rt_cmsis.o(.data)
    os_running                               0x10000059   Data           1  rt_cmsis.o(.data)
    os_timer_head                            0x1000005c   Data           4  rt_cmsis.o(.data)
    os_tsk                                   0x10000060   Data           8  rt_task.o(.data)
    os_tick_irqn                             0x1000006c   Data           4  rt_system.o(.data)
    os_time                                  0x10000070   Data           4  rt_time.o(.data)
    os_robin                                 0x10000074   Data           8  rt_robin.o(.data)
    dbg_msg                                  0x1000007c   Data           1  hal_cm.o(.data)
    mp_tcb                                   0x10000080   Data         376  rtx_conf_cm.o(.bss)
    mp_stk                                   0x100001f8   Data        1216  rtx_conf_cm.o(.bss)
    os_stack_mem                             0x100006b8   Data         432  rtx_conf_cm.o(.bss)
    os_fifo                                  0x10000868   Data         132  rtx_conf_cm.o(.bss)
    os_active_TCB                            0x100008ec   Data          28  rtx_conf_cm.o(.bss)
    os_messageQ_q_osTimerMessageQ            0x10000908   Data          32  rtx_conf_cm.o(.bss)
    os_idle_TCB                              0x10000d60   Data          52  rt_task.o(.bss)
    os_rdy                                   0x10000d94   Data          24  rt_list.o(.bss)
    os_dly                                   0x10000dac   Data          24  rt_list.o(.bss)
    __libspace_start                         0x10000dc4   Data          96  libspace.o(.bss)
    __temporary_stack_top$libspace           0x10000e24   Data           0  libspace.o(.bss)



==============================================================================

Memory Map of the image

  Image Entry point : 0x000002bd

  Load Region LR_1 (Base: 0x00000000, Size: 0x00006640, Max: 0xffffffff, ABSOLUTE)

    Execution Region ER_RO (Exec base: 0x00000000, Load base: 0x00000000, Size: 0x000065c0, Max: 0xffffffff, ABSOLUTE)

    Exec Addr    Load Addr    Size         Type   Attr      Idx    E Section Name        Object

    0x00000000   0x00000000   0x000000cc   Data   RO         1702    RESET               startup_lpc17xx.o
    0x000000cc   0x000000cc   0x00000008   Code   RO         2972  * !!!main             c_w.l(__main.o)
    0x000000d4   0x000000d4   0x00000034   Code   RO         3133    !!!scatter          c_w.l(__scatter.o)
    0x00000108   0x00000108   0x0000001a   Code   RO         3135    !!handler_copy      c_w.l(__scatter_copy.o)
    0x00000122   0x00000122   0x00000002   PAD
    0x00000124   0x00000124   0x0000001c   Code   RO         3137    !!handler_zi        c_w.l(__scatter_zi.o)
    0x00000140   0x00000140   0x00000002   Code   RO         3019    .ARM.Collect$$libinit$$00000000  c_w.l(libinit.o)
    0x00000142   0x00000142   0x00000000   Code   RO         3031    .ARM.Collect$$libinit$$00000002  c_w.l(libinit2.o)
    0x00000142   0x00000142   0x00000000   Code   RO         3033    .ARM.Collect$$libinit$$00000004  c_w.l(libinit2.o)
    0x00000142   0x00000142   0x00000000   Code   RO         3036    .ARM.Collect$$libinit$$0000000A  c_w.l(libinit2.o)
    0x00000142   0x00000142   0x00000000   Code   RO         3038    .ARM.Collect$$libinit$$0000000C  c_w.l(libinit2.o)
    0x00000142   0x00000142   0x00000000   Code   RO         3040    .ARM.Collect$$libinit$$0000000E  c_w.l(libinit2.o)
    0x00000142   0x00000142   0x00000000   Code   RO         3043    .ARM.Collect$$libinit$$00000011  c_w.l(libinit2.o)
    0x00000142   0x00000142   0x00000000   Code   RO         3045    .ARM.Collect$$libinit$$00000013  c_w.l(libinit2.o)
    0x00000142   0x00000142   0x00000000   Code   RO         3047    .ARM.Collect$$libinit$$00000015  c_w.l(libinit2.o)
    0x00000142   0x00000142   0x00000000   Code   RO         3049    .ARM.Collect$$libinit$$00000017  c_w.l(libinit2.o)
    0x00000142   0x00000142   0x00000000   Code   RO         3051    .ARM.Collect$$libinit$$00000019  c_w.l(libinit2.o)
    0x00000142   0x00000142   0x00000000   Code   RO         3053    .ARM.Collect$$libinit$$0000001B  c_w.l(libinit2.o)
    0x00000142   0x00000142   0x00000000   Code   RO         3055    .ARM.Collect$$libinit$$0000001D  c_w.l(libinit2.o)
    0x00000142   0x00000142   0x00000000   Code   RO         3057    .ARM.Collect$$libinit$$0000001F  c_w.l(libinit2.o)
    0x00000142   0x00000142   0x00000000   Code   RO         3059    .ARM.Collect$$libinit$$00000021  c_w.l(libinit2.o)
    0x00000142   0x00000142   0x00000000   Code   RO         3061    .ARM.Collect$$libinit$$00000023  c_w.l(libinit2.o)
    0x00000142   0x00000142   0x00000000   Code   RO         3063    .ARM.Collect$$libinit$$00000025  c_w.l(libinit2.o)
    0x00000142   0x00000142   0x00000000   Code   RO         3067    .ARM.Collect$$libinit$$0000002C  c_w.l(libinit2.o)
    0x00000142   0x00000142   0x00000000   Code   RO         3069    .ARM.Collect$$libinit$$0000002E  c_w.l(libinit2.o)
    0x00000142   0x00000142   0x00000000   Code   RO         3071    .ARM.Collect$$libinit$$00000030  c_w.l(libinit2.o)
    0x00000142   0x00000142   0x00000000   Code   RO         3073    .ARM.Collect$$libinit$$00000032  c_w.l(libinit2.o)
    0x00000142   0x00000142   0x00000002   Code   RO         3074    .ARM.Collect$$libinit$$00000033  c_w.l(libinit2.o)
    0x00000144   0x00000144   0x00000002   Code   RO         3020    .ARM.Collect$$libshutdown$$00000000  c_w.l(libshutdown.o)
    0x00000146   0x00000146   0x00000000   Code   RO         3076    .ARM.Collect$$libshutdown$$00000002  c_w.l(libshutdown2.o)
    0x00000146   0x00000146   0x00000000   Code   RO         3078    .ARM.Collect$$libshutdown$$00000004  c_w.l(libshutdown2.o)
    0x00000146   0x00000146   0x00000000   Code   RO         3081    .ARM.Collect$$libshutdown$$00000007  c_w.l(libshutdown2.o)
    0x00000146   0x00000146   0x00000000   Code   RO         3084    .ARM.Collect$$libshutdown$$0000000A  c_w.l(libshutdown2.o)
    0x00000146   0x00000146   0x00000000   Code   RO         3086    .ARM.Collect$$libshutdown$$0000000C  c_w.l(libshutdown2.o)
    0x00000146   0x00000146   0x00000000   Code   RO         3089    .ARM.Collect$$libshutdown$$0000000F  c_w.l(libshutdown2.o)
    0x00000146   0x00000146   0x00000002   Code   RO         3090    .ARM.Collect$$libshutdown$$00000010  c_w.l(libshutdown2.o)
    0x00000148   0x00000148   0x00000000   Code   RO         2974    .ARM.Collect$$rtentry$$00000000  c_w.l(__rtentry.o)
    0x00000148   0x00000148   0x00000000   Code   RO         2982    .ARM.Collect$$rtentry$$00000002  c_w.l(__rtentry2.o)
    0x00000148   0x00000148   0x00000006   Code   RO         2994    .ARM.Collect$$rtentry$$00000004  c_w.l(__rtentry4.o)
    0x0000014e   0x0000014e   0x00000000   Code   RO         2984    .ARM.Collect$$rtentry$$00000009  c_w.l(__rtentry2.o)
    0x0000014e   0x0000014e   0x00000004   Code   RO         2985    .ARM.Collect$$rtentry$$0000000A  c_w.l(__rtentry2.o)
    0x00000152   0x00000152   0x00000008   Code   RO         2986    .ARM.Collect$$rtentry$$0000000B  c_w.l(__rtentry2.o)
    0x0000015a   0x0000015a   0x00000008   Code   RO         2988    .ARM.Collect$$rtentry$$0000000D  c_w.l(__rtentry2.o)
    0x00000162   0x00000162   0x00000002   Code   RO         2975    .ARM.Collect$$rtexit$$00000000  c_w.l(rtexit.o)
    0x00000164   0x00000164   0x00000000   Code   RO         2997    .ARM.Collect$$rtexit$$00000002  c_w.l(rtexit2.o)
    0x00000164   0x00000164   0x00000004   Code   RO         2998    .ARM.Collect$$rtexit$$00000003  c_w.l(rtexit2.o)
    0x00000168   0x00000168   0x00000006   Code   RO         2999    .ARM.Collect$$rtexit$$00000004  c_w.l(rtexit2.o)
    0x0000016e   0x0000016e   0x00000002   PAD
    0x00000170   0x00000170   0x0000001c   Code   RO         1115    .emb_text           rtx_conf_cm.o
    0x0000018c   0x0000018c   0x00000130   Code   RO         2944    .emb_text           RTX_CM3.lib(hal_cm3.o)
    0x000002bc   0x000002bc   0x0000003c   Code   RO         1704  * .text               startup_lpc17xx.o
    0x000002f8   0x000002f8   0x00000002   Code   RO         3021    .text               c_w.l(use_no_semi.o)
    0x000002fa   0x000002fa   0x00000000   Code   RO         3023    .text               c_w.l(indicate_semi.o)
    0x000002fa   0x000002fa   0x00000002   Code   RO         2491    i.os_tick_irqack    RTX_CM3.lib(rt_system.o)
    0x000002fc   0x000002fc   0x00000004   Code   RO         1703    .ARM.__at_0x02FC    startup_lpc17xx.o
    0x00000300   0x00000300   0x00000008   Code   RO         2959    .text               c_w.l(libspace.o)
    0x00000308   0x00000308   0x00000012   Code   RO         2966    .text               c_w.l(exit.o)
    0x0000031a   0x0000031a   0x0000004e   Code   RO         2968    .text               c_w.l(rt_memclr_w.o)
    0x00000368   0x00000368   0x00000006   Code   RO         2970    .text               c_w.l(heapauxi.o)
    0x0000036e   0x0000036e   0x00000002   PAD
    0x00000370   0x00000370   0x0000000c   Code   RO         3005    .text               c_w.l(sys_exit.o)
    0x0000037c   0x0000037c   0x0000004a   Code   RO         3007    .text               c_w.l(sys_stackheap_outer.o)
    0x000003c6   0x000003c6   0x00000002   PAD
    0x000003c8   0x000003c8   0x00000004   Code   RO         2954    SVC_TABLE           RTX_CM3.lib(svc_table.o)
    0x000003cc   0x000003cc   0x00000020   Code   RO         1523    i.Clear_Channel_active_flag  gpdma_lpc17xx.o
    0x000003ec   0x000003ec   0x00000180   Code   RO         1524    i.DMA_IRQHandler    gpdma_lpc17xx.o
    0x0000056c   0x0000056c   0x00000030   Code   RO           57    i.GLCD_ClearScreen  glcd_mcb1700.o
    0x0000059c   0x0000059c   0x000000d0   Code   RO           60    i.GLCD_DrawChar     glcd_mcb1700.o
    0x0000066c   0x0000066c   0x0000002c   Code   RO           64    i.GLCD_DrawString   glcd_mcb1700.o
    0x00000698   0x00000698   0x000005b6   Code   RO           68    i.GLCD_Initialize   glcd_mcb1700.o
    0x00000c4e   0x00000c4e   0x00000002   PAD
    0x00000c50   0x00000c50   0x00000010   Code   RO           69    i.GLCD_SetBackgroundColor  glcd_mcb1700.o
    0x00000c60   0x00000c60   0x00000010   Code   RO           70    i.GLCD_SetFont      glcd_mcb1700.o
    0x00000c70   0x00000c70   0x00000010   Code   RO           71    i.GLCD_SetForegroundColor  glcd_mcb1700.o
    0x00000c80   0x00000c80   0x000000ac   Code   RO           72    i.GLCD_SetWindow    glcd_mcb1700.o
    0x00000d2c   0x00000d2c   0x00000012   Code   RO           75    i.GLCD_WindowMax    glcd_mcb1700.o
    0x00000d3e   0x00000d3e   0x00000002   PAD
    0x00000d40   0x00000d40   0x000000f4   Code   RO         1525    i.GPDMA_ChannelConfigure  gpdma_lpc17xx.o
    0x00000e34   0x00000e34   0x00000030   Code   RO         1526    i.GPDMA_ChannelDisable  gpdma_lpc17xx.o
    0x00000e64   0x00000e64   0x00000030   Code   RO         1528    i.GPDMA_ChannelGetCount  gpdma_lpc17xx.o
    0x00000e94   0x00000e94   0x000000b0   Code   RO         1530    i.GPDMA_Initialize  gpdma_lpc17xx.o
    0x00000f44   0x00000f44   0x00000044   Code   RO         1531    i.GPDMA_PeripheralSelect  gpdma_lpc17xx.o
    0x00000f88   0x00000f88   0x00000080   Code   RO         1532    i.GPDMA_Uninitialize  gpdma_lpc17xx.o
    0x00001008   0x00001008   0x00000020   Code   RO         1613    i.GPIO_PinRead      gpio_lpc17xx.o
    0x00001028   0x00001028   0x00000028   Code   RO         1614    i.GPIO_PinWrite     gpio_lpc17xx.o
    0x00001050   0x00001050   0x0000002c   Code   RO         1615    i.GPIO_PortClock    gpio_lpc17xx.o
    0x0000107c   0x0000107c   0x00000038   Code   RO         1618    i.GPIO_SetDir       gpio_lpc17xx.o
    0x000010b4   0x000010b4   0x00000050   Code   RO         1176    i.GetSPIClockFreq   spi_lpc17xx.o
    0x00001104   0x00001104   0x00000044   Code   RO         1286    i.GetSSPClockFreq   ssp_lpc17xx.o
    0x00001148   0x00001148   0x0000005c   Code   RO          291    i.Joystick_GetState  joystick_mcb1700.o
    0x000011a4   0x000011a4   0x00000048   Code   RO          292    i.Joystick_Initialize  joystick_mcb1700.o
    0x000011ec   0x000011ec   0x000000fc   Code   RO         1667    i.PIN_Configure     pin_lpc17xx.o
    0x000012e8   0x000012e8   0x000005e8   Code   RO         1177    i.SPI_Control       spi_lpc17xx.o
    0x000018d0   0x000018d0   0x0000000c   Code   RO         1178    i.SPI_GetCapabilities  spi_lpc17xx.o
    0x000018dc   0x000018dc   0x00000020   Code   RO         1179    i.SPI_GetDataCount  spi_lpc17xx.o
    0x000018fc   0x000018fc   0x00000068   Code   RO         1180    i.SPI_GetStatus     spi_lpc17xx.o
    0x00001964   0x00001964   0x00000010   Code   RO         1181    i.SPI_GetVersion    spi_lpc17xx.o
    0x00001974   0x00001974   0x00000208   Code   RO         1182    i.SPI_IRQHandler    spi_lpc17xx.o
    0x00001b7c   0x00001b7c   0x000000c8   Code   RO         1183    i.SPI_Initialize    spi_lpc17xx.o
    0x00001c44   0x00001c44   0x000001d0   Code   RO         1184    i.SPI_PowerControl  spi_lpc17xx.o
    0x00001e14   0x00001e14   0x000000b8   Code   RO         1185    i.SPI_Receive       spi_lpc17xx.o
    0x00001ecc   0x00001ecc   0x00000118   Code   RO         1186    i.SPI_Send          spi_lpc17xx.o
    0x00001fe4   0x00001fe4   0x00000118   Code   RO         1187    i.SPI_Transfer      spi_lpc17xx.o
    0x000020fc   0x000020fc   0x0000009c   Code   RO         1188    i.SPI_Uninitialize  spi_lpc17xx.o
    0x00002198   0x00002198   0x00000018   Code   RO         1287    i.SSP0_Control      ssp_lpc17xx.o
    0x000021b0   0x000021b0   0x00000014   Code   RO         1288    i.SSP0_GPDMA_Rx_SignalEvent  ssp_lpc17xx.o
    0x000021c4   0x000021c4   0x00000014   Code   RO         1289    i.SSP0_GPDMA_Tx_SignalEvent  ssp_lpc17xx.o
    0x000021d8   0x000021d8   0x00000010   Code   RO         1290    i.SSP0_GetDataCount  ssp_lpc17xx.o
    0x000021e8   0x000021e8   0x00000010   Code   RO         1291    i.SSP0_GetStatus    ssp_lpc17xx.o
    0x000021f8   0x000021f8   0x00000010   Code   RO         1292    i.SSP0_IRQHandler   ssp_lpc17xx.o
    0x00002208   0x00002208   0x00000014   Code   RO         1293    i.SSP0_Initialize   ssp_lpc17xx.o
    0x0000221c   0x0000221c   0x00000014   Code   RO         1294    i.SSP0_PowerControl  ssp_lpc17xx.o
    0x00002230   0x00002230   0x00000018   Code   RO         1295    i.SSP0_Receive      ssp_lpc17xx.o
    0x00002248   0x00002248   0x00000018   Code   RO         1296    i.SSP0_Send         ssp_lpc17xx.o
    0x00002260   0x00002260   0x0000001c   Code   RO         1297    i.SSP0_Transfer     ssp_lpc17xx.o
    0x0000227c   0x0000227c   0x00000010   Code   RO         1298    i.SSP0_Uninitialize  ssp_lpc17xx.o
    0x0000228c   0x0000228c   0x00000018   Code   RO         1299    i.SSP1_Control      ssp_lpc17xx.o
    0x000022a4   0x000022a4   0x00000014   Code   RO         1300    i.SSP1_GPDMA_Rx_SignalEvent  ssp_lpc17xx.o
    0x000022b8   0x000022b8   0x00000014   Code   RO         1301    i.SSP1_GPDMA_Tx_SignalEvent  ssp_lpc17xx.o
    0x000022cc   0x000022cc   0x00000010   Code   RO         1302    i.SSP1_GetDataCount  ssp_lpc17xx.o
    0x000022dc   0x000022dc   0x00000010   Code   RO         1303    i.SSP1_GetStatus    ssp_lpc17xx.o
    0x000022ec   0x000022ec   0x00000010   Code   RO         1304    i.SSP1_IRQHandler   ssp_lpc17xx.o
    0x000022fc   0x000022fc   0x00000014   Code   RO         1305    i.SSP1_Initialize   ssp_lpc17xx.o
    0x00002310   0x00002310   0x00000014   Code   RO         1306    i.SSP1_PowerControl  ssp_lpc17xx.o
    0x00002324   0x00002324   0x00000018   Code   RO         1307    i.SSP1_Receive      ssp_lpc17xx.o
    0x0000233c   0x0000233c   0x00000018   Code   RO         1308    i.SSP1_Send         ssp_lpc17xx.o
    0x00002354   0x00002354   0x0000001c   Code   RO         1309    i.SSP1_Transfer     ssp_lpc17xx.o
    0x00002370   0x00002370   0x00000010   Code   RO         1310    i.SSP1_Uninitialize  ssp_lpc17xx.o
    0x00002380   0x00002380   0x0000000c   Code   RO         1311    i.SSP_GetCapabilities  ssp_lpc17xx.o
    0x0000238c   0x0000238c   0x00000010   Code   RO         1312    i.SSP_GetVersion    ssp_lpc17xx.o
    0x0000239c   0x0000239c   0x0000051e   Code   RO         1313    i.SSPx_Control      ssp_lpc17xx.o
    0x000028ba   0x000028ba   0x00000036   Code   RO         1314    i.SSPx_GPDMA_Rx_SignalEvent  ssp_lpc17xx.o
    0x000028f0   0x000028f0   0x0000001c   Code   RO         1315    i.SSPx_GPDMA_Tx_SignalEvent  ssp_lpc17xx.o
    0x0000290c   0x0000290c   0x0000002c   Code   RO         1316    i.SSPx_GetDataCount  ssp_lpc17xx.o
    0x00002938   0x00002938   0x0000005a   Code   RO         1317    i.SSPx_GetStatus    ssp_lpc17xx.o
    0x00002992   0x00002992   0x00000104   Code   RO         1318    i.SSPx_IRQHandler   ssp_lpc17xx.o
    0x00002a96   0x00002a96   0x000000a8   Code   RO         1319    i.SSPx_Initialize   ssp_lpc17xx.o
    0x00002b3e   0x00002b3e   0x00000002   PAD
    0x00002b40   0x00002b40   0x000001bc   Code   RO         1320    i.SSPx_PowerControl  ssp_lpc17xx.o
    0x00002cfc   0x00002cfc   0x0000015c   Code   RO         1321    i.SSPx_Receive      ssp_lpc17xx.o
    0x00002e58   0x00002e58   0x00000154   Code   RO         1322    i.SSPx_Send         ssp_lpc17xx.o
    0x00002fac   0x00002fac   0x00000152   Code   RO         1323    i.SSPx_Transfer     ssp_lpc17xx.o
    0x000030fe   0x000030fe   0x00000070   Code   RO         1324    i.SSPx_Uninitialize  ssp_lpc17xx.o
    0x0000316e   0x0000316e   0x00000002   PAD
    0x00003170   0x00003170   0x00000038   Code   RO         1533    i.Set_Channel_active_flag  gpdma_lpc17xx.o
    0x000031a8   0x000031a8   0x00000140   Code   RO         1714    i.SystemInit        system_lpc17xx.o
    0x000032e8   0x000032e8   0x0000001c   Code   RO         1189    i.__NVIC_ClearPendingIRQ  spi_lpc17xx.o
    0x00003304   0x00003304   0x0000001c   Code   RO         1325    i.__NVIC_ClearPendingIRQ  ssp_lpc17xx.o
    0x00003320   0x00003320   0x0000001c   Code   RO         1534    i.__NVIC_ClearPendingIRQ  gpdma_lpc17xx.o
    0x0000333c   0x0000333c   0x00000046   Code   RO         2843    i._init_box         RTX_CM3.lib(rt_membox.o)
    0x00003382   0x00003382   0x00000002   PAD
    0x00003384   0x00003384   0x00000020   Code   RO         1117    i._mutex_acquire    rtx_conf_cm.o
    0x000033a4   0x000033a4   0x0000001c   Code   RO         1119    i._mutex_release    rtx_conf_cm.o
    0x000033c0   0x000033c0   0x00000030   Code   RO         2896    i.dbg_init          RTX_CM3.lib(hal_cm.o)
    0x000033f0   0x000033f0   0x00000020   Code   RO         2897    i.dbg_task_notify   RTX_CM3.lib(hal_cm.o)
    0x00003410   0x00003410   0x00000010   Code   RO         2898    i.dbg_task_switch   RTX_CM3.lib(hal_cm.o)
    0x00003420   0x00003420   0x0000002c   Code   RO           76    i.delay_ms          glcd_mcb1700.o
    0x0000344c   0x0000344c   0x0000002a   Code   RO         1749    i.isrMessageGet     RTX_CM3.lib(rt_cmsis.o)
    0x00003476   0x00003476   0x0000002c   Code   RO         1750    i.isrMessagePut     RTX_CM3.lib(rt_cmsis.o)
    0x000034a2   0x000034a2   0x00000002   PAD
    0x000034a4   0x000034a4   0x00000056   Code   RO         2698    i.isr_mbx_receive   RTX_CM3.lib(rt_mailbox.o)
    0x000034fa   0x000034fa   0x0000000e   Code   RO         2699    i.isr_mbx_send      RTX_CM3.lib(rt_mailbox.o)
    0x00003508   0x00003508   0x000001a0   Code   RO            1    i.main              main.o
    0x000036a8   0x000036a8   0x00000024   Code   RO         1754    i.osKernelInitialize  RTX_CM3.lib(rt_cmsis.o)
    0x000036cc   0x000036cc   0x0000006c   Code   RO         1756    i.osKernelStart     RTX_CM3.lib(rt_cmsis.o)
    0x00003738   0x00003738   0x00000018   Code   RO         1765    i.osMessageGet      RTX_CM3.lib(rt_cmsis.o)
    0x00003750   0x00003750   0x0000002c   Code   RO         1782    i.osThreadCreate    RTX_CM3.lib(rt_cmsis.o)
    0x0000377c   0x0000377c   0x00000018   Code   RO         1783    i.osThreadExit      RTX_CM3.lib(rt_cmsis.o)
    0x00003794   0x00003794   0x0000000c   Code   RO         1789    i.osTimerCall       RTX_CM3.lib(rt_cmsis.o)
    0x000037a0   0x000037a0   0x0000002c   Code   RO         1794    i.osTimerThread     RTX_CM3.lib(rt_cmsis.o)
    0x000037cc   0x000037cc   0x00000022   Code   RO         1120    i.os_error          rtx_conf_cm.o
    0x000037ee   0x000037ee   0x00000004   Code   RO         1121    i.os_idle_demon     rtx_conf_cm.o
    0x000037f2   0x000037f2   0x00000002   PAD
    0x000037f4   0x000037f4   0x00000028   Code   RO         2490    i.os_tick_init      RTX_CM3.lib(rt_system.o)
    0x0000381c   0x0000381c   0x00000044   Code   RO           77    i.rd_dat            glcd_mcb1700.o
    0x00003860   0x00003860   0x000000c8   Code   RO           78    i.rd_id_man         glcd_mcb1700.o
    0x00003928   0x00003928   0x00000010   Code   RO           79    i.rd_reg            glcd_mcb1700.o
    0x00003938   0x00003938   0x0000001a   Code   RO         2844    i.rt_alloc_box      RTX_CM3.lib(rt_membox.o)
    0x00003952   0x00003952   0x0000003e   Code   RO         2872    i.rt_alloc_mem      RTX_CM3.lib(rt_memory.o)
    0x00003990   0x00003990   0x00000038   Code   RO         2371    i.rt_block          RTX_CM3.lib(rt_task.o)
    0x000039c8   0x000039c8   0x00000048   Code   RO         2821    i.rt_chk_robin      RTX_CM3.lib(rt_robin.o)
    0x00003a10   0x00003a10   0x00000070   Code   RO         2622    i.rt_dec_dly        RTX_CM3.lib(rt_list.o)
    0x00003a80   0x00003a80   0x00000044   Code   RO         2372    i.rt_dispatch       RTX_CM3.lib(rt_task.o)
    0x00003ac4   0x00003ac4   0x00000050   Code   RO         2583    i.rt_evt_psh        RTX_CM3.lib(rt_event.o)
    0x00003b14   0x00003b14   0x0000002c   Code   RO         2845    i.rt_free_box       RTX_CM3.lib(rt_membox.o)
    0x00003b40   0x00003b40   0x00000028   Code   RO         2873    i.rt_free_mem       RTX_CM3.lib(rt_memory.o)
    0x00003b68   0x00003b68   0x00000028   Code   RO         2623    i.rt_get_first      RTX_CM3.lib(rt_list.o)
    0x00003b90   0x00003b90   0x00000008   Code   RO         1799    i.rt_id2obj         RTX_CM3.lib(rt_cmsis.o)
    0x00003b98   0x00003b98   0x00000048   Code   RO         2373    i.rt_init_context   RTX_CM3.lib(rt_task.o)
    0x00003be0   0x00003be0   0x0000001a   Code   RO         2874    i.rt_init_mem       RTX_CM3.lib(rt_memory.o)
    0x00003bfa   0x00003bfa   0x00000002   PAD
    0x00003bfc   0x00003bfc   0x00000018   Code   RO         2822    i.rt_init_robin     RTX_CM3.lib(rt_robin.o)
    0x00003c14   0x00003c14   0x00000080   Code   RO         2899    i.rt_init_stack     RTX_CM3.lib(hal_cm.o)
    0x00003c94   0x00003c94   0x00000008   Code   RO         2700    i.rt_mbx_check      RTX_CM3.lib(rt_mailbox.o)
    0x00003c9c   0x00003c9c   0x0000001a   Code   RO         2701    i.rt_mbx_init       RTX_CM3.lib(rt_mailbox.o)
    0x00003cb6   0x00003cb6   0x00000002   PAD
    0x00003cb8   0x00003cb8   0x000000f0   Code   RO         2702    i.rt_mbx_psh        RTX_CM3.lib(rt_mailbox.o)
    0x00003da8   0x00003da8   0x000000b4   Code   RO         2704    i.rt_mbx_wait       RTX_CM3.lib(rt_mailbox.o)
    0x00003e5c   0x00003e5c   0x00000044   Code   RO         1800    i.rt_ms2tick        RTX_CM3.lib(rt_cmsis.o)
    0x00003ea0   0x00003ea0   0x000000d8   Code   RO         2457    i.rt_mut_release    RTX_CM3.lib(rt_mutex.o)
    0x00003f78   0x00003f78   0x00000078   Code   RO         2458    i.rt_mut_wait       RTX_CM3.lib(rt_mutex.o)
    0x00003ff0   0x00003ff0   0x0000007c   Code   RO         2494    i.rt_pop_req        RTX_CM3.lib(rt_system.o)
    0x0000406c   0x0000406c   0x00000020   Code   RO         2495    i.rt_psh_req        RTX_CM3.lib(rt_system.o)
    0x0000408c   0x0000408c   0x0000005c   Code   RO         2625    i.rt_psq_enq        RTX_CM3.lib(rt_list.o)
    0x000040e8   0x000040e8   0x00000048   Code   RO         2626    i.rt_put_dly        RTX_CM3.lib(rt_list.o)
    0x00004130   0x00004130   0x00000036   Code   RO         2627    i.rt_put_prio       RTX_CM3.lib(rt_list.o)
    0x00004166   0x00004166   0x00000002   PAD
    0x00004168   0x00004168   0x00000014   Code   RO         2628    i.rt_put_rdy_first  RTX_CM3.lib(rt_list.o)
    0x0000417c   0x0000417c   0x00000034   Code   RO         2629    i.rt_resort_prio    RTX_CM3.lib(rt_list.o)
    0x000041b0   0x000041b0   0x00000006   Code   RO         2900    i.rt_ret_val        RTX_CM3.lib(hal_cm.o)
    0x000041b6   0x000041b6   0x00000008   Code   RO         2901    i.rt_ret_val2       RTX_CM3.lib(hal_cm.o)
    0x000041be   0x000041be   0x00000028   Code   RO         2630    i.rt_rmv_dly        RTX_CM3.lib(rt_list.o)
    0x000041e6   0x000041e6   0x00000002   PAD
    0x000041e8   0x000041e8   0x00000030   Code   RO         2631    i.rt_rmv_list       RTX_CM3.lib(rt_list.o)
    0x00004218   0x00004218   0x00000034   Code   RO         2749    i.rt_sem_psh        RTX_CM3.lib(rt_semaphore.o)
    0x0000424c   0x0000424c   0x00000024   Code   RO         2497    i.rt_stk_check      RTX_CM3.lib(rt_system.o)
    0x00004270   0x00004270   0x00000028   Code   RO         2374    i.rt_switch_req     RTX_CM3.lib(rt_task.o)
    0x00004298   0x00004298   0x000000cc   Code   RO         2375    i.rt_sys_init       RTX_CM3.lib(rt_task.o)
    0x00004364   0x00004364   0x00000078   Code   RO         2376    i.rt_sys_start      RTX_CM3.lib(rt_task.o)
    0x000043dc   0x000043dc   0x00000040   Code   RO         2499    i.rt_systick        RTX_CM3.lib(rt_system.o)
    0x0000441c   0x0000441c   0x00000012   Code   RO         1801    i.rt_tid2ptcb       RTX_CM3.lib(rt_cmsis.o)
    0x0000442e   0x0000442e   0x00000002   PAD
    0x00004430   0x00004430   0x00000034   Code   RO         1802    i.rt_timer_insert   RTX_CM3.lib(rt_cmsis.o)
    0x00004464   0x00004464   0x00000088   Code   RO         2377    i.rt_tsk_create     RTX_CM3.lib(rt_task.o)
    0x000044ec   0x000044ec   0x0000017c   Code   RO         2378    i.rt_tsk_delete     RTX_CM3.lib(rt_task.o)
    0x00004668   0x00004668   0x0000007c   Code   RO         2380    i.rt_tsk_prio       RTX_CM3.lib(rt_task.o)
    0x000046e4   0x000046e4   0x00000010   Code   RO         2381    i.rt_tsk_self       RTX_CM3.lib(rt_task.o)
    0x000046f4   0x000046f4   0x0000002c   Code   RO           80    i.spi_tran          glcd_mcb1700.o
    0x00004720   0x00004720   0x00000088   Code   RO           81    i.spi_tran_man      glcd_mcb1700.o
    0x000047a8   0x000047a8   0x00000070   Code   RO         1805    i.svcKernelInitialize  RTX_CM3.lib(rt_cmsis.o)
    0x00004818   0x00004818   0x00000048   Code   RO         1807    i.svcKernelStart    RTX_CM3.lib(rt_cmsis.o)
    0x00004860   0x00004860   0x00000024   Code   RO         1810    i.svcMessageCreate  RTX_CM3.lib(rt_cmsis.o)
    0x00004884   0x00004884   0x0000003a   Code   RO         1811    i.svcMessageGet     RTX_CM3.lib(rt_cmsis.o)
    0x000048be   0x000048be   0x00000002   PAD
    0x000048c0   0x000048c0   0x0000006c   Code   RO         1825    i.svcThreadCreate   RTX_CM3.lib(rt_cmsis.o)
    0x0000492c   0x0000492c   0x0000001c   Code   RO         1826    i.svcThreadGetId    RTX_CM3.lib(rt_cmsis.o)
    0x00004948   0x00004948   0x00000038   Code   RO         1829    i.svcThreadTerminate  RTX_CM3.lib(rt_cmsis.o)
    0x00004980   0x00004980   0x00000018   Code   RO         1831    i.svcTimerCall      RTX_CM3.lib(rt_cmsis.o)
    0x00004998   0x00004998   0x0000005c   Code   RO         1840    i.sysTimerTick      RTX_CM3.lib(rt_cmsis.o)
    0x000049f4   0x000049f4   0x0000004c   Code   RO           82    i.wr_cmd            glcd_mcb1700.o
    0x00004a40   0x00004a40   0x00000034   Code   RO           84    i.wr_dat_only       glcd_mcb1700.o
    0x00004a74   0x00004a74   0x00000018   Code   RO           85    i.wr_dat_start      glcd_mcb1700.o
    0x00004a8c   0x00004a8c   0x00000014   Code   RO           86    i.wr_dat_stop       glcd_mcb1700.o
    0x00004aa0   0x00004aa0   0x00000090   Code   RO           87    i.wr_reg            glcd_mcb1700.o
    0x00004b30   0x00004b30   0x000018a0   Data   RO           45    .constdata          glcd_fonts.o
    0x000063d0   0x000063d0   0x0000000a   Data   RO          294    .constdata          joystick_mcb1700.o
    0x000063da   0x000063da   0x00000002   PAD
    0x000063dc   0x000063dc   0x00000068   Data   RO         1123    .constdata          rtx_conf_cm.o
    0x00006444   0x00006444   0x0000006c   Data   RO         1191    .constdata          spi_lpc17xx.o
    0x000064b0   0x000064b0   0x000000f0   Data   RO         1327    .constdata          ssp_lpc17xx.o
    0x000065a0   0x000065a0   0x00000020   Data   RO         3131    Region$$Table       anon$$obj.o


    Execution Region ER_RW (Exec base: 0x10000000, Load base: 0x000065c0, Size: 0x00000080, Max: 0xffffffff, ABSOLUTE)

    Exec Addr    Load Addr    Size         Type   Attr      Idx    E Section Name        Object

    0x10000000   0x000065c0   0x00000004   Data   RW            2    .data               main.o
    0x10000004   0x000065c4   0x00000011   Data   RW           88    .data               glcd_mcb1700.o
    0x10000015   0x000065d5   0x00000003   PAD
    0x10000018   0x000065d8   0x00000014   Data   RW         1124    .data               rtx_conf_cm.o
    0x1000002c   0x000065ec   0x0000000c   Data   RW         1192    .data               spi_lpc17xx.o
    0x10000038   0x000065f8   0x00000014   Data   RW         1328    .data               ssp_lpc17xx.o
    0x1000004c   0x0000660c   0x00000008   Data   RW         1536    .data               gpdma_lpc17xx.o
    0x10000054   0x00006614   0x00000004   Data   RW         1715    .data               system_lpc17xx.o
    0x10000058   0x00006618   0x00000008   Data   RW         1843    .data               RTX_CM3.lib(rt_cmsis.o)
    0x10000060   0x00006620   0x00000008   Data   RW         2383    .data               RTX_CM3.lib(rt_task.o)
    0x10000068   0x00006628   0x00000008   Data   RW         2502    .data               RTX_CM3.lib(rt_system.o)
    0x10000070   0x00006630   0x00000004   Data   RW         2792    .data               RTX_CM3.lib(rt_time.o)
    0x10000074   0x00006634   0x00000008   Data   RW         2823    .data               RTX_CM3.lib(rt_robin.o)
    0x1000007c   0x0000663c   0x00000001   Data   RW         2902    .data               RTX_CM3.lib(hal_cm.o)


    Execution Region ER_ZI (Exec base: 0x10000080, Load base: 0x00006640, Size: 0x00000fa8, Max: 0xffffffff, ABSOLUTE)

    Exec Addr    Load Addr    Size         Type   Attr      Idx    E Section Name        Object

    0x10000080        -       0x00000bc8   Zero   RW         1122    .bss                rtx_conf_cm.o
    0x10000c48        -       0x00000028   Zero   RW         1190    .bss                spi_lpc17xx.o
    0x10000c70        -       0x00000050   Zero   RW         1326    .bss                ssp_lpc17xx.o
    0x10000cc0        -       0x000000a0   Zero   RW         1535    .bss                gpdma_lpc17xx.o
    0x10000d60        -       0x00000034   Zero   RW         2382    .bss                RTX_CM3.lib(rt_task.o)
    0x10000d94        -       0x00000030   Zero   RW         2632    .bss                RTX_CM3.lib(rt_list.o)
    0x10000dc4        -       0x00000060   Zero   RW         2960    .bss                c_w.l(libspace.o)
    0x10000e24   0x00006640   0x00000004   PAD
    0x10000e28        -       0x00000000   Zero   RW         1701    HEAP                startup_lpc17xx.o
    0x10000e28        -       0x00000200   Zero   RW         1700    STACK               startup_lpc17xx.o


==============================================================================

Image component sizes


      Code (inc. data)   RO Data    RW Data    ZI Data      Debug   Object Name

         0          0       6304          0          0        728   glcd_fonts.o
      2824        110          0         17          0      36066   glcd_mcb1700.o
      1212         94          0          8        160       8014   gpdma_lpc17xx.o
       172         18          0          0          0       2270   gpio_lpc17xx.o
       164          8         10          0          0       2025   joystick_mcb1700.o
       416        152          0          4          0       5788   main.o
       252          6          0          0          0        796   pin_lpc17xx.o
       126         26        104         20       3016       9675   rtx_conf_cm.o
      3868         86        108         12         40      39114   spi_lpc17xx.o
      4148        176        240         20         80      32858   ssp_lpc17xx.o
        64         26        204          0        512       1216   startup_lpc17xx.o
       320         18          0          4          0       1023   system_lpc17xx.o

    ----------------------------------------------------------------------
     13576        720       7004         88       3808     139573   Object Totals
         0          0         32          0          0          0   (incl. Generated)
        10          0          2          3          0          0   (incl. Padding)

    ----------------------------------------------------------------------

      Code (inc. data)   RO Data    RW Data    ZI Data      Debug   Library Member Name

       238         24          0          1          0       3268   hal_cm.o
       304         36          0          0          0        760   hal_cm3.o
      1110        138          0          8          0      32041   rt_cmsis.o
        80          4          0          0          0        653   rt_event.o
       530         34          0          0         48       8169   rt_list.o
       554         10          0          0          0       3901   rt_mailbox.o
       140          0          0          0          0       1901   rt_membox.o
       128          0          0          0          0       2275   rt_memory.o
       336         14          0          0          0       1631   rt_mutex.o
        96         22          0          8          0       1134   rt_robin.o
        52          4          0          0          0        565   rt_semaphore.o
       298         52          0          8          0       6151   rt_system.o
      1216        174          0          8         52       9565   rt_task.o
         0          0          0          4          0        210   rt_time.o
         4          4          0          0          0        200   svc_table.o
         8          0          0          0          0         68   __main.o
         0          0          0          0          0          0   __rtentry.o
        20          0          0          0          0          0   __rtentry2.o
         6          0          0          0          0          0   __rtentry4.o
        52          8          0          0          0          0   __scatter.o
        26          0          0          0          0          0   __scatter_copy.o
        28          0          0          0          0          0   __scatter_zi.o
        18          0          0          0          0         80   exit.o
         6          0          0          0          0        152   heapauxi.o
         0          0          0          0          0          0   indicate_semi.o
         2          0          0          0          0          0   libinit.o
         2          0          0          0          0          0   libinit2.o
         2          0          0          0          0          0   libshutdown.o
         2          0          0          0          0          0   libshutdown2.o
         8          4          0          0         96         68   libspace.o
        78          0          0          0          0         80   rt_memclr_w.o
         2          0          0          0          0          0   rtexit.o
        10          0          0          0          0          0   rtexit2.o
        12          4          0          0          0         68   sys_exit.o
        74          0          0          0          0         80   sys_stackheap_outer.o
         2          0          0          0          0         68   use_no_semi.o

    ----------------------------------------------------------------------
      5468        532          0         40        200      73088   Library Totals
        24          0          0          3          4          0   (incl. Padding)

    ----------------------------------------------------------------------

      Code (inc. data)   RO Data    RW Data    ZI Data      Debug   Library Name

      5086        516          0         37        100      72424   RTX_CM3.lib
       358         16          0          0         96        664   c_w.l

    ----------------------------------------------------------------------
      5468        532          0         40        200      73088   Library Totals

    ----------------------------------------------------------------------

==============================================================================


      Code (inc. data)   RO Data    RW Data    ZI Data      Debug   

     19044       1252       7004        128       4008     204077   Grand Totals
     19044       1252       7004        128       4008     204077   ELF Image Totals
     19044       1252       7004        128          0          0   ROM Totals

==============================================================================

    Total RO  Size (Code + RO Data)                26048 (  25.44kB)
    Total RW  Size (RW Data + ZI Data)              4136 (   4.04kB)
    Total ROM Size (Code + RO Data + RW Data)      26176 (  25.56kB)

==============================================================================

